#
# There is insufficient memory for the Java Runtime Environment to continue.
# Native memory allocation (mmap) failed to map 15728640 bytes for G1 virtual space
# Possible reasons:
#   The system is out of physical RAM or swap space
#   The process is running with CompressedOops enabled, and the Java Heap may be blocking the growth of the native heap
# Possible solutions:
#   Reduce memory load on the system
#   Increase physical memory or swap space
#   Check if swap backing store is full
#   Decrease Java heap size (-Xmx/-Xms)
#   Decrease number of Java threads
#   Decrease Java thread stack sizes (-Xss)
#   Set larger code cache with -XX:ReservedCodeCacheSize=
#   JVM is running with Unscaled Compressed Oops mode in which the Java heap is
#     placed in the first 4GB address space. The Java Heap base address is the
#     maximum limit for the native heap growth. Please use -XX:HeapBaseMinAddress
#     to set the Java Heap base and to place the Java Heap above 4GB virtual address.
# This output file may be truncated or incomplete.
#
#  Out of Memory Error (os_windows.cpp:3552), pid=17328, tid=14868
#
# JRE version: Java(TM) SE Runtime Environment (17.0.18+8) (build 17.0.18+8-LTS-264)
# Java VM: Java HotSpot(TM) 64-Bit Server VM (17.0.18+8-LTS-264, mixed mode, emulated-client, sharing, tiered, compressed oops, compressed class ptrs, g1 gc, windows-amd64)
# No core dump will be written. Minidumps are not enabled by default on client versions of Windows
#

---------------  S U M M A R Y ------------

Command Line: -XX:TieredStopAtLevel=1 com.ajalkarbill.website.WebsiteApplication

Host: Intel(R) Core(TM) i3-7020U CPU @ 2.30GHz, 4 cores, 3G,  Windows 10 , 64 bit Build 19041 (10.0.19041.5915)
Time: Thu Sep  3 22:10:04 2026 India Standard Time elapsed time: 39.548581 seconds (0d 0h 0m 39s)

---------------  T H R E A D  ---------------

Current thread (0x000001ec36e85320):  VMThread "VM Thread" [stack: 0x000000820f700000,0x000000820f800000] [id=14868]

Stack: [0x000000820f700000,0x000000820f800000]
Native frames: (J=compiled Java code, j=interpreted, Vv=VM code, C=native code)
V  [jvm.dll+0x67ea1a]
V  [jvm.dll+0x7de97b]
V  [jvm.dll+0x7e02be]
V  [jvm.dll+0x7e0943]
V  [jvm.dll+0x247a9f]
V  [jvm.dll+0x67ba19]
V  [jvm.dll+0x670782]
V  [jvm.dll+0x306b70]
V  [jvm.dll+0x306a12]
V  [jvm.dll+0x30e1a6]
V  [jvm.dll+0x35dcce]
V  [jvm.dll+0x35defd]
V  [jvm.dll+0x2ddc48]
V  [jvm.dll+0x2e0cf6]
V  [jvm.dll+0x2eb659]
V  [jvm.dll+0x31e589]
V  [jvm.dll+0x7e514b]
V  [jvm.dll+0x7e5e74]
V  [jvm.dll+0x7e639e]
V  [jvm.dll+0x7e6795]
V  [jvm.dll+0x7e686e]
V  [jvm.dll+0x78fb5a]
V  [jvm.dll+0x67d8f5]
C  [ucrtbase.dll+0x21bb2]
C  [KERNEL32.DLL+0x17374]
C  [ntdll.dll+0x4cc91]

VM_Operation (0x000000820f3ff810): G1Concurrent, mode: safepoint, requested by thread 0x000001ec36e1c420


---------------  P R O C E S S  ---------------

Threads class SMR info:
_java_thread_list=0x000001ec8c833860, length=16, elements={
0x000001ec36dcdfd0, 0x000001ec36e89230, 0x000001ec36e89fb0, 0x000001ec45e20de0,
0x000001ec45e21960, 0x000001ec45e23640, 0x000001ec45e23f00, 0x000001ec45e24870,
0x000001ec45e31690, 0x000001ec8b040c90, 0x000001ec8b04c190, 0x000001ec8bcda010,
0x000001ec8c6ba4b0, 0x000001ec8d928a80, 0x000001ec8c86e850, 0x000001ec8d7e6cf0
}

Java Threads: ( => current thread )
  0x000001ec36dcdfd0 JavaThread "main" [_thread_blocked, id=11260, stack(0x000000820f100000,0x000000820f200000)]
  0x000001ec36e89230 JavaThread "Reference Handler" daemon [_thread_blocked, id=12312, stack(0x000000820f800000,0x000000820f900000)]
  0x000001ec36e89fb0 JavaThread "Finalizer" daemon [_thread_blocked, id=14420, stack(0x000000820f900000,0x000000820fa00000)]
  0x000001ec45e20de0 JavaThread "Signal Dispatcher" daemon [_thread_blocked, id=15052, stack(0x000000820fa00000,0x000000820fb00000)]
  0x000001ec45e21960 JavaThread "Attach Listener" daemon [_thread_blocked, id=13928, stack(0x000000820fb00000,0x000000820fc00000)]
  0x000001ec45e23640 JavaThread "Service Thread" daemon [_thread_blocked, id=12816, stack(0x000000820fc00000,0x000000820fd00000)]
  0x000001ec45e23f00 JavaThread "Monitor Deflation Thread" daemon [_thread_blocked, id=17172, stack(0x000000820fd00000,0x000000820fe00000)]
  0x000001ec45e24870 JavaThread "C1 CompilerThread0" daemon [_thread_blocked, id=13696, stack(0x000000820fe00000,0x000000820ff00000)]
  0x000001ec45e31690 JavaThread "Sweeper thread" daemon [_thread_blocked, id=2300, stack(0x000000820ff00000,0x0000008210000000)]
  0x000001ec8b040c90 JavaThread "Notification Thread" daemon [_thread_blocked, id=8828, stack(0x0000008210000000,0x0000008210100000)]
  0x000001ec8b04c190 JavaThread "Common-Cleaner" daemon [_thread_blocked, id=13388, stack(0x0000008210200000,0x0000008210300000)]
  0x000001ec8bcda010 JavaThread "mysql-cj-abandoned-connection-cleanup" daemon [_thread_blocked, id=1340, stack(0x0000008210600000,0x0000008210700000)]
  0x000001ec8c6ba4b0 JavaThread "HikariPool-1:housekeeper" daemon [_thread_blocked, id=15840, stack(0x0000008210800000,0x0000008210900000)]
  0x000001ec8d928a80 JavaThread "Catalina-utility-1" [_thread_blocked, id=12404, stack(0x0000008210900000,0x0000008210a00000)]
  0x000001ec8c86e850 JavaThread "Catalina-utility-2" [_thread_blocked, id=6324, stack(0x0000008210a00000,0x0000008210b00000)]
  0x000001ec8d7e6cf0 JavaThread "container-0" [_thread_blocked, id=4724, stack(0x0000008210b00000,0x0000008210c00000)]

Other Threads:
=>0x000001ec36e85320 VMThread "VM Thread" [stack: 0x000000820f700000,0x000000820f800000] [id=14868]
  0x000001ec36e243b0 WatcherThread [stack: 0x0000008210100000,0x0000008210200000] [id=12020]
  0x000001ec36e139c0 GCTaskThread "GC Thread#0" [stack: 0x000000820f200000,0x000000820f300000] [id=7520]
  0x000001ec8b6bde90 GCTaskThread "GC Thread#1" [stack: 0x0000008210300000,0x0000008210400000] [id=16560]
  0x000001ec8b6bce10 GCTaskThread "GC Thread#2" [stack: 0x0000008210400000,0x0000008210500000] [id=12800]
  0x000001ec8b6bd910 GCTaskThread "GC Thread#3" [stack: 0x0000008210500000,0x0000008210600000] [id=12348]
  0x000001ec36e1c420 ConcurrentGCThread "G1 Main Marker" [stack: 0x000000820f300000,0x000000820f400000] [id=17140]
  0x000001ec36e1d4e0 ConcurrentGCThread "G1 Conc#0" [stack: 0x000000820f400000,0x000000820f500000] [id=6616]
  0x000001ec36e5c820 ConcurrentGCThread "G1 Refine#0" [stack: 0x000000820f500000,0x000000820f600000] [id=1764]
  0x000001ec36e5d570 ConcurrentGCThread "G1 Service" [stack: 0x000000820f600000,0x000000820f700000] [id=1872]

Threads with active compile tasks:

VM state: at safepoint (normal execution)

VM Mutex/Monitor currently owned by a thread:  ([mutex/lock_event])
[0x000001ec36dca2b0] Threads_lock - owner thread: 0x000001ec36e85320
[0x000001ec36dc9c80] Heap_lock - owner thread: 0x000001ec36e1c420

Heap address: 0x00000000c2000000, size: 992 MB, Compressed Oops mode: 32-bit

CDS archive(s) mapped at: [0x000001ec46000000-0x000001ec46bd0000-0x000001ec46bd0000), size 12386304, SharedBaseAddress: 0x000001ec46000000, ArchiveRelocationMode: 1.
Compressed class space mapped at: 0x000001ec47000000-0x000001ec87000000, reserved size: 1073741824
Narrow klass base: 0x000001ec46000000, Narrow klass shift: 0, Narrow klass range: 0x100000000

GC Precious Log:
 CPUs: 4 total, 4 available
 Memory: 3962M
 Large Page Support: Disabled
 NUMA Support: Disabled
 Compressed Oops: Enabled (32-bit)
 Heap Region Size: 1M
 Heap Min Capacity: 8M
 Heap Initial Capacity: 62M
 Heap Max Capacity: 992M
 Pre-touch: Disabled
 Parallel Workers: 4
 Concurrent Workers: 1
 Concurrent Refinement Workers: 4
 Periodic GC: Disabled

Heap:
 garbage-first heap   total 63488K, used 45221K [0x00000000c2000000, 0x0000000100000000)
  region size 1024K, 11 young (11264K), 3 survivors (3072K)
 Metaspace       used 67308K, committed 67968K, reserved 1114112K
  class space    used 9916K, committed 10240K, reserved 1048576K

Heap Regions: E=young(eden), S=young(survivor), O=old, HS=humongous(starts), HC=humongous(continues), CS=collection set, F=free, OA=open archive, CA=closed archive, TAMS=top-at-mark-start (previous, next)
|   0|0x00000000c2000000, 0x00000000c2100000, 0x00000000c2100000|100%|HS|  |TAMS 0x00000000c2100000, 0x00000000c2000000| Complete 
|   1|0x00000000c2100000, 0x00000000c2200000, 0x00000000c2200000|100%|HS|  |TAMS 0x00000000c2200000, 0x00000000c2100000| Complete 
|   2|0x00000000c2200000, 0x00000000c2300000, 0x00000000c2300000|100%| O|  |TAMS 0x00000000c2300000, 0x00000000c2200000| Untracked 
|   3|0x00000000c2300000, 0x00000000c2400000, 0x00000000c2400000|100%| O|  |TAMS 0x00000000c2400000, 0x00000000c2300000| Untracked 
|   4|0x00000000c2400000, 0x00000000c2500000, 0x00000000c2500000|100%| O|  |TAMS 0x00000000c2500000, 0x00000000c2400000| Untracked 
|   5|0x00000000c2500000, 0x00000000c2600000, 0x00000000c2600000|100%| O|  |TAMS 0x00000000c2600000, 0x00000000c2500000| Untracked 
|   6|0x00000000c2600000, 0x00000000c2700000, 0x00000000c2700000|100%| O|  |TAMS 0x00000000c2700000, 0x00000000c2600000| Untracked 
|   7|0x00000000c2700000, 0x00000000c2800000, 0x00000000c2800000|100%| O|  |TAMS 0x00000000c2800000, 0x00000000c2700000| Updating 
|   8|0x00000000c2800000, 0x00000000c2900000, 0x00000000c2900000|100%| O|  |TAMS 0x00000000c2900000, 0x00000000c2800000| Untracked 
|   9|0x00000000c2900000, 0x00000000c2a00000, 0x00000000c2a00000|100%| O|  |TAMS 0x00000000c2a00000, 0x00000000c2900000| Untracked 
|  10|0x00000000c2a00000, 0x00000000c2b00000, 0x00000000c2b00000|100%| O|  |TAMS 0x00000000c2b00000, 0x00000000c2a00000| Untracked 
|  11|0x00000000c2b00000, 0x00000000c2c00000, 0x00000000c2c00000|100%| O|  |TAMS 0x00000000c2c00000, 0x00000000c2b00000| Updating 
|  12|0x00000000c2c00000, 0x00000000c2d00000, 0x00000000c2d00000|100%| O|  |TAMS 0x00000000c2d00000, 0x00000000c2c00000| Untracked 
|  13|0x00000000c2d00000, 0x00000000c2e00000, 0x00000000c2e00000|100%| O|  |TAMS 0x00000000c2e00000, 0x00000000c2d00000| Updating 
|  14|0x00000000c2e00000, 0x00000000c2f00000, 0x00000000c2f00000|100%| O|  |TAMS 0x00000000c2f00000, 0x00000000c2e00000| Untracked 
|  15|0x00000000c2f00000, 0x00000000c3000000, 0x00000000c3000000|100%| O|  |TAMS 0x00000000c3000000, 0x00000000c2f00000| Untracked 
|  16|0x00000000c3000000, 0x00000000c3100000, 0x00000000c3100000|100%| O|  |TAMS 0x00000000c3100000, 0x00000000c3000000| Updating 
|  17|0x00000000c3100000, 0x00000000c3200000, 0x00000000c3200000|100%| O|  |TAMS 0x00000000c3200000, 0x00000000c3100000| Untracked 
|  18|0x00000000c3200000, 0x00000000c3300000, 0x00000000c3300000|100%| O|  |TAMS 0x00000000c3300000, 0x00000000c3200000| Untracked 
|  19|0x00000000c3300000, 0x00000000c3400000, 0x00000000c3400000|100%| O|  |TAMS 0x00000000c3400000, 0x00000000c3300000| Updating 
|  20|0x00000000c3400000, 0x00000000c3500000, 0x00000000c3500000|100%| O|  |TAMS 0x00000000c3400000, 0x00000000c3400000| Untracked 
|  21|0x00000000c3500000, 0x00000000c3600000, 0x00000000c3600000|100%| O|  |TAMS 0x00000000c3600000, 0x00000000c3500000| Untracked 
|  22|0x00000000c3600000, 0x00000000c3700000, 0x00000000c3700000|100%| O|  |TAMS 0x00000000c3700000, 0x00000000c3600000| Untracked 
|  23|0x00000000c3700000, 0x00000000c3800000, 0x00000000c3800000|100%| O|  |TAMS 0x00000000c3800000, 0x00000000c3700000| Untracked 
|  24|0x00000000c3800000, 0x00000000c3900000, 0x00000000c3900000|100%| O|  |TAMS 0x00000000c3900000, 0x00000000c3800000| Untracked 
|  25|0x00000000c3900000, 0x00000000c3a00000, 0x00000000c3a00000|100%| O|  |TAMS 0x00000000c3a00000, 0x00000000c3900000| Updating 
|  26|0x00000000c3a00000, 0x00000000c3b00000, 0x00000000c3b00000|100%| O|  |TAMS 0x00000000c3b00000, 0x00000000c3a00000| Untracked 
|  27|0x00000000c3b00000, 0x00000000c3c00000, 0x00000000c3c00000|100%| O|  |TAMS 0x00000000c3c00000, 0x00000000c3b00000| Untracked 
|  28|0x00000000c3c00000, 0x00000000c3d00000, 0x00000000c3d00000|100%| O|  |TAMS 0x00000000c3d00000, 0x00000000c3c00000| Untracked 
|  29|0x00000000c3d00000, 0x00000000c3e00000, 0x00000000c3e00000|100%| O|  |TAMS 0x00000000c3e00000, 0x00000000c3d00000| Untracked 
|  30|0x00000000c3e00000, 0x00000000c3f00000, 0x00000000c3f00000|100%| O|  |TAMS 0x00000000c3eeb000, 0x00000000c3e00000| Updating 
|  31|0x00000000c3f00000, 0x00000000c4000000, 0x00000000c4000000|100%| O|  |TAMS 0x00000000c3f00000, 0x00000000c3f00000| Untracked 
|  32|0x00000000c4000000, 0x00000000c4100000, 0x00000000c4100000|100%| O|  |TAMS 0x00000000c4000000, 0x00000000c4000000| Untracked 
|  33|0x00000000c4100000, 0x00000000c4200000, 0x00000000c4200000|100%| O|  |TAMS 0x00000000c4100000, 0x00000000c4100000| Untracked 
|  34|0x00000000c4200000, 0x00000000c4229600, 0x00000000c4300000| 16%| O|  |TAMS 0x00000000c4200000, 0x00000000c4200000| Updating 
|  35|0x00000000c4300000, 0x00000000c4300000, 0x00000000c4400000|  0%| F|  |TAMS 0x00000000c4300000, 0x00000000c4300000| Untracked 
|  36|0x00000000c4400000, 0x00000000c4400000, 0x00000000c4500000|  0%| F|  |TAMS 0x00000000c4400000, 0x00000000c4400000| Untracked 
|  37|0x00000000c4500000, 0x00000000c4500000, 0x00000000c4600000|  0%| F|  |TAMS 0x00000000c4500000, 0x00000000c4500000| Untracked 
|  38|0x00000000c4600000, 0x00000000c4600000, 0x00000000c4700000|  0%| F|  |TAMS 0x00000000c4600000, 0x00000000c4600000| Untracked 
|  39|0x00000000c4700000, 0x00000000c4800000, 0x00000000c4800000|100%| S|CS|TAMS 0x00000000c4700000, 0x00000000c4700000| Complete 
|  40|0x00000000c4800000, 0x00000000c4900000, 0x00000000c4900000|100%| S|CS|TAMS 0x00000000c4800000, 0x00000000c4800000| Complete 
|  41|0x00000000c4900000, 0x00000000c4900000, 0x00000000c4a00000|  0%| F|  |TAMS 0x00000000c4900000, 0x00000000c4900000| Untracked 
|  42|0x00000000c4a00000, 0x00000000c4a00000, 0x00000000c4b00000|  0%| F|  |TAMS 0x00000000c4a00000, 0x00000000c4a00000| Untracked 
|  43|0x00000000c4b00000, 0x00000000c4c00000, 0x00000000c4c00000|100%| S|CS|TAMS 0x00000000c4b00000, 0x00000000c4b00000| Complete 
|  44|0x00000000c4c00000, 0x00000000c4c00000, 0x00000000c4d00000|  0%| F|  |TAMS 0x00000000c4c00000, 0x00000000c4c00000| Untracked 
|  45|0x00000000c4d00000, 0x00000000c4d00000, 0x00000000c4e00000|  0%| F|  |TAMS 0x00000000c4d00000, 0x00000000c4d00000| Untracked 
|  46|0x00000000c4e00000, 0x00000000c4e00000, 0x00000000c4f00000|  0%| F|  |TAMS 0x00000000c4e00000, 0x00000000c4e00000| Untracked 
|  47|0x00000000c4f00000, 0x00000000c4f00000, 0x00000000c5000000|  0%| F|  |TAMS 0x00000000c4f00000, 0x00000000c4f00000| Untracked 
|  48|0x00000000c5000000, 0x00000000c5000000, 0x00000000c5100000|  0%| F|  |TAMS 0x00000000c5000000, 0x00000000c5000000| Untracked 
|  49|0x00000000c5100000, 0x00000000c5100000, 0x00000000c5200000|  0%| F|  |TAMS 0x00000000c5100000, 0x00000000c5100000| Untracked 
|  50|0x00000000c5200000, 0x00000000c5200000, 0x00000000c5300000|  0%| F|  |TAMS 0x00000000c5200000, 0x00000000c5200000| Untracked 
|  51|0x00000000c5300000, 0x00000000c5300000, 0x00000000c5400000|  0%| F|  |TAMS 0x00000000c5300000, 0x00000000c5300000| Untracked 
|  52|0x00000000c5400000, 0x00000000c5400000, 0x00000000c5500000|  0%| F|  |TAMS 0x00000000c5400000, 0x00000000c5400000| Untracked 
|  53|0x00000000c5500000, 0x00000000c5500000, 0x00000000c5600000|  0%| F|  |TAMS 0x00000000c5500000, 0x00000000c5500000| Untracked 
|  54|0x00000000c5600000, 0x00000000c5700000, 0x00000000c5700000|100%| E|  |TAMS 0x00000000c5600000, 0x00000000c5600000| Complete 
|  55|0x00000000c5700000, 0x00000000c5800000, 0x00000000c5800000|100%| E|CS|TAMS 0x00000000c5700000, 0x00000000c5700000| Complete 
|  56|0x00000000c5800000, 0x00000000c5900000, 0x00000000c5900000|100%| E|CS|TAMS 0x00000000c5800000, 0x00000000c5800000| Complete 
|  57|0x00000000c5900000, 0x00000000c5a00000, 0x00000000c5a00000|100%| E|CS|TAMS 0x00000000c5900000, 0x00000000c5900000| Complete 
|  58|0x00000000c5a00000, 0x00000000c5b00000, 0x00000000c5b00000|100%| E|CS|TAMS 0x00000000c5a00000, 0x00000000c5a00000| Complete 
|  59|0x00000000c5b00000, 0x00000000c5c00000, 0x00000000c5c00000|100%| E|CS|TAMS 0x00000000c5b00000, 0x00000000c5b00000| Complete 
|  60|0x00000000c5c00000, 0x00000000c5d00000, 0x00000000c5d00000|100%| E|CS|TAMS 0x00000000c5c00000, 0x00000000c5c00000| Complete 
|  61|0x00000000c5d00000, 0x00000000c5e00000, 0x00000000c5e00000|100%| E|CS|TAMS 0x00000000c5d00000, 0x00000000c5d00000| Complete 

Card table byte_map: [0x000001ec416f0000,0x000001ec418e0000] _byte_map_base: 0x000001ec410e0000

Marking Bits (Prev, Next): (CMBitMap*) 0x000001ec36e13f30, (CMBitMap*) 0x000001ec36e13ef0
 Prev Bits: [0x000001ec42a50000, 0x000001ec439d0000)
 Next Bits: [0x000001ec41ad0000, 0x000001ec42a50000)

Polling page: 0x000001ec34cc0000

Metaspace:

Usage:
  Non-class:     56.05 MB used.
      Class:      9.68 MB used.
       Both:     65.73 MB used.

Virtual space:
  Non-class space:       64.00 MB reserved,      56.38 MB ( 88%) committed,  1 nodes.
      Class space:        1.00 GB reserved,      10.00 MB ( <1%) committed,  1 nodes.
             Both:        1.06 GB reserved,      66.38 MB (  6%) committed. 

Chunk freelists:
   Non-Class:  7.58 MB
       Class:  6.06 MB
        Both:  13.63 MB

MaxMetaspaceSize: unlimited
CompressedClassSpaceSize: 1.00 GB
Initial GC threshold: 21.00 MB
Current GC threshold: 107.31 MB
CDS: on
MetaspaceReclaimPolicy: balanced
 - commit_granule_bytes: 65536.
 - commit_granule_words: 8192.
 - virtual_space_node_default_size: 8388608.
 - enlarge_chunks_in_place: 1.
 - new_chunks_are_fully_committed: 0.
 - uncommit_free_chunks: 1.
 - use_allocation_guard: 0.
 - handle_deallocations: 1.


Internal statistics:

num_allocs_failed_limit: 9.
num_arena_births: 848.
num_arena_deaths: 58.
num_vsnodes_births: 2.
num_vsnodes_deaths: 0.
num_space_committed: 1062.
num_space_uncommitted: 0.
num_chunks_returned_to_freelist: 74.
num_chunks_taken_from_freelist: 3350.
num_chunk_merges: 20.
num_chunk_splits: 2404.
num_chunks_enlarged: 1881.
num_inconsistent_stats: 0.

CodeCache: size=49152Kb used=11571Kb max_used=11571Kb free=37580Kb
 bounds [0x000001ec3e6f0000, 0x000001ec3f240000, 0x000001ec416f0000]
 total_blobs=7455 nmethods=6764 adapters=617
 compilation: enabled
              stopped_count=0, restarted_count=0
 full_count=0

Compilation events (20 events):
Event: 39.135 Thread 0x000001ec45e24870 6755       1       org.antlr.v4.runtime.atn.ActionTransition::isEpsilon (2 bytes)
Event: 39.135 Thread 0x000001ec45e24870 nmethod 6755 0x000001ec3f239f90 code [0x000001ec3f23a120, 0x000001ec3f23a1f8]
Event: 39.138 Thread 0x000001ec45e24870 6756       1       org.antlr.v4.runtime.atn.ActionTransition::getSerializationType (3 bytes)
Event: 39.138 Thread 0x000001ec45e24870 nmethod 6756 0x000001ec3f23a290 code [0x000001ec3f23a420, 0x000001ec3f23a4f8]
Event: 39.222 Thread 0x000001ec45e24870 6757       1       org.antlr.v4.runtime.atn.ATNConfigSet::iterator (8 bytes)
Event: 39.222 Thread 0x000001ec45e24870 nmethod 6757 0x000001ec3f23a590 code [0x000001ec3f23a720, 0x000001ec3f23a8b8]
Event: 39.225 Thread 0x000001ec45e24870 6758       1       org.antlr.v4.runtime.atn.ArrayPredictionContext::getReturnState (7 bytes)
Event: 39.225 Thread 0x000001ec45e24870 nmethod 6758 0x000001ec3f23a990 code [0x000001ec3f23ab20, 0x000001ec3f23ac18]
Event: 39.278 Thread 0x000001ec45e24870 6759       1       org.antlr.v4.runtime.atn.ParserATNSimulator::actionTransition (60 bytes)
Event: 39.279 Thread 0x000001ec45e24870 nmethod 6759 0x000001ec3f23ad10 code [0x000001ec3f23af20, 0x000001ec3f23b238]
Event: 39.323 Thread 0x000001ec45e24870 6760       1       org.antlr.v4.runtime.misc.FlexibleHashMap::expand (151 bytes)
Event: 39.324 Thread 0x000001ec45e24870 nmethod 6760 0x000001ec3f23b490 code [0x000001ec3f23b6a0, 0x000001ec3f23bbb8]
Event: 39.328 Thread 0x000001ec45e24870 6761       1       org.antlr.v4.runtime.atn.ATNConfigSet::<init> (44 bytes)
Event: 39.328 Thread 0x000001ec45e24870 nmethod 6761 0x000001ec3f23bf10 code [0x000001ec3f23c0c0, 0x000001ec3f23c3b8]
Event: 39.328 Thread 0x000001ec45e24870 6762       1       org.antlr.v4.runtime.atn.ATNConfigSet$ConfigHashSet::<init> (8 bytes)
Event: 39.328 Thread 0x000001ec45e24870 nmethod 6762 0x000001ec3f23c510 code [0x000001ec3f23c6a0, 0x000001ec3f23c788]
Event: 39.328 Thread 0x000001ec45e24870 6763       1       org.antlr.v4.runtime.atn.ParserATNSimulator::closure (44 bytes)
Event: 39.328 Thread 0x000001ec45e24870 nmethod 6763 0x000001ec3f23c890 code [0x000001ec3f23ca20, 0x000001ec3f23cb28]
Event: 39.353 Thread 0x000001ec45e24870 6764       1       org.antlr.v4.runtime.misc.FlexibleHashMap::size (5 bytes)
Event: 39.353 Thread 0x000001ec45e24870 nmethod 6764 0x000001ec3f23cc10 code [0x000001ec3f23cda0, 0x000001ec3f23ce78]

GC Heap History (20 events):
Event: 26.657 GC heap before
{Heap before GC invocations=13 (full 0):
 garbage-first heap   total 63488K, used 27289K [0x00000000c2000000, 0x0000000100000000)
  region size 1024K, 4 young (4096K), 3 survivors (3072K)
 Metaspace       used 45121K, committed 45632K, reserved 1114112K
  class space    used 6405K, committed 6656K, reserved 1048576K
}
Event: 26.672 GC heap after
{Heap after GC invocations=14 (full 0):
 garbage-first heap   total 63488K, used 26150K [0x00000000c2000000, 0x0000000100000000)
  region size 1024K, 1 young (1024K), 1 survivors (1024K)
 Metaspace       used 45121K, committed 45632K, reserved 1114112K
  class space    used 6405K, committed 6656K, reserved 1048576K
}
Event: 28.405 GC heap before
{Heap before GC invocations=14 (full 0):
 garbage-first heap   total 63488K, used 47654K [0x00000000c2000000, 0x0000000100000000)
  region size 1024K, 23 young (23552K), 1 survivors (1024K)
 Metaspace       used 49131K, committed 49600K, reserved 1114112K
  class space    used 6972K, committed 7168K, reserved 1048576K
}
Event: 28.414 GC heap after
{Heap after GC invocations=15 (full 0):
 garbage-first heap   total 63488K, used 27350K [0x00000000c2000000, 0x0000000100000000)
  region size 1024K, 2 young (2048K), 2 survivors (2048K)
 Metaspace       used 49131K, committed 49600K, reserved 1114112K
  class space    used 6972K, committed 7168K, reserved 1048576K
}
Event: 30.389 GC heap before
{Heap before GC invocations=15 (full 0):
 garbage-first heap   total 63488K, used 48854K [0x00000000c2000000, 0x0000000100000000)
  region size 1024K, 24 young (24576K), 2 survivors (2048K)
 Metaspace       used 54785K, committed 55232K, reserved 1114112K
  class space    used 7790K, committed 8000K, reserved 1048576K
}
Event: 30.399 GC heap after
{Heap after GC invocations=16 (full 0):
 garbage-first heap   total 63488K, used 28263K [0x00000000c2000000, 0x0000000100000000)
  region size 1024K, 1 young (1024K), 1 survivors (1024K)
 Metaspace       used 54785K, committed 55232K, reserved 1114112K
  class space    used 7790K, committed 8000K, reserved 1048576K
}
Event: 31.592 GC heap before
{Heap before GC invocations=16 (full 0):
 garbage-first heap   total 63488K, used 50791K [0x00000000c2000000, 0x0000000100000000)
  region size 1024K, 23 young (23552K), 1 survivors (1024K)
 Metaspace       used 57229K, committed 57664K, reserved 1114112K
  class space    used 8247K, committed 8448K, reserved 1048576K
}
Event: 31.601 GC heap after
{Heap after GC invocations=17 (full 0):
 garbage-first heap   total 63488K, used 28802K [0x00000000c2000000, 0x0000000100000000)
  region size 1024K, 2 young (2048K), 2 survivors (2048K)
 Metaspace       used 57229K, committed 57664K, reserved 1114112K
  class space    used 8247K, committed 8448K, reserved 1048576K
}
Event: 33.063 GC heap before
{Heap before GC invocations=17 (full 0):
 garbage-first heap   total 63488K, used 42114K [0x00000000c2000000, 0x0000000100000000)
  region size 1024K, 16 young (16384K), 2 survivors (2048K)
 Metaspace       used 60095K, committed 60608K, reserved 1114112K
  class space    used 8673K, committed 8896K, reserved 1048576K
}
Event: 33.073 GC heap after
{Heap after GC invocations=18 (full 0):
 garbage-first heap   total 63488K, used 29460K [0x00000000c2000000, 0x0000000100000000)
  region size 1024K, 3 young (3072K), 3 survivors (3072K)
 Metaspace       used 60095K, committed 60608K, reserved 1114112K
  class space    used 8673K, committed 8896K, reserved 1048576K
}
Event: 35.958 GC heap before
{Heap before GC invocations=19 (full 0):
 garbage-first heap   total 63488K, used 50964K [0x00000000c2000000, 0x0000000100000000)
  region size 1024K, 24 young (24576K), 3 survivors (3072K)
 Metaspace       used 63398K, committed 63936K, reserved 1114112K
  class space    used 9170K, committed 9408K, reserved 1048576K
}
Event: 35.974 GC heap after
{Heap after GC invocations=20 (full 0):
 garbage-first heap   total 63488K, used 30873K [0x00000000c2000000, 0x0000000100000000)
  region size 1024K, 3 young (3072K), 3 survivors (3072K)
 Metaspace       used 63398K, committed 63936K, reserved 1114112K
  class space    used 9170K, committed 9408K, reserved 1048576K
}
Event: 36.090 GC heap before
{Heap before GC invocations=20 (full 0):
 garbage-first heap   total 63488K, used 30873K [0x00000000c2000000, 0x0000000100000000)
  region size 1024K, 4 young (4096K), 3 survivors (3072K)
 Metaspace       used 63569K, committed 64128K, reserved 1114112K
  class space    used 9201K, committed 9472K, reserved 1048576K
}
Event: 36.104 GC heap after
{Heap after GC invocations=21 (full 0):
 garbage-first heap   total 63488K, used 30881K [0x00000000c2000000, 0x0000000100000000)
  region size 1024K, 1 young (1024K), 1 survivors (1024K)
 Metaspace       used 63569K, committed 64128K, reserved 1114112K
  class space    used 9201K, committed 9472K, reserved 1048576K
}
Event: 37.461 GC heap before
{Heap before GC invocations=21 (full 0):
 garbage-first heap   total 63488K, used 51361K [0x00000000c2000000, 0x0000000100000000)
  region size 1024K, 21 young (21504K), 1 survivors (1024K)
 Metaspace       used 65376K, committed 65920K, reserved 1114112K
  class space    used 9487K, committed 9728K, reserved 1048576K
}
Event: 37.466 GC heap after
{Heap after GC invocations=22 (full 0):
 garbage-first heap   total 63488K, used 32085K [0x00000000c2000000, 0x0000000100000000)
  region size 1024K, 2 young (2048K), 2 survivors (2048K)
 Metaspace       used 65376K, committed 65920K, reserved 1114112K
  class space    used 9487K, committed 9728K, reserved 1048576K
}
Event: 38.942 GC heap before
{Heap before GC invocations=23 (full 0):
 garbage-first heap   total 63488K, used 50517K [0x00000000c2000000, 0x0000000100000000)
  region size 1024K, 21 young (21504K), 2 survivors (2048K)
 Metaspace       used 67326K, committed 67904K, reserved 1114112K
  class space    used 9921K, committed 10240K, reserved 1048576K
}
Event: 38.977 GC heap after
{Heap after GC invocations=24 (full 0):
 garbage-first heap   total 63488K, used 33289K [0x00000000c2000000, 0x0000000100000000)
  region size 1024K, 3 young (3072K), 3 survivors (3072K)
 Metaspace       used 67326K, committed 67904K, reserved 1114112K
  class space    used 9921K, committed 10240K, reserved 1048576K
}
Event: 39.241 GC heap before
{Heap before GC invocations=24 (full 0):
 garbage-first heap   total 63488K, used 51721K [0x00000000c2000000, 0x0000000100000000)
  region size 1024K, 21 young (21504K), 3 survivors (3072K)
 Metaspace       used 67340K, committed 67968K, reserved 1114112K
  class space    used 9922K, committed 10240K, reserved 1048576K
}
Event: 39.253 GC heap after
{Heap after GC invocations=25 (full 0):
 garbage-first heap   total 63488K, used 38053K [0x00000000c2000000, 0x0000000100000000)
  region size 1024K, 3 young (3072K), 3 survivors (3072K)
 Metaspace       used 67340K, committed 67968K, reserved 1114112K
  class space    used 9922K, committed 10240K, reserved 1048576K
}

Deoptimization events (4 events):
Event: 26.423 Thread 0x000001ec8c6ba4b0 DEOPT PACKING pc=0x000001ec3e9a7497 sp=0x00000082108fed20
Event: 26.423 Thread 0x000001ec8c6ba4b0 DEOPT UNPACKING pc=0x000001ec3e742b43 sp=0x00000082108fe178 mode 3
Event: 26.423 Thread 0x000001ec36dcdfd0 DEOPT PACKING pc=0x000001ec3ea81e01 sp=0x000000820f1f9e50
Event: 26.423 Thread 0x000001ec36dcdfd0 DEOPT UNPACKING pc=0x000001ec3e742b43 sp=0x000000820f1f92e0 mode 3

Classes unloaded (20 events):
Event: 37.572 Thread 0x000001ec36e85320 Unloading class 0x000001ec47016c00 'java/lang/invoke/LambdaForm$MH+0x000001ec47016c00'
Event: 37.572 Thread 0x000001ec36e85320 Unloading class 0x000001ec47016400 'java/lang/invoke/LambdaForm$MH+0x000001ec47016400'
Event: 37.572 Thread 0x000001ec36e85320 Unloading class 0x000001ec47016000 'java/lang/invoke/LambdaForm$MH+0x000001ec47016000'
Event: 37.572 Thread 0x000001ec36e85320 Unloading class 0x000001ec47015c00 'java/lang/invoke/LambdaForm$MH+0x000001ec47015c00'
Event: 37.572 Thread 0x000001ec36e85320 Unloading class 0x000001ec47015800 'java/lang/invoke/LambdaForm$MH+0x000001ec47015800'
Event: 37.572 Thread 0x000001ec36e85320 Unloading class 0x000001ec47015400 'java/lang/invoke/LambdaForm$MH+0x000001ec47015400'
Event: 37.572 Thread 0x000001ec36e85320 Unloading class 0x000001ec47014c00 'java/lang/invoke/LambdaForm$MH+0x000001ec47014c00'
Event: 37.572 Thread 0x000001ec36e85320 Unloading class 0x000001ec47014400 'java/lang/invoke/LambdaForm$MH+0x000001ec47014400'
Event: 39.371 Thread 0x000001ec36e85320 Unloading class 0x000001ec47396800 'java/lang/invoke/LambdaForm$MH+0x000001ec47396800'
Event: 39.371 Thread 0x000001ec36e85320 Unloading class 0x000001ec47395400 'java/lang/invoke/LambdaForm$MH+0x000001ec47395400'
Event: 39.371 Thread 0x000001ec36e85320 Unloading class 0x000001ec47395000 'java/lang/invoke/LambdaForm$MH+0x000001ec47395000'
Event: 39.371 Thread 0x000001ec36e85320 Unloading class 0x000001ec47394c00 'java/lang/invoke/LambdaForm$MH+0x000001ec47394c00'
Event: 39.371 Thread 0x000001ec36e85320 Unloading class 0x000001ec47394800 'java/lang/invoke/LambdaForm$MH+0x000001ec47394800'
Event: 39.371 Thread 0x000001ec36e85320 Unloading class 0x000001ec472f1c00 'jdk/internal/reflect/GeneratedConstructorAccessor11'
Event: 39.371 Thread 0x000001ec36e85320 Unloading class 0x000001ec472f0000 'jdk/internal/reflect/GeneratedConstructorAccessor10'
Event: 39.371 Thread 0x000001ec36e85320 Unloading class 0x000001ec472e0000 'jdk/internal/reflect/GeneratedConstructorAccessor9'
Event: 39.371 Thread 0x000001ec36e85320 Unloading class 0x000001ec472dc400 'jdk/internal/reflect/GeneratedConstructorAccessor8'
Event: 39.371 Thread 0x000001ec36e85320 Unloading class 0x000001ec472dc000 'jdk/internal/reflect/GeneratedConstructorAccessor7'
Event: 39.371 Thread 0x000001ec36e85320 Unloading class 0x000001ec470db000 'java/lang/invoke/LambdaForm$MH+0x000001ec470db000'
Event: 39.371 Thread 0x000001ec36e85320 Unloading class 0x000001ec470dac00 'java/lang/invoke/LambdaForm$MH+0x000001ec470dac00'

Classes redefined (0 events):
No events

Internal exceptions (20 events):
Event: 32.895 Thread 0x000001ec36dcdfd0 Exception <a 'java/lang/NoSuchMethodError'{0x00000000c5167e60}: 'java.lang.Object java.lang.invoke.DirectMethodHandle$Holder.newInvokeSpecial(java.lang.Object, java.lang.Object, int, java.lang.Object, int, java.lang.Object, java.lang.Object)'> (0x00000000c5167e60) 
thrown [s\open\src\hotspot\share\interpreter\linkResolver.cpp, line 759]
Event: 34.635 Thread 0x000001ec36dcdfd0 Exception <a 'java/lang/NoSuchMethodError'{0x00000000c58133f0}: 'java.lang.Object java.lang.invoke.DirectMethodHandle$Holder.invokeSpecial(java.lang.Object, java.lang.Object, int, java.lang.Object, int)'> (0x00000000c58133f0) 
thrown [s\open\src\hotspot\share\interpreter\linkResolver.cpp, line 759]
Event: 35.035 Thread 0x000001ec36dcdfd0 Exception <a 'java/lang/IncompatibleClassChangeError'{0x00000000c533e0b8}: Found class java.lang.Object, but interface was expected> (0x00000000c533e0b8) 
thrown [s\open\src\hotspot\share\interpreter\linkResolver.cpp, line 826]
Event: 35.209 Thread 0x000001ec36dcdfd0 Exception <a 'java/lang/IncompatibleClassChangeError'{0x00000000c5174900}: Found class java.lang.Object, but interface was expected> (0x00000000c5174900) 
thrown [s\open\src\hotspot\share\interpreter\linkResolver.cpp, line 826]
Event: 35.803 Thread 0x000001ec36dcdfd0 Exception <a 'java/lang/IncompatibleClassChangeError'{0x00000000c4721418}: Found class java.lang.Object, but interface was expected> (0x00000000c4721418) 
thrown [s\open\src\hotspot\share\interpreter\linkResolver.cpp, line 826]
Event: 36.036 Thread 0x000001ec36dcdfd0 Exception <a 'java/lang/reflect/InvocationTargetException'{0x00000000c5d7f460}> (0x00000000c5d7f460) 
thrown [s\open\src\hotspot\share\runtime\reflection.cpp, line 1121]
Event: 36.085 Thread 0x000001ec36dcdfd0 Exception <a 'java/lang/NoSuchMethodError'{0x00000000c5de6800}: 'int java.lang.invoke.DirectMethodHandle$Holder.invokeStatic(java.lang.Object, java.lang.Object, int)'> (0x00000000c5de6800) 
thrown [s\open\src\hotspot\share\interpreter\linkResolver.cpp, line 759]
Event: 36.114 Thread 0x000001ec36dcdfd0 Exception <a 'java/lang/IncompatibleClassChangeError'{0x00000000c5d2a238}: Found class java.lang.Object, but interface was expected> (0x00000000c5d2a238) 
thrown [s\open\src\hotspot\share\interpreter\linkResolver.cpp, line 826]
Event: 36.115 Thread 0x000001ec36dcdfd0 Exception <a 'java/lang/IncompatibleClassChangeError'{0x00000000c5d30e00}: Found class java.lang.Object, but interface was expected> (0x00000000c5d30e00) 
thrown [s\open\src\hotspot\share\interpreter\linkResolver.cpp, line 826]
Event: 36.470 Thread 0x000001ec36dcdfd0 Exception <a 'java/lang/NoSuchMethodError'{0x00000000c5a0b450}: 'java.lang.Object java.lang.invoke.DirectMethodHandle$Holder.invokeStatic(java.lang.Object, int, java.lang.Object)'> (0x00000000c5a0b450) 
thrown [s\open\src\hotspot\share\interpreter\linkResolver.cpp, line 759]
Event: 36.521 Thread 0x000001ec36dcdfd0 Exception <a 'java/lang/reflect/InvocationTargetException'{0x00000000c5a471d8}> (0x00000000c5a471d8) 
thrown [s\open\src\hotspot\share\runtime\reflection.cpp, line 1121]
Event: 36.863 Thread 0x000001ec36dcdfd0 Exception <a 'java/lang/NoSuchMethodError'{0x00000000c5565118}: 'long java.lang.invoke.DirectMethodHandle$Holder.invokeVirtual(java.lang.Object, java.lang.Object)'> (0x00000000c5565118) 
thrown [s\open\src\hotspot\share\interpreter\linkResolver.cpp, line 759]
Event: 36.997 Thread 0x000001ec36dcdfd0 Exception <a 'java/lang/NoSuchMethodError'{0x00000000c5332b78}: 'void java.lang.invoke.DirectMethodHandle$Holder.invokeVirtual(java.lang.Object, java.lang.Object, long)'> (0x00000000c5332b78) 
thrown [s\open\src\hotspot\share\interpreter\linkResolver.cpp, line 759]
Event: 37.127 Thread 0x000001ec36dcdfd0 Exception <a 'java/lang/reflect/InvocationTargetException'{0x00000000c4f64788}> (0x00000000c4f64788) 
thrown [s\open\src\hotspot\share\runtime\reflection.cpp, line 1121]
Event: 37.229 Thread 0x000001ec36dcdfd0 Exception <a 'java/lang/NoSuchMethodError'{0x00000000c4d773f8}: 'int java.lang.invoke.DirectMethodHandle$Holder.invokeStaticInit(java.lang.Object, int, java.lang.Object, java.lang.Object, java.lang.Object, java.lang.Object)'> (0x00000000c4d773f8) 
thrown [s\open\src\hotspot\share\interpreter\linkResolver.cpp, line 759]
Event: 37.514 Thread 0x000001ec36dcdfd0 Exception <a 'java/lang/reflect/InvocationTargetException'{0x00000000c5de5f80}> (0x00000000c5de5f80) 
thrown [s\open\src\hotspot\share\runtime\reflection.cpp, line 1121]
Event: 37.522 Thread 0x000001ec36dcdfd0 Exception <a 'java/lang/reflect/InvocationTargetException'{0x00000000c5df8760}> (0x00000000c5df8760) 
thrown [s\open\src\hotspot\share\runtime\reflection.cpp, line 1121]
Event: 37.528 Thread 0x000001ec36dcdfd0 Exception <a 'java/lang/reflect/InvocationTargetException'{0x00000000c5c06128}> (0x00000000c5c06128) 
thrown [s\open\src\hotspot\share\runtime\reflection.cpp, line 1121]
Event: 37.544 Thread 0x000001ec36dcdfd0 Exception <a 'java/lang/reflect/InvocationTargetException'{0x00000000c5c148b0}> (0x00000000c5c148b0) 
thrown [s\open\src\hotspot\share\runtime\reflection.cpp, line 1121]
Event: 37.584 Thread 0x000001ec36dcdfd0 Exception <a 'java/lang/reflect/InvocationTargetException'{0x00000000c5c4de38}> (0x00000000c5c4de38) 
thrown [s\open\src\hotspot\share\runtime\reflection.cpp, line 1121]

VM Operations (20 events):
Event: 37.204 Executing VM operation: HandshakeAllThreads done
Event: 37.204 Executing VM operation: Cleanup
Event: 37.204 Executing VM operation: Cleanup done
Event: 37.461 Executing VM operation: G1CollectForAllocation
Event: 37.466 Executing VM operation: G1CollectForAllocation done
Event: 37.571 Executing VM operation: G1Concurrent
Event: 37.582 Executing VM operation: G1Concurrent done
Event: 37.640 Executing VM operation: G1Concurrent
Event: 37.647 Executing VM operation: G1Concurrent done
Event: 38.603 Executing VM operation: HandshakeAllThreads
Event: 38.604 Executing VM operation: HandshakeAllThreads done
Event: 38.620 Executing VM operation: HandshakeAllThreads
Event: 38.620 Executing VM operation: HandshakeAllThreads done
Event: 38.920 Executing VM operation: G1CollectForAllocation
Event: 38.982 Executing VM operation: G1CollectForAllocation done
Event: 39.008 Executing VM operation: HandshakeAllThreads
Event: 39.008 Executing VM operation: HandshakeAllThreads done
Event: 39.241 Executing VM operation: G1CollectForAllocation
Event: 39.253 Executing VM operation: G1CollectForAllocation done
Event: 39.370 Executing VM operation: G1Concurrent

Events (20 events):
Event: 36.863 loading class java/nio/channels/CompletionHandler done
Event: 36.924 Thread 0x000001ec8d928a80 Thread added: 0x000001ec8d928a80
Event: 36.928 Thread 0x000001ec8c86e850 Thread added: 0x000001ec8c86e850
Event: 36.968 Thread 0x000001ec8d7e6cf0 Thread added: 0x000001ec8d7e6cf0
Event: 37.241 loading class java/lang/invoke/MethodHandleImpl$CountingWrapper$1
Event: 37.247 loading class java/lang/invoke/MethodHandleImpl$CountingWrapper$1 done
Event: 37.278 loading class sun/reflect/ReflectionFactory
Event: 37.284 loading class sun/reflect/ReflectionFactory done
Event: 37.284 loading class sun/reflect/ReflectionFactory$1
Event: 37.284 loading class sun/reflect/ReflectionFactory$1 done
Event: 37.284 loading class java/io/OptionalDataException
Event: 37.289 loading class java/io/OptionalDataException done
Event: 37.290 loading class jdk/internal/reflect/SerializationConstructorAccessorImpl
Event: 37.297 loading class jdk/internal/reflect/SerializationConstructorAccessorImpl done
Event: 37.815 loading class java/util/EmptyStackException
Event: 37.820 loading class java/util/EmptyStackException done
Event: 38.533 loading class java/io/InvalidClassException
Event: 38.539 loading class java/io/InvalidClassException done
Event: 38.593 loading class java/util/ArrayList$ListItr
Event: 38.597 loading class java/util/ArrayList$ListItr done


Dynamic libraries:
0x00007ff6e6a10000 - 0x00007ff6e6a20000 	C:\Program Files\Java\jdk-17.0.18\bin\java.exe
0x00007ffb0f710000 - 0x00007ffb0f908000 	C:\WINDOWS\SYSTEM32\ntdll.dll
0x00007ffb0f520000 - 0x00007ffb0f5e2000 	C:\WINDOWS\System32\KERNEL32.DLL
0x00007ffb0ce50000 - 0x00007ffb0d146000 	C:\WINDOWS\System32\KERNELBASE.dll
0x00007ffb0d150000 - 0x00007ffb0d250000 	C:\WINDOWS\System32\ucrtbase.dll
0x00007ffb027d0000 - 0x00007ffb027e9000 	C:\Program Files\Java\jdk-17.0.18\bin\jli.dll
0x00007ffb0eab0000 - 0x00007ffb0eb61000 	C:\WINDOWS\System32\ADVAPI32.dll
0x00007ffb0de20000 - 0x00007ffb0debe000 	C:\WINDOWS\System32\msvcrt.dll
0x00007ffb0d7c0000 - 0x00007ffb0d85f000 	C:\WINDOWS\System32\sechost.dll
0x00007ffb0df50000 - 0x00007ffb0e070000 	C:\WINDOWS\System32\RPCRT4.dll
0x00007ffb0d250000 - 0x00007ffb0d277000 	C:\WINDOWS\System32\bcrypt.dll
0x00007ffb0e530000 - 0x00007ffb0e6d1000 	C:\WINDOWS\System32\USER32.dll
0x00007ffb0d2d0000 - 0x00007ffb0d2f2000 	C:\WINDOWS\System32\win32u.dll
0x00007ffb0df20000 - 0x00007ffb0df4b000 	C:\WINDOWS\System32\GDI32.dll
0x00007ffb0d300000 - 0x00007ffb0d419000 	C:\WINDOWS\System32\gdi32full.dll
0x00007ffb0d610000 - 0x00007ffb0d6ad000 	C:\WINDOWS\System32\msvcp_win.dll
0x00007ffaffaa0000 - 0x00007ffaffd3b000 	C:\WINDOWS\WinSxS\amd64_microsoft.windows.common-controls_6595b64144ccf1df_6.0.19041.6456_none_60b8a6cb71f64256\COMCTL32.dll
0x00007ffb07a00000 - 0x00007ffb07a0a000 	C:\WINDOWS\SYSTEM32\VERSION.dll
0x00007ffb02720000 - 0x00007ffb0273e000 	C:\Program Files\Java\jdk-17.0.18\bin\VCRUNTIME140.dll
0x00007ffb0f6a0000 - 0x00007ffb0f6cf000 	C:\WINDOWS\System32\IMM32.DLL
0x00007ffb08200000 - 0x00007ffb0820c000 	C:\Program Files\Java\jdk-17.0.18\bin\vcruntime140_1.dll
0x00007ffae7900000 - 0x00007ffae798d000 	C:\Program Files\Java\jdk-17.0.18\bin\msvcp140.dll
0x00007ffacc040000 - 0x00007ffaccc24000 	C:\Program Files\Java\jdk-17.0.18\bin\server\jvm.dll
0x00007ffb0d980000 - 0x00007ffb0d988000 	C:\WINDOWS\System32\PSAPI.DLL
0x00007ffafebe0000 - 0x00007ffafebe9000 	C:\WINDOWS\SYSTEM32\WSOCK32.dll
0x00007ffb0e6e0000 - 0x00007ffb0e74b000 	C:\WINDOWS\System32\WS2_32.dll
0x00007ffafdbe0000 - 0x00007ffafdc07000 	C:\WINDOWS\SYSTEM32\WINMM.dll
0x00007ffb0b5c0000 - 0x00007ffb0b5d2000 	C:\WINDOWS\SYSTEM32\kernel.appcore.dll
0x00007ffb03990000 - 0x00007ffb0399a000 	C:\Program Files\Java\jdk-17.0.18\bin\jimage.dll
0x00007ffb0a930000 - 0x00007ffb0ab31000 	C:\WINDOWS\SYSTEM32\DBGHELP.DLL
0x00007ffaf4fb0000 - 0x00007ffaf4fe4000 	C:\WINDOWS\SYSTEM32\dbgcore.DLL
0x00007ffb0d580000 - 0x00007ffb0d602000 	C:\WINDOWS\System32\bcryptPrimitives.dll
0x00007ffafc400000 - 0x00007ffafc426000 	C:\Program Files\Java\jdk-17.0.18\bin\java.dll
0x00007ffad9960000 - 0x00007ffad9a37000 	C:\Program Files\Java\jdk-17.0.18\bin\jsvml.dll
0x00007ffb0edb0000 - 0x00007ffb0f520000 	C:\WINDOWS\System32\SHELL32.dll
0x00007ffb0adb0000 - 0x00007ffb0b555000 	C:\WINDOWS\SYSTEM32\windows.storage.dll
0x00007ffb0e750000 - 0x00007ffb0eaa4000 	C:\WINDOWS\System32\combase.dll
0x00007ffb0c610000 - 0x00007ffb0c63b000 	C:\WINDOWS\SYSTEM32\Wldp.dll
0x00007ffb0ece0000 - 0x00007ffb0edad000 	C:\WINDOWS\System32\OLEAUT32.dll
0x00007ffb0f5f0000 - 0x00007ffb0f69d000 	C:\WINDOWS\System32\SHCORE.dll
0x00007ffb0e070000 - 0x00007ffb0e0cb000 	C:\WINDOWS\System32\shlwapi.dll
0x00007ffb0ccd0000 - 0x00007ffb0ccf4000 	C:\WINDOWS\SYSTEM32\profapi.dll
0x00007ffafc2f0000 - 0x00007ffafc30b000 	C:\Program Files\Java\jdk-17.0.18\bin\net.dll
0x00007ffb05dc0000 - 0x00007ffb05eca000 	C:\WINDOWS\SYSTEM32\WINHTTP.dll
0x00007ffb0c3f0000 - 0x00007ffb0c45a000 	C:\WINDOWS\system32\mswsock.dll
0x00007ffafc160000 - 0x00007ffafc176000 	C:\Program Files\Java\jdk-17.0.18\bin\nio.dll
0x00007ffaf3e00000 - 0x00007ffaf3e18000 	C:\Program Files\Java\jdk-17.0.18\bin\zip.dll
0x00007ffb035c0000 - 0x00007ffb035ce000 	C:\Program Files\Java\jdk-17.0.18\bin\sunmscapi.dll
0x00007ffb0d420000 - 0x00007ffb0d57d000 	C:\WINDOWS\System32\CRYPT32.dll
0x00007ffb0c760000 - 0x00007ffb0c787000 	C:\WINDOWS\SYSTEM32\ncrypt.dll
0x00007ffb0c720000 - 0x00007ffb0c75b000 	C:\WINDOWS\SYSTEM32\NTASN1.dll
0x00007ffb0c650000 - 0x00007ffb0c668000 	C:\WINDOWS\SYSTEM32\CRYPTSP.dll
0x00007ffb0bd30000 - 0x00007ffb0bd68000 	C:\WINDOWS\system32\rsaenh.dll
0x00007ffb0cc90000 - 0x00007ffb0ccbe000 	C:\WINDOWS\SYSTEM32\USERENV.dll
0x00007ffb0c580000 - 0x00007ffb0c58c000 	C:\WINDOWS\SYSTEM32\CRYPTBASE.dll
0x00007ffb0c0f0000 - 0x00007ffb0c12b000 	C:\WINDOWS\SYSTEM32\IPHLPAPI.DLL
0x00007ffb0d7b0000 - 0x00007ffb0d7b8000 	C:\WINDOWS\System32\NSI.dll
0x00007ffb047e0000 - 0x00007ffb047f7000 	C:\WINDOWS\SYSTEM32\dhcpcsvc6.DLL
0x00007ffb050c0000 - 0x00007ffb050dd000 	C:\WINDOWS\SYSTEM32\dhcpcsvc.DLL
0x00007ffb0c130000 - 0x00007ffb0c1fa000 	C:\WINDOWS\SYSTEM32\DNSAPI.dll
0x00007ffb03550000 - 0x00007ffb0355a000 	C:\Program Files\Java\jdk-17.0.18\bin\management.dll
0x00007ffb034a0000 - 0x00007ffb034ac000 	C:\Program Files\Java\jdk-17.0.18\bin\management_ext.dll
0x00007ffb03910000 - 0x00007ffb03920000 	C:\Program Files\Java\jdk-17.0.18\bin\verify.dll
0x0000000072980000 - 0x00000000729a6000 	C:\Program Files\Bonjour\mdnsNSP.dll
0x00007ffb00ec0000 - 0x00007ffb00eca000 	C:\Windows\System32\rasadhlp.dll
0x00007ffb02b20000 - 0x00007ffb02ba0000 	C:\WINDOWS\System32\fwpuclnt.dll

dbghelp: loaded successfully - version: 4.0.5 - missing functions: none
symbol engine: initialized successfully - sym options: 0x614 - pdb path: .;C:\Program Files\Java\jdk-17.0.18\bin;C:\WINDOWS\SYSTEM32;C:\WINDOWS\WinSxS\amd64_microsoft.windows.common-controls_6595b64144ccf1df_6.0.19041.6456_none_60b8a6cb71f64256;C:\Program Files\Java\jdk-17.0.18\bin\server;C:\Program Files\Bonjour

VM Arguments:
jvm_args: -XX:TieredStopAtLevel=1 
java_command: com.ajalkarbill.website.WebsiteApplication
java_class_path (initial): H:\Billing System Project\Ajalkar-Billing-Website\backend\target\classes;C:\Users\Om\.m2\repository\org\springframework\boot\spring-boot\3.5.0\spring-boot-3.5.0.jar;C:\Users\Om\.m2\repository\org\springframework\boot\spring-boot-autoconfigure\3.5.0\spring-boot-autoconfigure-3.5.0.jar;C:\Users\Om\.m2\repository\ch\qos\logback\logback-classic\1.5.18\logback-classic-1.5.18.jar;C:\Users\Om\.m2\repository\ch\qos\logback\logback-core\1.5.18\logback-core-1.5.18.jar;C:\Users\Om\.m2\repository\org\apache\logging\log4j\log4j-to-slf4j\2.24.3\log4j-to-slf4j-2.24.3.jar;C:\Users\Om\.m2\repository\org\apache\logging\log4j\log4j-api\2.24.3\log4j-api-2.24.3.jar;C:\Users\Om\.m2\repository\org\slf4j\jul-to-slf4j\2.0.17\jul-to-slf4j-2.0.17.jar;C:\Users\Om\.m2\repository\jakarta\annotation\jakarta.annotation-api\2.1.1\jakarta.annotation-api-2.1.1.jar;C:\Users\Om\.m2\repository\org\yaml\snakeyaml\2.4\snakeyaml-2.4.jar;C:\Users\Om\.m2\repository\com\zaxxer\HikariCP\6.3.0\HikariCP-6.3.0.jar;C:\Users\Om\.m2\repository\org\springframework\spring-jdbc\6.2.7\spring-jdbc-6.2.7.jar;C:\Users\Om\.m2\repository\org\hibernate\orm\hibernate-core\6.6.15.Final\hibernate-core-6.6.15.Final.jar;C:\Users\Om\.m2\repository\jakarta\persistence\jakarta.persistence-api\3.1.0\jakarta.persistence-api-3.1.0.jar;C:\Users\Om\.m2\repository\jakarta\transaction\jakarta.transaction-api\2.0.1\jakarta.transaction-api-2.0.1.jar;C:\Users\Om\.m2\repository\org\jboss\logging\jboss-logging\3.6.1.Final\jboss-logging-3.6.1.Final.jar;C:\Users\Om\.m2\repository\org\hibernate\common\hibernate-commons-annotations\7.0.3.Final\hibernate-commons-annotations-7.0.3.Final.jar;C:\Users\Om\.m2\repository\io\smallrye\jandex\3.2.0\jandex-3.2.0.jar;C:\Users\Om\.m2\repository\com\fasterxml\classmate\1.7.0\classmate-1.7.0.jar;C:\Users\Om\.m2\repository\net\bytebuddy\byte-buddy\1.17.5\byte-buddy-1.17.5.jar;C:\Users\Om\.m2\repository\org\glassfish\jaxb\jaxb-runtime\4.0.5\jaxb-runtime-4.0.5.jar;C:\Users\Om\.m2\reposit
Launcher Type: SUN_STANDARD

[Global flags]
     intx CICompilerCount                          = 3                                         {product} {ergonomic}
     uint ConcGCThreads                            = 1                                         {product} {ergonomic}
     uint G1ConcRefinementThreads                  = 4                                         {product} {ergonomic}
   size_t G1HeapRegionSize                         = 1048576                                   {product} {ergonomic}
    uintx GCDrainStackTargetSize                   = 64                                        {product} {ergonomic}
   size_t InitialHeapSize                          = 65011712                                  {product} {ergonomic}
   size_t MarkStackSize                            = 4194304                                   {product} {ergonomic}
   size_t MaxHeapSize                              = 1040187392                                {product} {ergonomic}
   size_t MaxNewSize                               = 623902720                                 {product} {ergonomic}
   size_t MinHeapDeltaBytes                        = 1048576                                   {product} {ergonomic}
   size_t MinHeapSize                              = 8388608                                   {product} {ergonomic}
    uintx NonProfiledCodeHeapSize                  = 0                                      {pd product} {ergonomic}
     bool ProfileInterpreter                       = false                                  {pd product} {command line}
    uintx ProfiledCodeHeapSize                     = 0                                      {pd product} {ergonomic}
   size_t SoftMaxHeapSize                          = 1040187392                             {manageable} {ergonomic}
     intx TieredStopAtLevel                        = 1                                         {product} {command line}
     bool UseCompressedClassPointers               = true                           {product lp64_product} {ergonomic}
     bool UseCompressedOops                        = true                           {product lp64_product} {ergonomic}
     bool UseG1GC                                  = true                                      {product} {ergonomic}
     bool UseLargePagesIndividualAllocation        = false                                  {pd product} {ergonomic}

Logging:
Log output configuration:
 #0: stdout all=warning uptime,level,tags
 #1: stderr all=off uptime,level,tags

Environment Variables:
JAVA_HOME=C:\Program Files\Java\jdk-17.0.18
PATH=C:\Program Files\Common Files\Oracle\Java\javapath;C:\Program Files\Eclipse Adoptium\jdk-21.0.10.7-hotspot\bin;E:\apache-maven-3.9.11\bin;C:\Program Files (x86)\Common Files\Oracle\Java\java8path;C:\Program Files (x86)\Common Files\Oracle\Java\javapath;C:\Python313\Scripts\;C:\Python313\;C:\WINDOWS\system32;C:\WINDOWS;C:\WINDOWS\System32\Wbem;C:\WINDOWS\System32\WindowsPowerShell\v1.0\;C:\WINDOWS\System32\OpenSSH\;F:\MongoDB\mongosh-2.3.3-win32-x64\mongosh-2.3.3-win32-x64\bin;C:\Program Files\Microsoft SQL Server\150\Tools\Binn\;C:\Program Files\MySQL\MySQL Server 8.0\bin;C:\Program Files\Git\cmd;C:\Program Files\nodejs\;C:\ProgramData\chocolatey\bin;C:\Program Files\nodejs;C:\Users\Om\AppData\Roaming\npm;D:\TypeScript\codes;C:\Program Files (x86)\Windows Kits\10\Windows Performance Toolkit\;C:\Program Files\Java\jdk-17\bin;C:\Program Files\Eclipse Adoptium\jre-11.0.28.6-hotspot\bin;C:\Program Files\Eclipse Adoptium\jdk-11.0.28.6-hotspot\bin;C:\Program Files\Amazon\AWSCLI\bin\;C:\Program Files\PuTTY\;C:\Program Files\Java\jdk-17\bin;C:\Program Files\Java\jdk1.8.0_111\bin;C:\Python313\Scripts\;C:\Python313\;C:\ProgramData\Oracle\Java\javapath;C:\app\Om\product\21c\dbhomeXE\bin;C:\WINDOWS\system32;C:\WINDOWS;C:\WINDOWS\System32\Wbem;C:\WINDOWS\System32\WindowsPowerShell\v1.0\;C:\WINDOWS\System32\OpenSSH\;F:\MongoDB\mongosh-2.3.3-win32-x64\mongosh-2.3.3-win32-x64\bin;C:\Program Files\Microsoft SQL Server\150\Tools\Binn\;C:\Program Files\MySQL\MySQL Server 8.0\bin;C:\Program Files\Git\cmd;C:\Program Files\nodejs\;C:\ProgramData\chocolatey\bin;C:\Program Files\nodejs;C:\Users\Om\AppData\Roaming\npm;D:\TypeScript\codes;C:\Program Files (x86)\Windows Kits\10\Windows Performance Toolkit\;E:\apache-maven-3.9.11\bin;C:\Program Files\MySQL\MySQL Shell 8.0\bin\;C:\Users\Om\AppData\Local\Microsoft\WindowsApps;C:\Users\Om\AppData\Local\Programs\Microsoft VS Code\bin;C:\Users\Om\AppData\Roaming\npm;C:\Users\Om\AppData\Local\Programs\Windsurf\bin;C:\Program Files\Java\jdk1.8.0_11
USERNAME=Om
LANG=en_US.UTF-8
OS=Windows_NT
PROCESSOR_IDENTIFIER=Intel64 Family 6 Model 142 Stepping 9, GenuineIntel



---------------  S Y S T E M  ---------------

OS:
 Windows 10 , 64 bit Build 19041 (10.0.19041.5915)
OS uptime: 0 days 6:08 hours
Hyper-V role detected

CPU: total 4 (initial active 4) (2 cores per cpu, 2 threads per core) family 6 model 142 stepping 9 microcode 0xb4, cx8, cmov, fxsr, ht, mmx, 3dnowpref, sse, sse2, sse3, ssse3, sse4.1, sse4.2, popcnt, lzcnt, tsc, tscinvbit, avx, avx2, aes, erms, clmul, bmi1, bmi2, adx, fma, vzeroupper, clflush, clflushopt, hv

Memory: 4k page, system-wide physical 3962M (130M free)
TotalPageFile size 16250M (AvailPageFile size 109M)
current process WorkingSet (physical memory assigned to process): 196M, peak: 198M
current process commit charge ("private bytes"): 239M, peak: 254M

vm_info: Java HotSpot(TM) 64-Bit Server VM (17.0.18+8-LTS-264) for windows-amd64 JRE (17.0.18+8-LTS-264), built on Dec 18 2025 09:51:58 by "mach5run" with MS VC++ 17.13 (VS2022)

END.
