#
# There is insufficient memory for the Java Runtime Environment to continue.
# Native memory allocation (mmap) failed to map 230686720 bytes for G1 virtual space
# Possible reasons:
#   The system is out of physical RAM or swap space
#   The process is running with CompressedOops enabled, and the Java Heap may be blocking the growth of the native heap
# Possible solutions:
#   Reduce memory load on the system
#   Increase physical memory or swap space
#   Check if swap backing store is full
#   Decrease Java heap size (-Xmx/-Xms)
#   Decrease number of Java threads
#   Decrease Java thread stack sizes (-Xss)
#   Set larger code cache with -XX:ReservedCodeCacheSize=
#   JVM is running with Unscaled Compressed Oops mode in which the Java heap is
#     placed in the first 4GB address space. The Java Heap base address is the
#     maximum limit for the native heap growth. Please use -XX:HeapBaseMinAddress
#     to set the Java Heap base and to place the Java Heap above 4GB virtual address.
# This output file may be truncated or incomplete.
#
#  Out of Memory Error (os_windows.cpp:3552), pid=16824, tid=12968
#
# JRE version: Java(TM) SE Runtime Environment (17.0.18+8) (build 17.0.18+8-LTS-264)
# Java VM: Java HotSpot(TM) 64-Bit Server VM (17.0.18+8-LTS-264, mixed mode, emulated-client, sharing, tiered, compressed oops, compressed class ptrs, g1 gc, windows-amd64)
# No core dump will be written. Minidumps are not enabled by default on client versions of Windows
#

---------------  S U M M A R Y ------------

Command Line: -XX:TieredStopAtLevel=1 com.ajalkarbill.website.WebsiteApplication

Host: Intel(R) Core(TM) i3-7020U CPU @ 2.30GHz, 4 cores, 3G,  Windows 10 , 64 bit Build 19041 (10.0.19041.5915)
Time: Thu Sep  3 22:07:13 2026 India Standard Time elapsed time: 41.683785 seconds (0d 0h 0m 41s)

---------------  T H R E A D  ---------------

Current thread (0x00000209a84d1850):  VMThread "VM Thread" [stack: 0x000000eae0600000,0x000000eae0700000] [id=12968]

Stack: [0x000000eae0600000,0x000000eae0700000]
Native frames: (J=compiled Java code, j=interpreted, Vv=VM code, C=native code)
V  [jvm.dll+0x67ea1a]
V  [jvm.dll+0x7de97b]
V  [jvm.dll+0x7e02be]
V  [jvm.dll+0x7e0943]
V  [jvm.dll+0x247a9f]
V  [jvm.dll+0x67ba19]
V  [jvm.dll+0x670782]
V  [jvm.dll+0x306b70]
V  [jvm.dll+0x306a12]
V  [jvm.dll+0x30e1a6]
V  [jvm.dll+0x35dcce]
V  [jvm.dll+0x35defd]
V  [jvm.dll+0x2ddc48]
V  [jvm.dll+0x2dc089]
V  [jvm.dll+0x2db85c]
V  [jvm.dll+0x31e32b]
V  [jvm.dll+0x7e514b]
V  [jvm.dll+0x7e5e74]
V  [jvm.dll+0x7e639e]
V  [jvm.dll+0x7e6795]
V  [jvm.dll+0x7e686e]
V  [jvm.dll+0x78fb5a]
V  [jvm.dll+0x67d8f5]
C  [ucrtbase.dll+0x21bb2]
C  [KERNEL32.DLL+0x17374]
C  [ntdll.dll+0x4cc91]

VM_Operation (0x000000eae00f7ca0): G1CollectForAllocation, mode: safepoint, requested by thread 0x00000209a636c3a0


---------------  P R O C E S S  ---------------

Threads class SMR info:
_java_thread_list=0x00000209ff07b1a0, length=17, elements={
0x00000209a636c3a0, 0x00000209a84d5c10, 0x00000209a84d6880, 0x00000209a84eb290,
0x00000209a84ecdb0, 0x00000209a84ed760, 0x00000209a84ee110, 0x00000209a84eeac0,
0x00000209b747b9a0, 0x00000209b768e2a0, 0x00000209b7690780, 0x00000209fd041010,
0x00000209fde46f30, 0x00000209fde47400, 0x00000209fde48270, 0x00000209fde478d0,
0x00000209fde49a80
}

Java Threads: ( => current thread )
  0x00000209a636c3a0 JavaThread "main" [_thread_blocked, id=6188, stack(0x000000eae0000000,0x000000eae0100000)]
  0x00000209a84d5c10 JavaThread "Reference Handler" daemon [_thread_blocked, id=628, stack(0x000000eae0700000,0x000000eae0800000)]
  0x00000209a84d6880 JavaThread "Finalizer" daemon [_thread_blocked, id=5164, stack(0x000000eae0800000,0x000000eae0900000)]
  0x00000209a84eb290 JavaThread "Signal Dispatcher" daemon [_thread_blocked, id=792, stack(0x000000eae0900000,0x000000eae0a00000)]
  0x00000209a84ecdb0 JavaThread "Attach Listener" daemon [_thread_blocked, id=15116, stack(0x000000eae0a00000,0x000000eae0b00000)]
  0x00000209a84ed760 JavaThread "Service Thread" daemon [_thread_blocked, id=1924, stack(0x000000eae0b00000,0x000000eae0c00000)]
  0x00000209a84ee110 JavaThread "Monitor Deflation Thread" daemon [_thread_blocked, id=2276, stack(0x000000eae0c00000,0x000000eae0d00000)]
  0x00000209a84eeac0 JavaThread "C1 CompilerThread0" daemon [_thread_blocked, id=11516, stack(0x000000eae0d00000,0x000000eae0e00000)]
  0x00000209b747b9a0 JavaThread "Sweeper thread" daemon [_thread_blocked, id=14180, stack(0x000000eae0e00000,0x000000eae0f00000)]
  0x00000209b768e2a0 JavaThread "Notification Thread" daemon [_thread_blocked, id=7832, stack(0x000000eae0f00000,0x000000eae1000000)]
  0x00000209b7690780 JavaThread "Common-Cleaner" daemon [_thread_blocked, id=2156, stack(0x000000eae1100000,0x000000eae1200000)]
  0x00000209fd041010 JavaThread "C1 CompilerThread1" daemon [_thread_blocked, id=11460, stack(0x000000eae1600000,0x000000eae1700000)]
  0x00000209fde46f30 JavaThread "mysql-cj-abandoned-connection-cleanup" daemon [_thread_blocked, id=13488, stack(0x000000eae1500000,0x000000eae1600000)]
  0x00000209fde47400 JavaThread "HikariPool-1:housekeeper" daemon [_thread_blocked, id=13708, stack(0x000000eae1800000,0x000000eae1900000)]
  0x00000209fde48270 JavaThread "Catalina-utility-1" [_thread_blocked, id=15364, stack(0x000000eae1900000,0x000000eae1a00000)]
  0x00000209fde478d0 JavaThread "Catalina-utility-2" [_thread_blocked, id=13852, stack(0x000000eae1a00000,0x000000eae1b00000)]
  0x00000209fde49a80 JavaThread "container-0" [_thread_blocked, id=10572, stack(0x000000eae1b00000,0x000000eae1c00000)]

Other Threads:
=>0x00000209a84d1850 VMThread "VM Thread" [stack: 0x000000eae0600000,0x000000eae0700000] [id=12968]
  0x00000209a8470cc0 WatcherThread [stack: 0x000000eae1000000,0x000000eae1100000] [id=16792]
  0x00000209a84613b0 GCTaskThread "GC Thread#0" [stack: 0x000000eae0100000,0x000000eae0200000] [id=15820]
  0x00000209fd2cc040 GCTaskThread "GC Thread#1" [stack: 0x000000eae1200000,0x000000eae1300000] [id=8800]
  0x00000209fd35dad0 GCTaskThread "GC Thread#2" [stack: 0x000000eae1300000,0x000000eae1400000] [id=3736]
  0x00000209fd382120 GCTaskThread "GC Thread#3" [stack: 0x000000eae1400000,0x000000eae1500000] [id=12964]
  0x00000209a8469e00 ConcurrentGCThread "G1 Main Marker" [stack: 0x000000eae0200000,0x000000eae0300000] [id=16120]
  0x00000209a846aeb0 ConcurrentGCThread "G1 Conc#0" [stack: 0x000000eae0300000,0x000000eae0400000] [id=7864]
  0x00000209a84aa060 ConcurrentGCThread "G1 Refine#0" [stack: 0x000000eae0400000,0x000000eae0500000] [id=3424]
  0x00000209fe71ef80 ConcurrentGCThread "G1 Refine#1" [stack: 0x000000eae1c00000,0x000000eae1d00000] [id=13532]
  0x00000209fe720680 ConcurrentGCThread "G1 Refine#2" [stack: 0x000000eae1d00000,0x000000eae1e00000] [id=16692]
  0x00000209fe763870 ConcurrentGCThread "G1 Refine#3" [stack: 0x000000eae1e00000,0x000000eae1f00000] [id=12556]
  0x00000209a84aa990 ConcurrentGCThread "G1 Service" [stack: 0x000000eae0500000,0x000000eae0600000] [id=13484]

Threads with active compile tasks:

VM state: at safepoint (normal execution)

VM Mutex/Monitor currently owned by a thread:  ([mutex/lock_event])
[0x00000209a8420120] Threads_lock - owner thread: 0x00000209a84d1850
[0x00000209a841ef20] Heap_lock - owner thread: 0x00000209a636c3a0

Heap address: 0x00000000c2000000, size: 992 MB, Compressed Oops mode: 32-bit

CDS archive(s) mapped at: [0x00000209b8000000-0x00000209b8bd0000-0x00000209b8bd0000), size 12386304, SharedBaseAddress: 0x00000209b8000000, ArchiveRelocationMode: 1.
Compressed class space mapped at: 0x00000209b9000000-0x00000209f9000000, reserved size: 1073741824
Narrow klass base: 0x00000209b8000000, Narrow klass shift: 0, Narrow klass range: 0x100000000

GC Precious Log:
 CPUs: 4 total, 4 available
 Memory: 3962M
 Large Page Support: Disabled
 NUMA Support: Disabled
 Compressed Oops: Enabled (32-bit)
 Heap Region Size: 1M
 Heap Min Capacity: 8M
 Heap Initial Capacity: 62M
 Heap Max Capacity: 992M
 Pre-touch: Disabled
 Parallel Workers: 4
 Concurrent Workers: 1
 Concurrent Refinement Workers: 4
 Periodic GC: Disabled

Heap:
 garbage-first heap   total 301056K, used 148921K [0x00000000c2000000, 0x0000000100000000)
  region size 1024K, 5 young (5120K), 5 survivors (5120K)
 Metaspace       used 69106K, committed 69696K, reserved 1114112K
  class space    used 10297K, committed 10624K, reserved 1048576K

Heap Regions: E=young(eden), S=young(survivor), O=old, HS=humongous(starts), HC=humongous(continues), CS=collection set, F=free, OA=open archive, CA=closed archive, TAMS=top-at-mark-start (previous, next)
|   0|0x00000000c2000000, 0x00000000c2100000, 0x00000000c2100000|100%|HS|  |TAMS 0x00000000c2100000, 0x00000000c2000000| Complete 
|   1|0x00000000c2100000, 0x00000000c2200000, 0x00000000c2200000|100%|HS|  |TAMS 0x00000000c2200000, 0x00000000c2100000| Complete 
|   2|0x00000000c2200000, 0x00000000c2300000, 0x00000000c2300000|100%| O|  |TAMS 0x00000000c2300000, 0x00000000c2200000| Untracked 
|   3|0x00000000c2300000, 0x00000000c2400000, 0x00000000c2400000|100%| O|  |TAMS 0x00000000c2400000, 0x00000000c2300000| Untracked 
|   4|0x00000000c2400000, 0x00000000c2500000, 0x00000000c2500000|100%| O|  |TAMS 0x00000000c2500000, 0x00000000c2400000| Untracked 
|   5|0x00000000c2500000, 0x00000000c2600000, 0x00000000c2600000|100%| O|  |TAMS 0x00000000c2600000, 0x00000000c2500000| Untracked 
|   6|0x00000000c2600000, 0x00000000c2700000, 0x00000000c2700000|100%| O|  |TAMS 0x00000000c2700000, 0x00000000c2600000| Untracked 
|   7|0x00000000c2700000, 0x00000000c2800000, 0x00000000c2800000|100%| O|  |TAMS 0x00000000c2800000, 0x00000000c2700000| Untracked 
|   8|0x00000000c2800000, 0x00000000c2900000, 0x00000000c2900000|100%| O|  |TAMS 0x00000000c2900000, 0x00000000c2800000| Untracked 
|   9|0x00000000c2900000, 0x00000000c2a00000, 0x00000000c2a00000|100%| O|  |TAMS 0x00000000c2a00000, 0x00000000c2900000| Untracked 
|  10|0x00000000c2a00000, 0x00000000c2b00000, 0x00000000c2b00000|100%| O|  |TAMS 0x00000000c2b00000, 0x00000000c2a00000| Untracked 
|  11|0x00000000c2b00000, 0x00000000c2c00000, 0x00000000c2c00000|100%| O|  |TAMS 0x00000000c2c00000, 0x00000000c2b00000| Untracked 
|  12|0x00000000c2c00000, 0x00000000c2d00000, 0x00000000c2d00000|100%| O|  |TAMS 0x00000000c2d00000, 0x00000000c2c00000| Untracked 
|  13|0x00000000c2d00000, 0x00000000c2e00000, 0x00000000c2e00000|100%| O|  |TAMS 0x00000000c2e00000, 0x00000000c2d00000| Untracked 
|  14|0x00000000c2e00000, 0x00000000c2f00000, 0x00000000c2f00000|100%| O|  |TAMS 0x00000000c2f00000, 0x00000000c2e00000| Untracked 
|  15|0x00000000c2f00000, 0x00000000c3000000, 0x00000000c3000000|100%| O|  |TAMS 0x00000000c3000000, 0x00000000c2f00000| Untracked 
|  16|0x00000000c3000000, 0x00000000c3100000, 0x00000000c3100000|100%| O|  |TAMS 0x00000000c3100000, 0x00000000c3000000| Untracked 
|  17|0x00000000c3100000, 0x00000000c3200000, 0x00000000c3200000|100%| O|  |TAMS 0x00000000c3200000, 0x00000000c3100000| Untracked 
|  18|0x00000000c3200000, 0x00000000c3300000, 0x00000000c3300000|100%| O|  |TAMS 0x00000000c3300000, 0x00000000c3200000| Untracked 
|  19|0x00000000c3300000, 0x00000000c3400000, 0x00000000c3400000|100%| O|  |TAMS 0x00000000c3400000, 0x00000000c3300000| Untracked 
|  20|0x00000000c3400000, 0x00000000c34ee400, 0x00000000c3500000| 93%| O|  |TAMS 0x00000000c34ee400, 0x00000000c3400000| Untracked 
|  21|0x00000000c3500000, 0x00000000c3600000, 0x00000000c3600000|100%| O|  |TAMS 0x00000000c3600000, 0x00000000c3500000| Untracked 
|  22|0x00000000c3600000, 0x00000000c3700000, 0x00000000c3700000|100%| O|  |TAMS 0x00000000c3700000, 0x00000000c3600000| Untracked 
|  23|0x00000000c3700000, 0x00000000c3800000, 0x00000000c3800000|100%| O|  |TAMS 0x00000000c3800000, 0x00000000c3700000| Untracked 
|  24|0x00000000c3800000, 0x00000000c3900000, 0x00000000c3900000|100%| O|  |TAMS 0x00000000c3900000, 0x00000000c3800000| Untracked 
|  25|0x00000000c3900000, 0x00000000c3a00000, 0x00000000c3a00000|100%| O|  |TAMS 0x00000000c3a00000, 0x00000000c3900000| Untracked 
|  26|0x00000000c3a00000, 0x00000000c3b00000, 0x00000000c3b00000|100%| O|  |TAMS 0x00000000c3b00000, 0x00000000c3a00000| Untracked 
|  27|0x00000000c3b00000, 0x00000000c3c00000, 0x00000000c3c00000|100%| O|  |TAMS 0x00000000c3c00000, 0x00000000c3b00000| Untracked 
|  28|0x00000000c3c00000, 0x00000000c3d00000, 0x00000000c3d00000|100%| O|  |TAMS 0x00000000c3d00000, 0x00000000c3c00000| Untracked 
|  29|0x00000000c3d00000, 0x00000000c3e00000, 0x00000000c3e00000|100%| O|  |TAMS 0x00000000c3e00000, 0x00000000c3d00000| Untracked 
|  30|0x00000000c3e00000, 0x00000000c3f00000, 0x00000000c3f00000|100%| O|  |TAMS 0x00000000c3f00000, 0x00000000c3e00000| Untracked 
|  31|0x00000000c3f00000, 0x00000000c4000000, 0x00000000c4000000|100%| O|  |TAMS 0x00000000c4000000, 0x00000000c3f00000| Untracked 
|  32|0x00000000c4000000, 0x00000000c4100000, 0x00000000c4100000|100%| O|  |TAMS 0x00000000c4100000, 0x00000000c4000000| Untracked 
|  33|0x00000000c4100000, 0x00000000c4200000, 0x00000000c4200000|100%| O|  |TAMS 0x00000000c4200000, 0x00000000c4100000| Untracked 
|  34|0x00000000c4200000, 0x00000000c4300000, 0x00000000c4300000|100%| O|  |TAMS 0x00000000c4300000, 0x00000000c4200000| Untracked 
|  35|0x00000000c4300000, 0x00000000c4400000, 0x00000000c4400000|100%| O|  |TAMS 0x00000000c4400000, 0x00000000c4300000| Untracked 
|  36|0x00000000c4400000, 0x00000000c4500000, 0x00000000c4500000|100%| O|  |TAMS 0x00000000c4500000, 0x00000000c4400000| Untracked 
|  37|0x00000000c4500000, 0x00000000c4600000, 0x00000000c4600000|100%| O|  |TAMS 0x00000000c4600000, 0x00000000c4500000| Untracked 
|  38|0x00000000c4600000, 0x00000000c4700000, 0x00000000c4700000|100%| O|  |TAMS 0x00000000c4700000, 0x00000000c4600000| Untracked 
|  39|0x00000000c4700000, 0x00000000c4800000, 0x00000000c4800000|100%| O|  |TAMS 0x00000000c4700000, 0x00000000c4700000| Untracked 
|  40|0x00000000c4800000, 0x00000000c4900000, 0x00000000c4900000|100%| O|  |TAMS 0x00000000c4800000, 0x00000000c4800000| Untracked 
|  41|0x00000000c4900000, 0x00000000c4a00000, 0x00000000c4a00000|100%| O|  |TAMS 0x00000000c4a00000, 0x00000000c4900000| Untracked 
|  42|0x00000000c4a00000, 0x00000000c4b00000, 0x00000000c4b00000|100%| O|  |TAMS 0x00000000c4b00000, 0x00000000c4a00000| Untracked 
|  43|0x00000000c4b00000, 0x00000000c4c00000, 0x00000000c4c00000|100%| O|  |TAMS 0x00000000c4c00000, 0x00000000c4b00000| Untracked 
|  44|0x00000000c4c00000, 0x00000000c4d00000, 0x00000000c4d00000|100%| O|  |TAMS 0x00000000c4d00000, 0x00000000c4c00000| Untracked 
|  45|0x00000000c4d00000, 0x00000000c4e00000, 0x00000000c4e00000|100%| O|  |TAMS 0x00000000c4d60000, 0x00000000c4d00000| Untracked 
|  46|0x00000000c4e00000, 0x00000000c4f00000, 0x00000000c4f00000|100%| O|  |TAMS 0x00000000c4e00000, 0x00000000c4e00000| Untracked 
|  47|0x00000000c4f00000, 0x00000000c5000000, 0x00000000c5000000|100%| O|  |TAMS 0x00000000c4f00000, 0x00000000c4f00000| Untracked 
|  48|0x00000000c5000000, 0x00000000c5100000, 0x00000000c5100000|100%| O|  |TAMS 0x00000000c5000000, 0x00000000c5000000| Untracked 
|  49|0x00000000c5100000, 0x00000000c5200000, 0x00000000c5200000|100%| O|  |TAMS 0x00000000c5100000, 0x00000000c5100000| Untracked 
|  50|0x00000000c5200000, 0x00000000c5300000, 0x00000000c5300000|100%|HS|  |TAMS 0x00000000c5200000, 0x00000000c5200000| Complete 
|  51|0x00000000c5300000, 0x00000000c5400000, 0x00000000c5400000|100%| O|  |TAMS 0x00000000c5300000, 0x00000000c5300000| Untracked 
|  52|0x00000000c5400000, 0x00000000c5500000, 0x00000000c5500000|100%| O|  |TAMS 0x00000000c5400000, 0x00000000c5400000| Untracked 
|  53|0x00000000c5500000, 0x00000000c5600000, 0x00000000c5600000|100%| O|  |TAMS 0x00000000c5500000, 0x00000000c5500000| Untracked 
|  54|0x00000000c5600000, 0x00000000c5700000, 0x00000000c5700000|100%| O|  |TAMS 0x00000000c5600000, 0x00000000c5600000| Untracked 
|  55|0x00000000c5700000, 0x00000000c5800000, 0x00000000c5800000|100%| O|  |TAMS 0x00000000c5700000, 0x00000000c5700000| Untracked 
|  56|0x00000000c5800000, 0x00000000c5900000, 0x00000000c5900000|100%| O|  |TAMS 0x00000000c5800000, 0x00000000c5800000| Untracked 
|  57|0x00000000c5900000, 0x00000000c5a00000, 0x00000000c5a00000|100%| O|  |TAMS 0x00000000c5900000, 0x00000000c5900000| Untracked 
|  58|0x00000000c5a00000, 0x00000000c5b00000, 0x00000000c5b00000|100%| O|  |TAMS 0x00000000c5a00000, 0x00000000c5a00000| Untracked 
|  59|0x00000000c5b00000, 0x00000000c5c00000, 0x00000000c5c00000|100%| O|  |TAMS 0x00000000c5b00000, 0x00000000c5b00000| Untracked 
|  60|0x00000000c5c00000, 0x00000000c5d00000, 0x00000000c5d00000|100%|HS|  |TAMS 0x00000000c5c00000, 0x00000000c5c00000| Complete 
|  61|0x00000000c5d00000, 0x00000000c5e00000, 0x00000000c5e00000|100%|HS|  |TAMS 0x00000000c5d00000, 0x00000000c5d00000| Complete 
|  62|0x00000000c5e00000, 0x00000000c5f00000, 0x00000000c5f00000|100%|HC|  |TAMS 0x00000000c5e00000, 0x00000000c5e00000| Complete 
|  63|0x00000000c5f00000, 0x00000000c6000000, 0x00000000c6000000|100%| O|  |TAMS 0x00000000c5f00000, 0x00000000c5f00000| Untracked 
|  64|0x00000000c6000000, 0x00000000c6100000, 0x00000000c6100000|100%| O|  |TAMS 0x00000000c6000000, 0x00000000c6000000| Untracked 
|  65|0x00000000c6100000, 0x00000000c6200000, 0x00000000c6200000|100%| O|  |TAMS 0x00000000c6100000, 0x00000000c6100000| Untracked 
|  66|0x00000000c6200000, 0x00000000c6300000, 0x00000000c6300000|100%| O|  |TAMS 0x00000000c6200000, 0x00000000c6200000| Untracked 
|  67|0x00000000c6300000, 0x00000000c6400000, 0x00000000c6400000|100%| O|  |TAMS 0x00000000c6300000, 0x00000000c6300000| Untracked 
|  68|0x00000000c6400000, 0x00000000c6500000, 0x00000000c6500000|100%| O|  |TAMS 0x00000000c6400000, 0x00000000c6400000| Untracked 
|  69|0x00000000c6500000, 0x00000000c6600000, 0x00000000c6600000|100%| O|  |TAMS 0x00000000c6500000, 0x00000000c6500000| Untracked 
|  70|0x00000000c6600000, 0x00000000c6700000, 0x00000000c6700000|100%| O|  |TAMS 0x00000000c6600000, 0x00000000c6600000| Untracked 
|  71|0x00000000c6700000, 0x00000000c6800000, 0x00000000c6800000|100%| O|  |TAMS 0x00000000c6700000, 0x00000000c6700000| Untracked 
|  72|0x00000000c6800000, 0x00000000c6900000, 0x00000000c6900000|100%| O|  |TAMS 0x00000000c6800000, 0x00000000c6800000| Untracked 
|  73|0x00000000c6900000, 0x00000000c6a00000, 0x00000000c6a00000|100%| O|  |TAMS 0x00000000c6900000, 0x00000000c6900000| Untracked 
|  74|0x00000000c6a00000, 0x00000000c6b00000, 0x00000000c6b00000|100%| O|  |TAMS 0x00000000c6a00000, 0x00000000c6a00000| Untracked 
|  75|0x00000000c6b00000, 0x00000000c6c00000, 0x00000000c6c00000|100%| O|  |TAMS 0x00000000c6b00000, 0x00000000c6b00000| Untracked 
|  76|0x00000000c6c00000, 0x00000000c6d00000, 0x00000000c6d00000|100%| O|  |TAMS 0x00000000c6c00000, 0x00000000c6c00000| Untracked 
|  77|0x00000000c6d00000, 0x00000000c6e00000, 0x00000000c6e00000|100%| O|  |TAMS 0x00000000c6d00000, 0x00000000c6d00000| Untracked 
|  78|0x00000000c6e00000, 0x00000000c6f00000, 0x00000000c6f00000|100%| O|  |TAMS 0x00000000c6e00000, 0x00000000c6e00000| Untracked 
|  79|0x00000000c6f00000, 0x00000000c7000000, 0x00000000c7000000|100%| O|  |TAMS 0x00000000c6f00000, 0x00000000c6f00000| Untracked 
|  80|0x00000000c7000000, 0x00000000c7100000, 0x00000000c7100000|100%| O|  |TAMS 0x00000000c7000000, 0x00000000c7000000| Untracked 
|  81|0x00000000c7100000, 0x00000000c7200000, 0x00000000c7200000|100%| O|  |TAMS 0x00000000c7100000, 0x00000000c7100000| Untracked 
|  82|0x00000000c7200000, 0x00000000c7300000, 0x00000000c7300000|100%| O|  |TAMS 0x00000000c7200000, 0x00000000c7200000| Untracked 
|  83|0x00000000c7300000, 0x00000000c7400000, 0x00000000c7400000|100%| O|  |TAMS 0x00000000c7300000, 0x00000000c7300000| Untracked 
|  84|0x00000000c7400000, 0x00000000c7500000, 0x00000000c7500000|100%| O|  |TAMS 0x00000000c7400000, 0x00000000c7400000| Untracked 
|  85|0x00000000c7500000, 0x00000000c7600000, 0x00000000c7600000|100%| O|  |TAMS 0x00000000c7500000, 0x00000000c7500000| Untracked 
|  86|0x00000000c7600000, 0x00000000c7700000, 0x00000000c7700000|100%| O|  |TAMS 0x00000000c7600000, 0x00000000c7600000| Untracked 
|  87|0x00000000c7700000, 0x00000000c7800000, 0x00000000c7800000|100%| O|  |TAMS 0x00000000c7700000, 0x00000000c7700000| Untracked 
|  88|0x00000000c7800000, 0x00000000c7900000, 0x00000000c7900000|100%| O|  |TAMS 0x00000000c7800000, 0x00000000c7800000| Untracked 
|  89|0x00000000c7900000, 0x00000000c7a00000, 0x00000000c7a00000|100%| O|  |TAMS 0x00000000c7900000, 0x00000000c7900000| Untracked 
|  90|0x00000000c7a00000, 0x00000000c7b00000, 0x00000000c7b00000|100%| O|  |TAMS 0x00000000c7a00000, 0x00000000c7a00000| Untracked 
|  91|0x00000000c7b00000, 0x00000000c7c00000, 0x00000000c7c00000|100%| O|  |TAMS 0x00000000c7b00000, 0x00000000c7b00000| Untracked 
|  92|0x00000000c7c00000, 0x00000000c7d00000, 0x00000000c7d00000|100%| O|  |TAMS 0x00000000c7c00000, 0x00000000c7c00000| Untracked 
|  93|0x00000000c7d00000, 0x00000000c7e00000, 0x00000000c7e00000|100%| O|  |TAMS 0x00000000c7d00000, 0x00000000c7d00000| Untracked 
|  94|0x00000000c7e00000, 0x00000000c7f00000, 0x00000000c7f00000|100%| O|  |TAMS 0x00000000c7e00000, 0x00000000c7e00000| Untracked 
|  95|0x00000000c7f00000, 0x00000000c8000000, 0x00000000c8000000|100%| O|  |TAMS 0x00000000c7f00000, 0x00000000c7f00000| Untracked 
|  96|0x00000000c8000000, 0x00000000c8100000, 0x00000000c8100000|100%| O|  |TAMS 0x00000000c8000000, 0x00000000c8000000| Untracked 
|  97|0x00000000c8100000, 0x00000000c8200000, 0x00000000c8200000|100%| O|  |TAMS 0x00000000c8100000, 0x00000000c8100000| Untracked 
|  98|0x00000000c8200000, 0x00000000c8300000, 0x00000000c8300000|100%| O|  |TAMS 0x00000000c8200000, 0x00000000c8200000| Untracked 
|  99|0x00000000c8300000, 0x00000000c8400000, 0x00000000c8400000|100%| O|  |TAMS 0x00000000c8300000, 0x00000000c8300000| Untracked 
| 100|0x00000000c8400000, 0x00000000c8500000, 0x00000000c8500000|100%| O|  |TAMS 0x00000000c8400000, 0x00000000c8400000| Untracked 
| 101|0x00000000c8500000, 0x00000000c8600000, 0x00000000c8600000|100%| O|  |TAMS 0x00000000c8500000, 0x00000000c8500000| Untracked 
| 102|0x00000000c8600000, 0x00000000c8700000, 0x00000000c8700000|100%| O|  |TAMS 0x00000000c8600000, 0x00000000c8600000| Untracked 
| 103|0x00000000c8700000, 0x00000000c8800000, 0x00000000c8800000|100%| O|  |TAMS 0x00000000c8700000, 0x00000000c8700000| Untracked 
| 104|0x00000000c8800000, 0x00000000c8900000, 0x00000000c8900000|100%| O|  |TAMS 0x00000000c8800000, 0x00000000c8800000| Untracked 
| 105|0x00000000c8900000, 0x00000000c8a00000, 0x00000000c8a00000|100%| O|  |TAMS 0x00000000c8900000, 0x00000000c8900000| Untracked 
| 106|0x00000000c8a00000, 0x00000000c8b00000, 0x00000000c8b00000|100%| O|  |TAMS 0x00000000c8a00000, 0x00000000c8a00000| Untracked 
| 107|0x00000000c8b00000, 0x00000000c8c00000, 0x00000000c8c00000|100%| O|  |TAMS 0x00000000c8b00000, 0x00000000c8b00000| Untracked 
| 108|0x00000000c8c00000, 0x00000000c8d00000, 0x00000000c8d00000|100%| O|  |TAMS 0x00000000c8c00000, 0x00000000c8c00000| Untracked 
| 109|0x00000000c8d00000, 0x00000000c8e00000, 0x00000000c8e00000|100%| O|  |TAMS 0x00000000c8d00000, 0x00000000c8d00000| Untracked 
| 110|0x00000000c8e00000, 0x00000000c8f00000, 0x00000000c8f00000|100%| O|  |TAMS 0x00000000c8e00000, 0x00000000c8e00000| Untracked 
| 111|0x00000000c8f00000, 0x00000000c9000000, 0x00000000c9000000|100%| O|  |TAMS 0x00000000c8f00000, 0x00000000c8f00000| Untracked 
| 112|0x00000000c9000000, 0x00000000c9100000, 0x00000000c9100000|100%| O|  |TAMS 0x00000000c9000000, 0x00000000c9000000| Untracked 
| 113|0x00000000c9100000, 0x00000000c9200000, 0x00000000c9200000|100%| O|  |TAMS 0x00000000c9100000, 0x00000000c9100000| Untracked 
| 114|0x00000000c9200000, 0x00000000c9300000, 0x00000000c9300000|100%| O|  |TAMS 0x00000000c9200000, 0x00000000c9200000| Untracked 
| 115|0x00000000c9300000, 0x00000000c9400000, 0x00000000c9400000|100%| O|  |TAMS 0x00000000c9300000, 0x00000000c9300000| Untracked 
| 116|0x00000000c9400000, 0x00000000c9500000, 0x00000000c9500000|100%| O|  |TAMS 0x00000000c9400000, 0x00000000c9400000| Untracked 
| 117|0x00000000c9500000, 0x00000000c9600000, 0x00000000c9600000|100%| O|  |TAMS 0x00000000c9500000, 0x00000000c9500000| Untracked 
| 118|0x00000000c9600000, 0x00000000c9700000, 0x00000000c9700000|100%| O|  |TAMS 0x00000000c9600000, 0x00000000c9600000| Untracked 
| 119|0x00000000c9700000, 0x00000000c9800000, 0x00000000c9800000|100%| O|  |TAMS 0x00000000c9700000, 0x00000000c9700000| Untracked 
| 120|0x00000000c9800000, 0x00000000c9900000, 0x00000000c9900000|100%| O|  |TAMS 0x00000000c9800000, 0x00000000c9800000| Untracked 
| 121|0x00000000c9900000, 0x00000000c9a00000, 0x00000000c9a00000|100%| O|  |TAMS 0x00000000c9900000, 0x00000000c9900000| Untracked 
| 122|0x00000000c9a00000, 0x00000000c9b00000, 0x00000000c9b00000|100%| O|  |TAMS 0x00000000c9a00000, 0x00000000c9a00000| Untracked 
| 123|0x00000000c9b00000, 0x00000000c9c00000, 0x00000000c9c00000|100%| O|  |TAMS 0x00000000c9b00000, 0x00000000c9b00000| Untracked 
| 124|0x00000000c9c00000, 0x00000000c9d00000, 0x00000000c9d00000|100%| O|  |TAMS 0x00000000c9c00000, 0x00000000c9c00000| Untracked 
| 125|0x00000000c9d00000, 0x00000000c9e00000, 0x00000000c9e00000|100%| O|  |TAMS 0x00000000c9d00000, 0x00000000c9d00000| Untracked 
| 126|0x00000000c9e00000, 0x00000000c9f00000, 0x00000000c9f00000|100%| O|  |TAMS 0x00000000c9e00000, 0x00000000c9e00000| Untracked 
| 127|0x00000000c9f00000, 0x00000000ca000000, 0x00000000ca000000|100%| O|  |TAMS 0x00000000c9f00000, 0x00000000c9f00000| Untracked 
| 128|0x00000000ca000000, 0x00000000ca100000, 0x00000000ca100000|100%|HS|  |TAMS 0x00000000ca000000, 0x00000000ca000000| Complete 
| 129|0x00000000ca100000, 0x00000000ca200000, 0x00000000ca200000|100%|HC|  |TAMS 0x00000000ca100000, 0x00000000ca100000| Complete 
| 130|0x00000000ca200000, 0x00000000ca300000, 0x00000000ca300000|100%|HC|  |TAMS 0x00000000ca200000, 0x00000000ca200000| Complete 
| 131|0x00000000ca300000, 0x00000000ca400000, 0x00000000ca400000|100%| O|  |TAMS 0x00000000ca300000, 0x00000000ca300000| Untracked 
| 132|0x00000000ca400000, 0x00000000ca500000, 0x00000000ca500000|100%| O|  |TAMS 0x00000000ca400000, 0x00000000ca400000| Untracked 
| 133|0x00000000ca500000, 0x00000000ca600000, 0x00000000ca600000|100%| O|  |TAMS 0x00000000ca500000, 0x00000000ca500000| Untracked 
| 134|0x00000000ca600000, 0x00000000ca700000, 0x00000000ca700000|100%| O|  |TAMS 0x00000000ca600000, 0x00000000ca600000| Untracked 
| 135|0x00000000ca700000, 0x00000000ca800000, 0x00000000ca800000|100%| O|  |TAMS 0x00000000ca700000, 0x00000000ca700000| Untracked 
| 136|0x00000000ca800000, 0x00000000ca900000, 0x00000000ca900000|100%| O|  |TAMS 0x00000000ca800000, 0x00000000ca800000| Untracked 
| 137|0x00000000ca900000, 0x00000000caa00000, 0x00000000caa00000|100%| O|  |TAMS 0x00000000ca900000, 0x00000000ca900000| Untracked 
| 138|0x00000000caa00000, 0x00000000cab00000, 0x00000000cab00000|100%| O|  |TAMS 0x00000000caa00000, 0x00000000caa00000| Untracked 
| 139|0x00000000cab00000, 0x00000000cac00000, 0x00000000cac00000|100%| O|  |TAMS 0x00000000cab00000, 0x00000000cab00000| Untracked 
| 140|0x00000000cac00000, 0x00000000cac80000, 0x00000000cad00000| 50%| O|  |TAMS 0x00000000cac00000, 0x00000000cac00000| Untracked 
| 141|0x00000000cad00000, 0x00000000cad00000, 0x00000000cae00000|  0%| F|  |TAMS 0x00000000cad00000, 0x00000000cad00000| Untracked 
| 142|0x00000000cae00000, 0x00000000cae00000, 0x00000000caf00000|  0%| F|  |TAMS 0x00000000cae00000, 0x00000000cae00000| Untracked 
| 143|0x00000000caf00000, 0x00000000caf00000, 0x00000000cb000000|  0%| F|  |TAMS 0x00000000caf00000, 0x00000000caf00000| Untracked 
| 144|0x00000000cb000000, 0x00000000cb000000, 0x00000000cb100000|  0%| F|  |TAMS 0x00000000cb000000, 0x00000000cb000000| Untracked 
| 145|0x00000000cb100000, 0x00000000cb100000, 0x00000000cb200000|  0%| F|  |TAMS 0x00000000cb100000, 0x00000000cb100000| Untracked 
| 146|0x00000000cb200000, 0x00000000cb200000, 0x00000000cb300000|  0%| F|  |TAMS 0x00000000cb200000, 0x00000000cb200000| Untracked 
| 147|0x00000000cb300000, 0x00000000cb300000, 0x00000000cb400000|  0%| F|  |TAMS 0x00000000cb300000, 0x00000000cb300000| Untracked 
| 148|0x00000000cb400000, 0x00000000cb400000, 0x00000000cb500000|  0%| F|  |TAMS 0x00000000cb400000, 0x00000000cb400000| Untracked 
| 149|0x00000000cb500000, 0x00000000cb500000, 0x00000000cb600000|  0%| F|  |TAMS 0x00000000cb500000, 0x00000000cb500000| Untracked 
| 150|0x00000000cb600000, 0x00000000cb600000, 0x00000000cb700000|  0%| F|  |TAMS 0x00000000cb600000, 0x00000000cb600000| Untracked 
| 151|0x00000000cb700000, 0x00000000cb700000, 0x00000000cb800000|  0%| F|  |TAMS 0x00000000cb700000, 0x00000000cb700000| Untracked 
| 152|0x00000000cb800000, 0x00000000cb800000, 0x00000000cb900000|  0%| F|  |TAMS 0x00000000cb800000, 0x00000000cb800000| Untracked 
| 153|0x00000000cb900000, 0x00000000cb900000, 0x00000000cba00000|  0%| F|  |TAMS 0x00000000cb900000, 0x00000000cb900000| Untracked 
| 154|0x00000000cba00000, 0x00000000cba00000, 0x00000000cbb00000|  0%| F|  |TAMS 0x00000000cba00000, 0x00000000cba00000| Untracked 
| 155|0x00000000cbb00000, 0x00000000cbb00000, 0x00000000cbc00000|  0%| F|  |TAMS 0x00000000cbb00000, 0x00000000cbb00000| Untracked 
| 156|0x00000000cbc00000, 0x00000000cbc00000, 0x00000000cbd00000|  0%| F|  |TAMS 0x00000000cbc00000, 0x00000000cbc00000| Untracked 
| 157|0x00000000cbd00000, 0x00000000cbd00000, 0x00000000cbe00000|  0%| F|  |TAMS 0x00000000cbd00000, 0x00000000cbd00000| Untracked 
| 158|0x00000000cbe00000, 0x00000000cbe00000, 0x00000000cbf00000|  0%| F|  |TAMS 0x00000000cbe00000, 0x00000000cbe00000| Untracked 
| 159|0x00000000cbf00000, 0x00000000cbf00000, 0x00000000cc000000|  0%| F|  |TAMS 0x00000000cbf00000, 0x00000000cbf00000| Untracked 
| 160|0x00000000cc000000, 0x00000000cc000000, 0x00000000cc100000|  0%| F|  |TAMS 0x00000000cc000000, 0x00000000cc000000| Untracked 
| 161|0x00000000cc100000, 0x00000000cc100000, 0x00000000cc200000|  0%| F|  |TAMS 0x00000000cc100000, 0x00000000cc100000| Untracked 
| 162|0x00000000cc200000, 0x00000000cc200000, 0x00000000cc300000|  0%| F|  |TAMS 0x00000000cc200000, 0x00000000cc200000| Untracked 
| 163|0x00000000cc300000, 0x00000000cc300000, 0x00000000cc400000|  0%| F|  |TAMS 0x00000000cc300000, 0x00000000cc300000| Untracked 
| 164|0x00000000cc400000, 0x00000000cc400000, 0x00000000cc500000|  0%| F|  |TAMS 0x00000000cc400000, 0x00000000cc400000| Untracked 
| 165|0x00000000cc500000, 0x00000000cc500000, 0x00000000cc600000|  0%| F|  |TAMS 0x00000000cc500000, 0x00000000cc500000| Untracked 
| 166|0x00000000cc600000, 0x00000000cc600000, 0x00000000cc700000|  0%| F|  |TAMS 0x00000000cc600000, 0x00000000cc600000| Untracked 
| 167|0x00000000cc700000, 0x00000000cc700000, 0x00000000cc800000|  0%| F|  |TAMS 0x00000000cc700000, 0x00000000cc700000| Untracked 
| 168|0x00000000cc800000, 0x00000000cc800000, 0x00000000cc900000|  0%| F|  |TAMS 0x00000000cc800000, 0x00000000cc800000| Untracked 
| 169|0x00000000cc900000, 0x00000000cc900000, 0x00000000cca00000|  0%| F|  |TAMS 0x00000000cc900000, 0x00000000cc900000| Untracked 
| 170|0x00000000cca00000, 0x00000000cca00000, 0x00000000ccb00000|  0%| F|  |TAMS 0x00000000cca00000, 0x00000000cca00000| Untracked 
| 171|0x00000000ccb00000, 0x00000000ccb00000, 0x00000000ccc00000|  0%| F|  |TAMS 0x00000000ccb00000, 0x00000000ccb00000| Untracked 
| 172|0x00000000ccc00000, 0x00000000ccc00000, 0x00000000ccd00000|  0%| F|  |TAMS 0x00000000ccc00000, 0x00000000ccc00000| Untracked 
| 173|0x00000000ccd00000, 0x00000000ccd00000, 0x00000000cce00000|  0%| F|  |TAMS 0x00000000ccd00000, 0x00000000ccd00000| Untracked 
| 174|0x00000000cce00000, 0x00000000cce00000, 0x00000000ccf00000|  0%| F|  |TAMS 0x00000000cce00000, 0x00000000cce00000| Untracked 
| 175|0x00000000ccf00000, 0x00000000ccf00000, 0x00000000cd000000|  0%| F|  |TAMS 0x00000000ccf00000, 0x00000000ccf00000| Untracked 
| 176|0x00000000cd000000, 0x00000000cd000000, 0x00000000cd100000|  0%| F|  |TAMS 0x00000000cd000000, 0x00000000cd000000| Untracked 
| 177|0x00000000cd100000, 0x00000000cd100000, 0x00000000cd200000|  0%| F|  |TAMS 0x00000000cd100000, 0x00000000cd100000| Untracked 
| 178|0x00000000cd200000, 0x00000000cd200000, 0x00000000cd300000|  0%| F|  |TAMS 0x00000000cd200000, 0x00000000cd200000| Untracked 
| 179|0x00000000cd300000, 0x00000000cd300000, 0x00000000cd400000|  0%| F|  |TAMS 0x00000000cd300000, 0x00000000cd300000| Untracked 
| 180|0x00000000cd400000, 0x00000000cd400000, 0x00000000cd500000|  0%| F|  |TAMS 0x00000000cd400000, 0x00000000cd400000| Untracked 
| 181|0x00000000cd500000, 0x00000000cd500000, 0x00000000cd600000|  0%| F|  |TAMS 0x00000000cd500000, 0x00000000cd500000| Untracked 
| 182|0x00000000cd600000, 0x00000000cd600000, 0x00000000cd700000|  0%| F|  |TAMS 0x00000000cd600000, 0x00000000cd600000| Untracked 
| 183|0x00000000cd700000, 0x00000000cd700000, 0x00000000cd800000|  0%| F|  |TAMS 0x00000000cd700000, 0x00000000cd700000| Untracked 
| 184|0x00000000cd800000, 0x00000000cd800000, 0x00000000cd900000|  0%| F|  |TAMS 0x00000000cd800000, 0x00000000cd800000| Untracked 
| 185|0x00000000cd900000, 0x00000000cd900000, 0x00000000cda00000|  0%| F|  |TAMS 0x00000000cd900000, 0x00000000cd900000| Untracked 
| 186|0x00000000cda00000, 0x00000000cda00000, 0x00000000cdb00000|  0%| F|  |TAMS 0x00000000cda00000, 0x00000000cda00000| Untracked 
| 187|0x00000000cdb00000, 0x00000000cdb00000, 0x00000000cdc00000|  0%| F|  |TAMS 0x00000000cdb00000, 0x00000000cdb00000| Untracked 
| 188|0x00000000cdc00000, 0x00000000cdc00000, 0x00000000cdd00000|  0%| F|  |TAMS 0x00000000cdc00000, 0x00000000cdc00000| Untracked 
| 189|0x00000000cdd00000, 0x00000000cdd00000, 0x00000000cde00000|  0%| F|  |TAMS 0x00000000cdd00000, 0x00000000cdd00000| Untracked 
| 190|0x00000000cde00000, 0x00000000cde00000, 0x00000000cdf00000|  0%| F|  |TAMS 0x00000000cde00000, 0x00000000cde00000| Untracked 
| 191|0x00000000cdf00000, 0x00000000cdf00000, 0x00000000ce000000|  0%| F|  |TAMS 0x00000000cdf00000, 0x00000000cdf00000| Untracked 
| 192|0x00000000ce000000, 0x00000000ce000000, 0x00000000ce100000|  0%| F|  |TAMS 0x00000000ce000000, 0x00000000ce000000| Untracked 
| 193|0x00000000ce100000, 0x00000000ce100000, 0x00000000ce200000|  0%| F|  |TAMS 0x00000000ce100000, 0x00000000ce100000| Untracked 
| 194|0x00000000ce200000, 0x00000000ce200000, 0x00000000ce300000|  0%| F|  |TAMS 0x00000000ce200000, 0x00000000ce200000| Untracked 
| 195|0x00000000ce300000, 0x00000000ce300000, 0x00000000ce400000|  0%| F|  |TAMS 0x00000000ce300000, 0x00000000ce300000| Untracked 
| 196|0x00000000ce400000, 0x00000000ce400000, 0x00000000ce500000|  0%| F|  |TAMS 0x00000000ce400000, 0x00000000ce400000| Untracked 
| 197|0x00000000ce500000, 0x00000000ce500000, 0x00000000ce600000|  0%| F|  |TAMS 0x00000000ce500000, 0x00000000ce500000| Untracked 
| 198|0x00000000ce600000, 0x00000000ce600000, 0x00000000ce700000|  0%| F|  |TAMS 0x00000000ce600000, 0x00000000ce600000| Untracked 
| 199|0x00000000ce700000, 0x00000000ce700000, 0x00000000ce800000|  0%| F|  |TAMS 0x00000000ce700000, 0x00000000ce700000| Untracked 
| 200|0x00000000ce800000, 0x00000000ce800000, 0x00000000ce900000|  0%| F|  |TAMS 0x00000000ce800000, 0x00000000ce800000| Untracked 
| 201|0x00000000ce900000, 0x00000000ce900000, 0x00000000cea00000|  0%| F|  |TAMS 0x00000000ce900000, 0x00000000ce900000| Untracked 
| 202|0x00000000cea00000, 0x00000000cea00000, 0x00000000ceb00000|  0%| F|  |TAMS 0x00000000cea00000, 0x00000000cea00000| Untracked 
| 203|0x00000000ceb00000, 0x00000000ceb00000, 0x00000000cec00000|  0%| F|  |TAMS 0x00000000ceb00000, 0x00000000ceb00000| Untracked 
| 204|0x00000000cec00000, 0x00000000cec00000, 0x00000000ced00000|  0%| F|  |TAMS 0x00000000cec00000, 0x00000000cec00000| Untracked 
| 205|0x00000000ced00000, 0x00000000ced00000, 0x00000000cee00000|  0%| F|  |TAMS 0x00000000ced00000, 0x00000000ced00000| Untracked 
| 206|0x00000000cee00000, 0x00000000cee00000, 0x00000000cef00000|  0%| F|  |TAMS 0x00000000cee00000, 0x00000000cee00000| Untracked 
| 207|0x00000000cef00000, 0x00000000cef00000, 0x00000000cf000000|  0%| F|  |TAMS 0x00000000cef00000, 0x00000000cef00000| Untracked 
| 208|0x00000000cf000000, 0x00000000cf000000, 0x00000000cf100000|  0%| F|  |TAMS 0x00000000cf000000, 0x00000000cf000000| Untracked 
| 209|0x00000000cf100000, 0x00000000cf100000, 0x00000000cf200000|  0%| F|  |TAMS 0x00000000cf100000, 0x00000000cf100000| Untracked 
| 210|0x00000000cf200000, 0x00000000cf200000, 0x00000000cf300000|  0%| F|  |TAMS 0x00000000cf200000, 0x00000000cf200000| Untracked 
| 211|0x00000000cf300000, 0x00000000cf300000, 0x00000000cf400000|  0%| F|  |TAMS 0x00000000cf300000, 0x00000000cf300000| Untracked 
| 212|0x00000000cf400000, 0x00000000cf400000, 0x00000000cf500000|  0%| F|  |TAMS 0x00000000cf400000, 0x00000000cf400000| Untracked 
| 213|0x00000000cf500000, 0x00000000cf500000, 0x00000000cf600000|  0%| F|  |TAMS 0x00000000cf500000, 0x00000000cf500000| Untracked 
| 214|0x00000000cf600000, 0x00000000cf600000, 0x00000000cf700000|  0%| F|  |TAMS 0x00000000cf600000, 0x00000000cf600000| Untracked 
| 215|0x00000000cf700000, 0x00000000cf700000, 0x00000000cf800000|  0%| F|  |TAMS 0x00000000cf700000, 0x00000000cf700000| Untracked 
| 216|0x00000000cf800000, 0x00000000cf800000, 0x00000000cf900000|  0%| F|  |TAMS 0x00000000cf800000, 0x00000000cf800000| Untracked 
| 217|0x00000000cf900000, 0x00000000cf900000, 0x00000000cfa00000|  0%| F|  |TAMS 0x00000000cf900000, 0x00000000cf900000| Untracked 
| 218|0x00000000cfa00000, 0x00000000cfa00000, 0x00000000cfb00000|  0%| F|  |TAMS 0x00000000cfa00000, 0x00000000cfa00000| Untracked 
| 219|0x00000000cfb00000, 0x00000000cfb00000, 0x00000000cfc00000|  0%| F|  |TAMS 0x00000000cfb00000, 0x00000000cfb00000| Untracked 
| 220|0x00000000cfc00000, 0x00000000cfc00000, 0x00000000cfd00000|  0%| F|  |TAMS 0x00000000cfc00000, 0x00000000cfc00000| Untracked 
| 221|0x00000000cfd00000, 0x00000000cfd00000, 0x00000000cfe00000|  0%| F|  |TAMS 0x00000000cfd00000, 0x00000000cfd00000| Untracked 
| 222|0x00000000cfe00000, 0x00000000cfe00000, 0x00000000cff00000|  0%| F|  |TAMS 0x00000000cfe00000, 0x00000000cfe00000| Untracked 
| 223|0x00000000cff00000, 0x00000000cff00000, 0x00000000d0000000|  0%| F|  |TAMS 0x00000000cff00000, 0x00000000cff00000| Untracked 
| 224|0x00000000d0000000, 0x00000000d0000000, 0x00000000d0100000|  0%| F|  |TAMS 0x00000000d0000000, 0x00000000d0000000| Untracked 
| 225|0x00000000d0100000, 0x00000000d0100000, 0x00000000d0200000|  0%| F|  |TAMS 0x00000000d0100000, 0x00000000d0100000| Untracked 
| 226|0x00000000d0200000, 0x00000000d0200000, 0x00000000d0300000|  0%| F|  |TAMS 0x00000000d0200000, 0x00000000d0200000| Untracked 
| 227|0x00000000d0300000, 0x00000000d0300000, 0x00000000d0400000|  0%| F|  |TAMS 0x00000000d0300000, 0x00000000d0300000| Untracked 
| 228|0x00000000d0400000, 0x00000000d0400000, 0x00000000d0500000|  0%| F|  |TAMS 0x00000000d0400000, 0x00000000d0400000| Untracked 
| 229|0x00000000d0500000, 0x00000000d0500000, 0x00000000d0600000|  0%| F|  |TAMS 0x00000000d0500000, 0x00000000d0500000| Untracked 
| 230|0x00000000d0600000, 0x00000000d0600000, 0x00000000d0700000|  0%| F|  |TAMS 0x00000000d0600000, 0x00000000d0600000| Untracked 
| 231|0x00000000d0700000, 0x00000000d0700000, 0x00000000d0800000|  0%| F|  |TAMS 0x00000000d0700000, 0x00000000d0700000| Untracked 
| 232|0x00000000d0800000, 0x00000000d0800000, 0x00000000d0900000|  0%| F|  |TAMS 0x00000000d0800000, 0x00000000d0800000| Untracked 
| 233|0x00000000d0900000, 0x00000000d0900000, 0x00000000d0a00000|  0%| F|  |TAMS 0x00000000d0900000, 0x00000000d0900000| Untracked 
| 234|0x00000000d0a00000, 0x00000000d0a00000, 0x00000000d0b00000|  0%| F|  |TAMS 0x00000000d0a00000, 0x00000000d0a00000| Untracked 
| 235|0x00000000d0b00000, 0x00000000d0b00000, 0x00000000d0c00000|  0%| F|  |TAMS 0x00000000d0b00000, 0x00000000d0b00000| Untracked 
| 236|0x00000000d0c00000, 0x00000000d0c00000, 0x00000000d0d00000|  0%| F|  |TAMS 0x00000000d0c00000, 0x00000000d0c00000| Untracked 
| 237|0x00000000d0d00000, 0x00000000d0d00000, 0x00000000d0e00000|  0%| F|  |TAMS 0x00000000d0d00000, 0x00000000d0d00000| Untracked 
| 238|0x00000000d0e00000, 0x00000000d0e00000, 0x00000000d0f00000|  0%| F|  |TAMS 0x00000000d0e00000, 0x00000000d0e00000| Untracked 
| 239|0x00000000d0f00000, 0x00000000d0f00000, 0x00000000d1000000|  0%| F|  |TAMS 0x00000000d0f00000, 0x00000000d0f00000| Untracked 
| 240|0x00000000d1000000, 0x00000000d1000000, 0x00000000d1100000|  0%| F|  |TAMS 0x00000000d1000000, 0x00000000d1000000| Untracked 
| 241|0x00000000d1100000, 0x00000000d1100000, 0x00000000d1200000|  0%| F|  |TAMS 0x00000000d1100000, 0x00000000d1100000| Untracked 
| 242|0x00000000d1200000, 0x00000000d1200000, 0x00000000d1300000|  0%| F|  |TAMS 0x00000000d1200000, 0x00000000d1200000| Untracked 
| 243|0x00000000d1300000, 0x00000000d1300000, 0x00000000d1400000|  0%| F|  |TAMS 0x00000000d1300000, 0x00000000d1300000| Untracked 
| 244|0x00000000d1400000, 0x00000000d1400000, 0x00000000d1500000|  0%| F|  |TAMS 0x00000000d1400000, 0x00000000d1400000| Untracked 
| 245|0x00000000d1500000, 0x00000000d1500000, 0x00000000d1600000|  0%| F|  |TAMS 0x00000000d1500000, 0x00000000d1500000| Untracked 
| 246|0x00000000d1600000, 0x00000000d1600000, 0x00000000d1700000|  0%| F|  |TAMS 0x00000000d1600000, 0x00000000d1600000| Untracked 
| 247|0x00000000d1700000, 0x00000000d1700000, 0x00000000d1800000|  0%| F|  |TAMS 0x00000000d1700000, 0x00000000d1700000| Untracked 
| 248|0x00000000d1800000, 0x00000000d1800000, 0x00000000d1900000|  0%| F|  |TAMS 0x00000000d1800000, 0x00000000d1800000| Untracked 
| 249|0x00000000d1900000, 0x00000000d1900000, 0x00000000d1a00000|  0%| F|  |TAMS 0x00000000d1900000, 0x00000000d1900000| Untracked 
| 250|0x00000000d1a00000, 0x00000000d1a00000, 0x00000000d1b00000|  0%| F|  |TAMS 0x00000000d1a00000, 0x00000000d1a00000| Untracked 
| 251|0x00000000d1b00000, 0x00000000d1b00000, 0x00000000d1c00000|  0%| F|  |TAMS 0x00000000d1b00000, 0x00000000d1b00000| Untracked 
| 252|0x00000000d1c00000, 0x00000000d1d00000, 0x00000000d1d00000|100%| S|CS|TAMS 0x00000000d1c00000, 0x00000000d1c00000| Complete 
| 253|0x00000000d1d00000, 0x00000000d1e00000, 0x00000000d1e00000|100%| S|CS|TAMS 0x00000000d1d00000, 0x00000000d1d00000| Complete 
| 254|0x00000000d1e00000, 0x00000000d1f00000, 0x00000000d1f00000|100%| S|CS|TAMS 0x00000000d1e00000, 0x00000000d1e00000| Complete 
| 255|0x00000000d1f00000, 0x00000000d2000000, 0x00000000d2000000|100%| S|CS|TAMS 0x00000000d1f00000, 0x00000000d1f00000| Complete 
| 256|0x00000000d2000000, 0x00000000d2100000, 0x00000000d2100000|100%| S|CS|TAMS 0x00000000d2000000, 0x00000000d2000000| Complete 
| 257|0x00000000d2100000, 0x00000000d2100000, 0x00000000d2200000|  0%| F|  |TAMS 0x00000000d2100000, 0x00000000d2100000| Untracked 
| 258|0x00000000d2200000, 0x00000000d2200000, 0x00000000d2300000|  0%| F|  |TAMS 0x00000000d2200000, 0x00000000d2200000| Untracked 
| 259|0x00000000d2300000, 0x00000000d2300000, 0x00000000d2400000|  0%| F|  |TAMS 0x00000000d2300000, 0x00000000d2300000| Untracked 
| 260|0x00000000d2400000, 0x00000000d2400000, 0x00000000d2500000|  0%| F|  |TAMS 0x00000000d2400000, 0x00000000d2400000| Untracked 
| 261|0x00000000d2500000, 0x00000000d2500000, 0x00000000d2600000|  0%| F|  |TAMS 0x00000000d2500000, 0x00000000d2500000| Untracked 
| 262|0x00000000d2600000, 0x00000000d2600000, 0x00000000d2700000|  0%| F|  |TAMS 0x00000000d2600000, 0x00000000d2600000| Untracked 
| 263|0x00000000d2700000, 0x00000000d2700000, 0x00000000d2800000|  0%| F|  |TAMS 0x00000000d2700000, 0x00000000d2700000| Untracked 
| 264|0x00000000d2800000, 0x00000000d2800000, 0x00000000d2900000|  0%| F|  |TAMS 0x00000000d2800000, 0x00000000d2800000| Untracked 
| 265|0x00000000d2900000, 0x00000000d2900000, 0x00000000d2a00000|  0%| F|  |TAMS 0x00000000d2900000, 0x00000000d2900000| Untracked 
| 266|0x00000000d2a00000, 0x00000000d2a00000, 0x00000000d2b00000|  0%| F|  |TAMS 0x00000000d2a00000, 0x00000000d2a00000| Untracked 
| 267|0x00000000d2b00000, 0x00000000d2b00000, 0x00000000d2c00000|  0%| F|  |TAMS 0x00000000d2b00000, 0x00000000d2b00000| Untracked 
| 268|0x00000000d2c00000, 0x00000000d2c00000, 0x00000000d2d00000|  0%| F|  |TAMS 0x00000000d2c00000, 0x00000000d2c00000| Untracked 
| 269|0x00000000d2d00000, 0x00000000d2d00000, 0x00000000d2e00000|  0%| F|  |TAMS 0x00000000d2d00000, 0x00000000d2d00000| Untracked 
| 270|0x00000000d2e00000, 0x00000000d2e00000, 0x00000000d2f00000|  0%| F|  |TAMS 0x00000000d2e00000, 0x00000000d2e00000| Untracked 
| 271|0x00000000d2f00000, 0x00000000d2f00000, 0x00000000d3000000|  0%| F|  |TAMS 0x00000000d2f00000, 0x00000000d2f00000| Untracked 
| 272|0x00000000d3000000, 0x00000000d3000000, 0x00000000d3100000|  0%| F|  |TAMS 0x00000000d3000000, 0x00000000d3000000| Untracked 
| 273|0x00000000d3100000, 0x00000000d3100000, 0x00000000d3200000|  0%| F|  |TAMS 0x00000000d3100000, 0x00000000d3100000| Untracked 
| 274|0x00000000d3200000, 0x00000000d3200000, 0x00000000d3300000|  0%| F|  |TAMS 0x00000000d3200000, 0x00000000d3200000| Untracked 
| 275|0x00000000d3300000, 0x00000000d3300000, 0x00000000d3400000|  0%| F|  |TAMS 0x00000000d3300000, 0x00000000d3300000| Untracked 
| 276|0x00000000d3400000, 0x00000000d3400000, 0x00000000d3500000|  0%| F|  |TAMS 0x00000000d3400000, 0x00000000d3400000| Untracked 
| 277|0x00000000d3500000, 0x00000000d3500000, 0x00000000d3600000|  0%| F|  |TAMS 0x00000000d3500000, 0x00000000d3500000| Untracked 
| 278|0x00000000d3600000, 0x00000000d3600000, 0x00000000d3700000|  0%| F|  |TAMS 0x00000000d3600000, 0x00000000d3600000| Untracked 
| 279|0x00000000d3700000, 0x00000000d3700000, 0x00000000d3800000|  0%| F|  |TAMS 0x00000000d3700000, 0x00000000d3700000| Untracked 
| 280|0x00000000d3800000, 0x00000000d3800000, 0x00000000d3900000|  0%| F|  |TAMS 0x00000000d3800000, 0x00000000d3800000| Untracked 
| 281|0x00000000d3900000, 0x00000000d3900000, 0x00000000d3a00000|  0%| F|  |TAMS 0x00000000d3900000, 0x00000000d3900000| Untracked 
| 282|0x00000000d3a00000, 0x00000000d3a00000, 0x00000000d3b00000|  0%| F|  |TAMS 0x00000000d3a00000, 0x00000000d3a00000| Untracked 
| 283|0x00000000d3b00000, 0x00000000d3b00000, 0x00000000d3c00000|  0%| F|  |TAMS 0x00000000d3b00000, 0x00000000d3b00000| Untracked 
| 284|0x00000000d3c00000, 0x00000000d3c00000, 0x00000000d3d00000|  0%| F|  |TAMS 0x00000000d3c00000, 0x00000000d3c00000| Untracked 
| 285|0x00000000d3d00000, 0x00000000d3d00000, 0x00000000d3e00000|  0%| F|  |TAMS 0x00000000d3d00000, 0x00000000d3d00000| Untracked 
| 286|0x00000000d3e00000, 0x00000000d3e00000, 0x00000000d3f00000|  0%| F|  |TAMS 0x00000000d3e00000, 0x00000000d3e00000| Untracked 
| 287|0x00000000d3f00000, 0x00000000d3f00000, 0x00000000d4000000|  0%| F|  |TAMS 0x00000000d3f00000, 0x00000000d3f00000| Untracked 
| 288|0x00000000d4000000, 0x00000000d4000000, 0x00000000d4100000|  0%| F|  |TAMS 0x00000000d4000000, 0x00000000d4000000| Untracked 
| 289|0x00000000d4100000, 0x00000000d4100000, 0x00000000d4200000|  0%| F|  |TAMS 0x00000000d4100000, 0x00000000d4100000| Untracked 
| 290|0x00000000d4200000, 0x00000000d4200000, 0x00000000d4300000|  0%| F|  |TAMS 0x00000000d4200000, 0x00000000d4200000| Untracked 
| 291|0x00000000d4300000, 0x00000000d4300000, 0x00000000d4400000|  0%| F|  |TAMS 0x00000000d4300000, 0x00000000d4300000| Untracked 
| 292|0x00000000d4400000, 0x00000000d4400000, 0x00000000d4500000|  0%| F|  |TAMS 0x00000000d4400000, 0x00000000d4400000| Untracked 
| 293|0x00000000d4500000, 0x00000000d4500000, 0x00000000d4600000|  0%| F|  |TAMS 0x00000000d4500000, 0x00000000d4500000| Untracked 

Card table byte_map: [0x00000209b2d40000,0x00000209b2f30000] _byte_map_base: 0x00000209b2730000

Marking Bits (Prev, Next): (CMBitMap*) 0x00000209a84618d0, (CMBitMap*) 0x00000209a8461910
 Prev Bits: [0x00000209b3120000, 0x00000209b40a0000)
 Next Bits: [0x00000209b40a0000, 0x00000209b5020000)

Polling page: 0x00000209a63f0000

Metaspace:

Usage:
  Non-class:     57.43 MB used.
      Class:     10.06 MB used.
       Both:     67.49 MB used.

Virtual space:
  Non-class space:       64.00 MB reserved,      57.69 MB ( 90%) committed,  1 nodes.
      Class space:        1.00 GB reserved,      10.38 MB (  1%) committed,  1 nodes.
             Both:        1.06 GB reserved,      68.06 MB (  6%) committed. 

Chunk freelists:
   Non-Class:  6.19 MB
       Class:  5.67 MB
        Both:  11.86 MB

MaxMetaspaceSize: unlimited
CompressedClassSpaceSize: 1.00 GB
Initial GC threshold: 21.00 MB
Current GC threshold: 110.75 MB
CDS: on
MetaspaceReclaimPolicy: balanced
 - commit_granule_bytes: 65536.
 - commit_granule_words: 8192.
 - virtual_space_node_default_size: 8388608.
 - enlarge_chunks_in_place: 1.
 - new_chunks_are_fully_committed: 0.
 - uncommit_free_chunks: 1.
 - use_allocation_guard: 0.
 - handle_deallocations: 1.


Internal statistics:

num_allocs_failed_limit: 9.
num_arena_births: 848.
num_arena_deaths: 16.
num_vsnodes_births: 2.
num_vsnodes_deaths: 0.
num_space_committed: 1089.
num_space_uncommitted: 0.
num_chunks_returned_to_freelist: 26.
num_chunks_taken_from_freelist: 3378.
num_chunk_merges: 13.
num_chunk_splits: 2452.
num_chunks_enlarged: 1936.
num_inconsistent_stats: 0.

CodeCache: size=49152Kb used=12471Kb max_used=12471Kb free=36680Kb
 bounds [0x00000209afd40000, 0x00000209b0970000, 0x00000209b2d40000]
 total_blobs=7650 nmethods=6958 adapters=617
 compilation: enabled
              stopped_count=0, restarted_count=0
 full_count=0

Compilation events (20 events):
Event: 38.842 Thread 0x00000209fd041010 6949       1       org.antlr.v4.runtime.CodePointCharStream::release (1 bytes)
Event: 38.842 Thread 0x00000209fd041010 nmethod 6949 0x00000209b0968390 code [0x00000209b0968520, 0x00000209b09685d8]
Event: 38.861 Thread 0x00000209fd041010 6950   !   1       org.antlr.v4.runtime.atn.ParserATNSimulator::addDFAState (173 bytes)
Event: 38.862 Thread 0x00000209a84eeac0 6951       1       org.antlr.v4.runtime.CommonToken::setLine (6 bytes)
Event: 38.862 Thread 0x00000209a84eeac0 nmethod 6951 0x00000209b0968690 code [0x00000209b0968820, 0x00000209b09688f8]
Event: 38.862 Thread 0x00000209a84eeac0 6952       1       org.antlr.v4.runtime.CommonToken::setCharPositionInLine (6 bytes)
Event: 38.862 Thread 0x00000209a84eeac0 nmethod 6952 0x00000209b0968990 code [0x00000209b0968b20, 0x00000209b0968bf8]
Event: 38.862 Thread 0x00000209a84eeac0 6953       1       org.antlr.v4.runtime.Lexer::emit (6 bytes)
Event: 38.862 Thread 0x00000209a84eeac0 nmethod 6953 0x00000209b0968c90 code [0x00000209b0968e20, 0x00000209b0968f38]
Event: 38.862 Thread 0x00000209a84eeac0 6954       1       org.antlr.v4.runtime.CommonToken::setTokenIndex (6 bytes)
Event: 38.862 Thread 0x00000209a84eeac0 nmethod 6954 0x00000209b0968f90 code [0x00000209b0969120, 0x00000209b09691f8]
Event: 38.863 Thread 0x00000209fd041010 nmethod 6950 0x00000209b0969290 code [0x00000209b0969560, 0x00000209b0969f68]
Event: 38.917 Thread 0x00000209fd041010 6955       1       org.antlr.v4.runtime.ParserRuleContext::addAnyChild (31 bytes)
Event: 38.917 Thread 0x00000209fd041010 nmethod 6955 0x00000209b096a710 code [0x00000209b096a8c0, 0x00000209b096ab08]
Event: 38.927 Thread 0x00000209fd041010 6956       1       org.antlr.v4.runtime.BailErrorStrategy::sync (1 bytes)
Event: 38.927 Thread 0x00000209fd041010 nmethod 6956 0x00000209b096ab90 code [0x00000209b096ad20, 0x00000209b096add8]
Event: 38.945 Thread 0x00000209a84eeac0 6957       1       org.antlr.v4.runtime.atn.ParserATNSimulator::computeTargetState (286 bytes)
Event: 38.945 Thread 0x00000209fd041010 6958   !   1       org.antlr.v4.runtime.atn.ParserATNSimulator::addDFAEdge (207 bytes)
Event: 38.947 Thread 0x00000209fd041010 nmethod 6958 0x00000209b096ae90 code [0x00000209b096b1a0, 0x00000209b096be28]
Event: 38.947 Thread 0x00000209a84eeac0 nmethod 6957 0x00000209b096c590 code [0x00000209b096c900, 0x00000209b096d4e8]

GC Heap History (20 events):
Event: 36.067 GC heap after
{Heap after GC invocations=18 (full 0):
 garbage-first heap   total 89088K, used 32758K [0x00000000c2000000, 0x0000000100000000)
  region size 1024K, 5 young (5120K), 5 survivors (5120K)
 Metaspace       used 65178K, committed 65728K, reserved 1114112K
  class space    used 9442K, committed 9664K, reserved 1048576K
}
Event: 37.283 GC heap before
{Heap before GC invocations=18 (full 0):
 garbage-first heap   total 89088K, used 70646K [0x00000000c2000000, 0x0000000100000000)
  region size 1024K, 42 young (43008K), 5 survivors (5120K)
 Metaspace       used 67452K, committed 68032K, reserved 1114112K
  class space    used 9921K, committed 10240K, reserved 1048576K
}
Event: 37.298 GC heap after
{Heap after GC invocations=19 (full 0):
 garbage-first heap   total 89088K, used 37586K [0x00000000c2000000, 0x0000000100000000)
  region size 1024K, 6 young (6144K), 6 survivors (6144K)
 Metaspace       used 67452K, committed 68032K, reserved 1114112K
  class space    used 9921K, committed 10240K, reserved 1048576K
}
Event: 37.448 GC heap before
{Heap before GC invocations=19 (full 0):
 garbage-first heap   total 89088K, used 70354K [0x00000000c2000000, 0x0000000100000000)
  region size 1024K, 38 young (38912K), 6 survivors (6144K)
 Metaspace       used 67452K, committed 68032K, reserved 1114112K
  class space    used 9921K, committed 10240K, reserved 1048576K
}
Event: 37.475 GC heap after
{Heap after GC invocations=20 (full 0):
 garbage-first heap   total 89088K, used 49465K [0x00000000c2000000, 0x0000000100000000)
  region size 1024K, 5 young (5120K), 5 survivors (5120K)
 Metaspace       used 67452K, committed 68032K, reserved 1114112K
  class space    used 9921K, committed 10240K, reserved 1048576K
}
Event: 37.538 GC heap before
{Heap before GC invocations=20 (full 0):
 garbage-first heap   total 89088K, used 59705K [0x00000000c2000000, 0x0000000100000000)
  region size 1024K, 16 young (16384K), 5 survivors (5120K)
 Metaspace       used 67452K, committed 68032K, reserved 1114112K
  class space    used 9921K, committed 10240K, reserved 1048576K
}
Event: 37.550 GC heap after
{Heap after GC invocations=21 (full 0):
 garbage-first heap   total 89088K, used 53428K [0x00000000c2000000, 0x0000000100000000)
  region size 1024K, 3 young (3072K), 3 survivors (3072K)
 Metaspace       used 67452K, committed 68032K, reserved 1114112K
  class space    used 9921K, committed 10240K, reserved 1048576K
}
Event: 37.657 GC heap before
{Heap before GC invocations=21 (full 0):
 garbage-first heap   total 89088K, used 68788K [0x00000000c2000000, 0x0000000100000000)
  region size 1024K, 17 young (17408K), 3 survivors (3072K)
 Metaspace       used 67452K, committed 68032K, reserved 1114112K
  class space    used 9921K, committed 10240K, reserved 1048576K
}
Event: 37.670 GC heap after
{Heap after GC invocations=22 (full 0):
 garbage-first heap   total 89088K, used 59321K [0x00000000c2000000, 0x0000000100000000)
  region size 1024K, 3 young (3072K), 3 survivors (3072K)
 Metaspace       used 67452K, committed 68032K, reserved 1114112K
  class space    used 9921K, committed 10240K, reserved 1048576K
}
Event: 37.843 GC heap before
{Heap before GC invocations=22 (full 0):
 garbage-first heap   total 112640K, used 69561K [0x00000000c2000000, 0x0000000100000000)
  region size 1024K, 13 young (13312K), 3 survivors (3072K)
 Metaspace       used 67435K, committed 68032K, reserved 1114112K
  class space    used 9917K, committed 10240K, reserved 1048576K
}
Event: 37.859 GC heap after
{Heap after GC invocations=23 (full 0):
 garbage-first heap   total 301056K, used 63120K [0x00000000c2000000, 0x0000000100000000)
  region size 1024K, 2 young (2048K), 2 survivors (2048K)
 Metaspace       used 67435K, committed 68032K, reserved 1114112K
  class space    used 9917K, committed 10240K, reserved 1048576K
}
Event: 38.961 GC heap before
{Heap before GC invocations=24 (full 0):
 garbage-first heap   total 301056K, used 187024K [0x00000000c2000000, 0x0000000100000000)
  region size 1024K, 124 young (126976K), 2 survivors (2048K)
 Metaspace       used 69106K, committed 69696K, reserved 1114112K
  class space    used 10297K, committed 10624K, reserved 1048576K
}
Event: 39.020 GC heap after
{Heap after GC invocations=25 (full 0):
 garbage-first heap   total 301056K, used 72117K [0x00000000c2000000, 0x0000000100000000)
  region size 1024K, 11 young (11264K), 11 survivors (11264K)
 Metaspace       used 69106K, committed 69696K, reserved 1114112K
  class space    used 10297K, committed 10624K, reserved 1048576K
}
Event: 39.706 GC heap before
{Heap before GC invocations=25 (full 0):
 garbage-first heap   total 301056K, used 203189K [0x00000000c2000000, 0x0000000100000000)
  region size 1024K, 136 young (139264K), 11 survivors (11264K)
 Metaspace       used 69106K, committed 69696K, reserved 1114112K
  class space    used 10297K, committed 10624K, reserved 1048576K
}
Event: 40.575 GC heap after
{Heap after GC invocations=26 (full 0):
 garbage-first heap   total 301056K, used 121161K [0x00000000c2000000, 0x0000000100000000)
  region size 1024K, 17 young (17408K), 17 survivors (17408K)
 Metaspace       used 69106K, committed 69696K, reserved 1114112K
  class space    used 10297K, committed 10624K, reserved 1048576K
}
Event: 40.884 GC heap before
{Heap before GC invocations=26 (full 0):
 garbage-first heap   total 301056K, used 137545K [0x00000000c2000000, 0x0000000100000000)
  region size 1024K, 33 young (33792K), 17 survivors (17408K)
 Metaspace       used 69106K, committed 69696K, reserved 1114112K
  class space    used 10297K, committed 10624K, reserved 1048576K
}
Event: 40.953 GC heap after
{Heap after GC invocations=27 (full 0):
 garbage-first heap   total 301056K, used 126905K [0x00000000c2000000, 0x0000000100000000)
  region size 1024K, 5 young (5120K), 5 survivors (5120K)
 Metaspace       used 69106K, committed 69696K, reserved 1114112K
  class space    used 10297K, committed 10624K, reserved 1048576K
}
Event: 41.061 GC heap before
{Heap before GC invocations=27 (full 0):
 garbage-first heap   total 301056K, used 142265K [0x00000000c2000000, 0x0000000100000000)
  region size 1024K, 20 young (20480K), 5 survivors (5120K)
 Metaspace       used 69106K, committed 69696K, reserved 1114112K
  class space    used 10297K, committed 10624K, reserved 1048576K
}
Event: 41.092 GC heap after
{Heap after GC invocations=28 (full 0):
 garbage-first heap   total 301056K, used 134073K [0x00000000c2000000, 0x0000000100000000)
  region size 1024K, 3 young (3072K), 3 survivors (3072K)
 Metaspace       used 69106K, committed 69696K, reserved 1114112K
  class space    used 10297K, committed 10624K, reserved 1048576K
}
Event: 41.448 GC heap before
{Heap before GC invocations=28 (full 0):
 garbage-first heap   total 301056K, used 171961K [0x00000000c2000000, 0x0000000100000000)
  region size 1024K, 37 young (37888K), 3 survivors (3072K)
 Metaspace       used 69106K, committed 69696K, reserved 1114112K
  class space    used 10297K, committed 10624K, reserved 1048576K
}

Deoptimization events (4 events):
Event: 25.302 Thread 0x00000209fde47400 DEOPT PACKING pc=0x00000209b00c4297 sp=0x000000eae18ff330
Event: 25.302 Thread 0x00000209fde47400 DEOPT UNPACKING pc=0x00000209afd92b43 sp=0x000000eae18fe788 mode 3
Event: 25.302 Thread 0x00000209a636c3a0 DEOPT PACKING pc=0x00000209b002c901 sp=0x000000eae00f9bf0
Event: 25.302 Thread 0x00000209a636c3a0 DEOPT UNPACKING pc=0x00000209afd92b43 sp=0x000000eae00f9080 mode 3

Classes unloaded (8 events):
Event: 37.729 Thread 0x00000209a84d1850 Unloading class 0x00000209b9016c00 'java/lang/invoke/LambdaForm$MH+0x00000209b9016c00'
Event: 37.729 Thread 0x00000209a84d1850 Unloading class 0x00000209b9016400 'java/lang/invoke/LambdaForm$MH+0x00000209b9016400'
Event: 37.729 Thread 0x00000209a84d1850 Unloading class 0x00000209b9016000 'java/lang/invoke/LambdaForm$MH+0x00000209b9016000'
Event: 37.729 Thread 0x00000209a84d1850 Unloading class 0x00000209b9015c00 'java/lang/invoke/LambdaForm$MH+0x00000209b9015c00'
Event: 37.729 Thread 0x00000209a84d1850 Unloading class 0x00000209b9015800 'java/lang/invoke/LambdaForm$MH+0x00000209b9015800'
Event: 37.729 Thread 0x00000209a84d1850 Unloading class 0x00000209b9015400 'java/lang/invoke/LambdaForm$MH+0x00000209b9015400'
Event: 37.729 Thread 0x00000209a84d1850 Unloading class 0x00000209b9014c00 'java/lang/invoke/LambdaForm$MH+0x00000209b9014c00'
Event: 37.729 Thread 0x00000209a84d1850 Unloading class 0x00000209b9014400 'java/lang/invoke/LambdaForm$MH+0x00000209b9014400'

Classes redefined (0 events):
No events

Internal exceptions (20 events):
Event: 29.999 Thread 0x00000209a636c3a0 Exception <a 'java/lang/NoSuchMethodError'{0x00000000c6b72900}: 'java.lang.Object java.lang.invoke.DirectMethodHandle$Holder.newInvokeSpecial(java.lang.Object, java.lang.Object, java.lang.Object, java.lang.Object, java.lang.Object, java.lang.Object, java.lang.Object, int)'> (0x00000000c6b72900) 
thrown [s\open\src\hotspot\share\interpreter\linkResolver.cpp, line 759]
Event: 30.000 Thread 0x00000209a636c3a0 Exception <a 'java/lang/NoSuchMethodError'{0x00000000c6b780f0}: 'java.lang.Object java.lang.invoke.DirectMethodHandle$Holder.invokeSpecial(java.lang.Object, java.lang.Object, java.lang.Object, java.lang.Object, java.lang.Object, java.lang.Object, java.lang.Object, java.lang.Object, int)'> (0x00000000c6b780f0) 
thrown [s\open\src\hotspot\share\interpreter\linkResolver.cpp, line 759]
Event: 30.001 Thread 0x00000209a636c3a0 Exception <a 'java/lang/NoSuchMethodError'{0x00000000c6b7d3b0}: 'java.lang.Object java.lang.invoke.Invokers$Holder.linkToTargetMethod(java.lang.Object, java.lang.Object, java.lang.Object, java.lang.Object, java.lang.Object, java.lang.Object, int, java.lang.Object)'> (0x00000000c6b7d3b0) 
thrown [s\open\src\hotspot\share\interpreter\linkResolver.cpp, line 759]
Event: 30.131 Thread 0x00000209a636c3a0 Exception <a 'java/lang/NoSuchMethodError'{0x00000000c6aaebd0}: 'java.lang.Object java.lang.invoke.DirectMethodHandle$Holder.newInvokeSpecial(java.lang.Object, java.lang.Object, int, java.lang.Object, int, java.lang.Object, java.lang.Object)'> (0x00000000c6aaebd0) 
thrown [s\open\src\hotspot\share\interpreter\linkResolver.cpp, line 759]
Event: 33.206 Thread 0x00000209a636c3a0 Exception <a 'java/lang/NoSuchMethodError'{0x00000000c7151480}: 'java.lang.Object java.lang.invoke.DirectMethodHandle$Holder.invokeSpecial(java.lang.Object, java.lang.Object, int, java.lang.Object, int)'> (0x00000000c7151480) 
thrown [s\open\src\hotspot\share\interpreter\linkResolver.cpp, line 759]
Event: 33.704 Thread 0x00000209a636c3a0 Exception <a 'java/lang/IncompatibleClassChangeError'{0x00000000c6c7b888}: Found class java.lang.Object, but interface was expected> (0x00000000c6c7b888) 
thrown [s\open\src\hotspot\share\interpreter\linkResolver.cpp, line 826]
Event: 33.956 Thread 0x00000209a636c3a0 Exception <a 'java/lang/IncompatibleClassChangeError'{0x00000000c6ab19c0}: Found class java.lang.Object, but interface was expected> (0x00000000c6ab19c0) 
thrown [s\open\src\hotspot\share\interpreter\linkResolver.cpp, line 826]
Event: 34.482 Thread 0x00000209a636c3a0 Exception <a 'java/lang/IncompatibleClassChangeError'{0x00000000c61597c8}: Found class java.lang.Object, but interface was expected> (0x00000000c61597c8) 
thrown [s\open\src\hotspot\share\interpreter\linkResolver.cpp, line 826]
Event: 34.880 Thread 0x00000209a636c3a0 Exception <a 'java/lang/reflect/InvocationTargetException'{0x00000000c5fb6670}> (0x00000000c5fb6670) 
thrown [s\open\src\hotspot\share\runtime\reflection.cpp, line 1121]
Event: 34.941 Thread 0x00000209a636c3a0 Exception <a 'java/lang/NoSuchMethodError'{0x00000000c5e1cda0}: 'int java.lang.invoke.DirectMethodHandle$Holder.invokeStatic(java.lang.Object, java.lang.Object, int)'> (0x00000000c5e1cda0) 
thrown [s\open\src\hotspot\share\interpreter\linkResolver.cpp, line 759]
Event: 34.957 Thread 0x00000209a636c3a0 Exception <a 'java/lang/IncompatibleClassChangeError'{0x00000000c5e5f768}: Found class java.lang.Object, but interface was expected> (0x00000000c5e5f768) 
thrown [s\open\src\hotspot\share\interpreter\linkResolver.cpp, line 826]
Event: 34.958 Thread 0x00000209a636c3a0 Exception <a 'java/lang/IncompatibleClassChangeError'{0x00000000c5e662b0}: Found class java.lang.Object, but interface was expected> (0x00000000c5e662b0) 
thrown [s\open\src\hotspot\share\interpreter\linkResolver.cpp, line 826]
Event: 35.237 Thread 0x00000209a636c3a0 Exception <a 'java/lang/NoSuchMethodError'{0x00000000c5c3feb0}: 'java.lang.Object java.lang.invoke.DirectMethodHandle$Holder.invokeStatic(java.lang.Object, int, java.lang.Object)'> (0x00000000c5c3feb0) 
thrown [s\open\src\hotspot\share\interpreter\linkResolver.cpp, line 759]
Event: 35.288 Thread 0x00000209a636c3a0 Exception <a 'java/lang/reflect/InvocationTargetException'{0x00000000c5c7bbe8}> (0x00000000c5c7bbe8) 
thrown [s\open\src\hotspot\share\runtime\reflection.cpp, line 1121]
Event: 35.638 Thread 0x00000209a636c3a0 Exception <a 'java/lang/NoSuchMethodError'{0x00000000c579e390}: 'long java.lang.invoke.DirectMethodHandle$Holder.invokeVirtual(java.lang.Object, java.lang.Object)'> (0x00000000c579e390) 
thrown [s\open\src\hotspot\share\interpreter\linkResolver.cpp, line 759]
Event: 35.746 Thread 0x00000209a636c3a0 Exception <a 'java/lang/NoSuchMethodError'{0x00000000c5586590}: 'void java.lang.invoke.DirectMethodHandle$Holder.invokeVirtual(java.lang.Object, java.lang.Object, long)'> (0x00000000c5586590) 
thrown [s\open\src\hotspot\share\interpreter\linkResolver.cpp, line 759]
Event: 35.895 Thread 0x00000209a636c3a0 Exception <a 'java/lang/reflect/InvocationTargetException'{0x00000000c51b2f88}> (0x00000000c51b2f88) 
thrown [s\open\src\hotspot\share\runtime\reflection.cpp, line 1121]
Event: 35.973 Thread 0x00000209a636c3a0 Exception <a 'java/lang/NoSuchMethodError'{0x00000000c4fc4728}: 'int java.lang.invoke.DirectMethodHandle$Holder.invokeStaticInit(java.lang.Object, int, java.lang.Object, java.lang.Object, java.lang.Object, java.lang.Object)'> (0x00000000c4fc4728) 
thrown [s\open\src\hotspot\share\interpreter\linkResolver.cpp, line 759]
Event: 36.335 Thread 0x00000209a636c3a0 Exception <a 'java/lang/reflect/InvocationTargetException'{0x00000000c722df10}> (0x00000000c722df10) 
thrown [s\open\src\hotspot\share\runtime\reflection.cpp, line 1121]
Event: 36.361 Thread 0x00000209a636c3a0 Exception <a 'java/lang/reflect/InvocationTargetException'{0x00000000c726dc78}> (0x00000000c726dc78) 
thrown [s\open\src\hotspot\share\runtime\reflection.cpp, line 1121]

VM Operations (20 events):
Event: 37.550 Executing VM operation: G1TryInitiateConcMark done
Event: 37.657 Executing VM operation: G1CollectForAllocation
Event: 37.670 Executing VM operation: G1CollectForAllocation done
Event: 37.728 Executing VM operation: G1Concurrent
Event: 37.823 Executing VM operation: G1Concurrent done
Event: 37.843 Executing VM operation: G1CollectForAllocation
Event: 37.859 Executing VM operation: G1CollectForAllocation done
Event: 37.933 Executing VM operation: G1Concurrent
Event: 37.933 Executing VM operation: G1Concurrent done
Event: 38.940 Executing VM operation: Cleanup
Event: 38.941 Executing VM operation: Cleanup done
Event: 38.961 Executing VM operation: G1CollectForAllocation
Event: 39.020 Executing VM operation: G1CollectForAllocation done
Event: 39.706 Executing VM operation: G1CollectForAllocation
Event: 40.586 Executing VM operation: G1CollectForAllocation done
Event: 40.884 Executing VM operation: G1CollectForAllocation
Event: 40.953 Executing VM operation: G1CollectForAllocation done
Event: 41.061 Executing VM operation: G1CollectForAllocation
Event: 41.092 Executing VM operation: G1CollectForAllocation done
Event: 41.448 Executing VM operation: G1CollectForAllocation

Events (20 events):
Event: 35.638 loading class java/nio/channels/CompletionHandler done
Event: 35.685 Thread 0x00000209fde48270 Thread added: 0x00000209fde48270
Event: 35.697 Thread 0x00000209fde478d0 Thread added: 0x00000209fde478d0
Event: 35.717 Thread 0x00000209fde49a80 Thread added: 0x00000209fde49a80
Event: 35.989 loading class java/lang/invoke/MethodHandleImpl$CountingWrapper$1
Event: 35.994 loading class java/lang/invoke/MethodHandleImpl$CountingWrapper$1 done
Event: 36.029 loading class sun/reflect/ReflectionFactory
Event: 36.032 loading class sun/reflect/ReflectionFactory done
Event: 36.032 loading class sun/reflect/ReflectionFactory$1
Event: 36.032 loading class sun/reflect/ReflectionFactory$1 done
Event: 36.032 loading class java/io/OptionalDataException
Event: 36.034 loading class java/io/OptionalDataException done
Event: 36.035 loading class jdk/internal/reflect/SerializationConstructorAccessorImpl
Event: 36.037 loading class jdk/internal/reflect/SerializationConstructorAccessorImpl done
Event: 36.543 loading class java/util/EmptyStackException
Event: 36.546 loading class java/util/EmptyStackException done
Event: 37.050 loading class java/io/InvalidClassException
Event: 37.051 loading class java/io/InvalidClassException done
Event: 37.078 loading class java/util/ArrayList$ListItr
Event: 37.079 loading class java/util/ArrayList$ListItr done


Dynamic libraries:
0x00007ff6e6a10000 - 0x00007ff6e6a20000 	C:\Program Files\Java\jdk-17.0.18\bin\java.exe
0x00007ffb0f710000 - 0x00007ffb0f908000 	C:\WINDOWS\SYSTEM32\ntdll.dll
0x00007ffb0f520000 - 0x00007ffb0f5e2000 	C:\WINDOWS\System32\KERNEL32.DLL
0x00007ffb0ce50000 - 0x00007ffb0d146000 	C:\WINDOWS\System32\KERNELBASE.dll
0x00007ffb0d150000 - 0x00007ffb0d250000 	C:\WINDOWS\System32\ucrtbase.dll
0x00007ffb027d0000 - 0x00007ffb027e9000 	C:\Program Files\Java\jdk-17.0.18\bin\jli.dll
0x00007ffb02720000 - 0x00007ffb0273e000 	C:\Program Files\Java\jdk-17.0.18\bin\VCRUNTIME140.dll
0x00007ffb0eab0000 - 0x00007ffb0eb61000 	C:\WINDOWS\System32\ADVAPI32.dll
0x00007ffb0de20000 - 0x00007ffb0debe000 	C:\WINDOWS\System32\msvcrt.dll
0x00007ffb0d7c0000 - 0x00007ffb0d85f000 	C:\WINDOWS\System32\sechost.dll
0x00007ffb0df50000 - 0x00007ffb0e070000 	C:\WINDOWS\System32\RPCRT4.dll
0x00007ffb0d250000 - 0x00007ffb0d277000 	C:\WINDOWS\System32\bcrypt.dll
0x00007ffb0e530000 - 0x00007ffb0e6d1000 	C:\WINDOWS\System32\USER32.dll
0x00007ffb0d2d0000 - 0x00007ffb0d2f2000 	C:\WINDOWS\System32\win32u.dll
0x00007ffaffaa0000 - 0x00007ffaffd3b000 	C:\WINDOWS\WinSxS\amd64_microsoft.windows.common-controls_6595b64144ccf1df_6.0.19041.6456_none_60b8a6cb71f64256\COMCTL32.dll
0x00007ffb0df20000 - 0x00007ffb0df4b000 	C:\WINDOWS\System32\GDI32.dll
0x00007ffb0d300000 - 0x00007ffb0d419000 	C:\WINDOWS\System32\gdi32full.dll
0x00007ffb0d610000 - 0x00007ffb0d6ad000 	C:\WINDOWS\System32\msvcp_win.dll
0x00007ffb07a00000 - 0x00007ffb07a0a000 	C:\WINDOWS\SYSTEM32\VERSION.dll
0x00007ffb0f6a0000 - 0x00007ffb0f6cf000 	C:\WINDOWS\System32\IMM32.DLL
0x00007ffb08200000 - 0x00007ffb0820c000 	C:\Program Files\Java\jdk-17.0.18\bin\vcruntime140_1.dll
0x00007ffae7900000 - 0x00007ffae798d000 	C:\Program Files\Java\jdk-17.0.18\bin\msvcp140.dll
0x00007ffacc040000 - 0x00007ffaccc24000 	C:\Program Files\Java\jdk-17.0.18\bin\server\jvm.dll
0x00007ffb0d980000 - 0x00007ffb0d988000 	C:\WINDOWS\System32\PSAPI.DLL
0x00007ffafdbe0000 - 0x00007ffafdc07000 	C:\WINDOWS\SYSTEM32\WINMM.dll
0x00007ffafebe0000 - 0x00007ffafebe9000 	C:\WINDOWS\SYSTEM32\WSOCK32.dll
0x00007ffb0e6e0000 - 0x00007ffb0e74b000 	C:\WINDOWS\System32\WS2_32.dll
0x00007ffb0b5c0000 - 0x00007ffb0b5d2000 	C:\WINDOWS\SYSTEM32\kernel.appcore.dll
0x00007ffb03990000 - 0x00007ffb0399a000 	C:\Program Files\Java\jdk-17.0.18\bin\jimage.dll
0x00007ffb0a930000 - 0x00007ffb0ab31000 	C:\WINDOWS\SYSTEM32\DBGHELP.DLL
0x00007ffaf4fb0000 - 0x00007ffaf4fe4000 	C:\WINDOWS\SYSTEM32\dbgcore.DLL
0x00007ffb0d580000 - 0x00007ffb0d602000 	C:\WINDOWS\System32\bcryptPrimitives.dll
0x00007ffafc400000 - 0x00007ffafc426000 	C:\Program Files\Java\jdk-17.0.18\bin\java.dll
0x00007ffad9960000 - 0x00007ffad9a37000 	C:\Program Files\Java\jdk-17.0.18\bin\jsvml.dll
0x00007ffb0edb0000 - 0x00007ffb0f520000 	C:\WINDOWS\System32\SHELL32.dll
0x00007ffb0adb0000 - 0x00007ffb0b555000 	C:\WINDOWS\SYSTEM32\windows.storage.dll
0x00007ffb0e750000 - 0x00007ffb0eaa4000 	C:\WINDOWS\System32\combase.dll
0x00007ffb0c610000 - 0x00007ffb0c63b000 	C:\WINDOWS\SYSTEM32\Wldp.dll
0x00007ffb0ece0000 - 0x00007ffb0edad000 	C:\WINDOWS\System32\OLEAUT32.dll
0x00007ffb0f5f0000 - 0x00007ffb0f69d000 	C:\WINDOWS\System32\SHCORE.dll
0x00007ffb0e070000 - 0x00007ffb0e0cb000 	C:\WINDOWS\System32\shlwapi.dll
0x00007ffb0ccd0000 - 0x00007ffb0ccf4000 	C:\WINDOWS\SYSTEM32\profapi.dll
0x00007ffafc2f0000 - 0x00007ffafc30b000 	C:\Program Files\Java\jdk-17.0.18\bin\net.dll
0x00007ffb05dc0000 - 0x00007ffb05eca000 	C:\WINDOWS\SYSTEM32\WINHTTP.dll
0x00007ffb0c3f0000 - 0x00007ffb0c45a000 	C:\WINDOWS\system32\mswsock.dll
0x00007ffafc160000 - 0x00007ffafc176000 	C:\Program Files\Java\jdk-17.0.18\bin\nio.dll
0x00007ffaf3e00000 - 0x00007ffaf3e18000 	C:\Program Files\Java\jdk-17.0.18\bin\zip.dll
0x00007ffb035c0000 - 0x00007ffb035ce000 	C:\Program Files\Java\jdk-17.0.18\bin\sunmscapi.dll
0x00007ffb0d420000 - 0x00007ffb0d57d000 	C:\WINDOWS\System32\CRYPT32.dll
0x00007ffb0c760000 - 0x00007ffb0c787000 	C:\WINDOWS\SYSTEM32\ncrypt.dll
0x00007ffb0c720000 - 0x00007ffb0c75b000 	C:\WINDOWS\SYSTEM32\NTASN1.dll
0x00007ffb0c650000 - 0x00007ffb0c668000 	C:\WINDOWS\SYSTEM32\CRYPTSP.dll
0x00007ffb0bd30000 - 0x00007ffb0bd68000 	C:\WINDOWS\system32\rsaenh.dll
0x00007ffb0cc90000 - 0x00007ffb0ccbe000 	C:\WINDOWS\SYSTEM32\USERENV.dll
0x00007ffb0c580000 - 0x00007ffb0c58c000 	C:\WINDOWS\SYSTEM32\CRYPTBASE.dll
0x00007ffb0c0f0000 - 0x00007ffb0c12b000 	C:\WINDOWS\SYSTEM32\IPHLPAPI.DLL
0x00007ffb0d7b0000 - 0x00007ffb0d7b8000 	C:\WINDOWS\System32\NSI.dll
0x00007ffb047e0000 - 0x00007ffb047f7000 	C:\WINDOWS\SYSTEM32\dhcpcsvc6.DLL
0x00007ffb050c0000 - 0x00007ffb050dd000 	C:\WINDOWS\SYSTEM32\dhcpcsvc.DLL
0x00007ffb0c130000 - 0x00007ffb0c1fa000 	C:\WINDOWS\SYSTEM32\DNSAPI.dll
0x00007ffb03550000 - 0x00007ffb0355a000 	C:\Program Files\Java\jdk-17.0.18\bin\management.dll
0x00007ffb034a0000 - 0x00007ffb034ac000 	C:\Program Files\Java\jdk-17.0.18\bin\management_ext.dll
0x00007ffb03910000 - 0x00007ffb03920000 	C:\Program Files\Java\jdk-17.0.18\bin\verify.dll
0x0000000072980000 - 0x00000000729a6000 	C:\Program Files\Bonjour\mdnsNSP.dll
0x00007ffb00ec0000 - 0x00007ffb00eca000 	C:\Windows\System32\rasadhlp.dll
0x00007ffb02b20000 - 0x00007ffb02ba0000 	C:\WINDOWS\System32\fwpuclnt.dll

dbghelp: loaded successfully - version: 4.0.5 - missing functions: none
symbol engine: initialized successfully - sym options: 0x614 - pdb path: .;C:\Program Files\Java\jdk-17.0.18\bin;C:\WINDOWS\SYSTEM32;C:\WINDOWS\WinSxS\amd64_microsoft.windows.common-controls_6595b64144ccf1df_6.0.19041.6456_none_60b8a6cb71f64256;C:\Program Files\Java\jdk-17.0.18\bin\server;C:\Program Files\Bonjour

VM Arguments:
jvm_args: -XX:TieredStopAtLevel=1 
java_command: com.ajalkarbill.website.WebsiteApplication
java_class_path (initial): H:\Billing System Project\Ajalkar-Billing-Website\backend\target\classes;C:\Users\Om\.m2\repository\org\springframework\boot\spring-boot\3.5.0\spring-boot-3.5.0.jar;C:\Users\Om\.m2\repository\org\springframework\boot\spring-boot-autoconfigure\3.5.0\spring-boot-autoconfigure-3.5.0.jar;C:\Users\Om\.m2\repository\ch\qos\logback\logback-classic\1.5.18\logback-classic-1.5.18.jar;C:\Users\Om\.m2\repository\ch\qos\logback\logback-core\1.5.18\logback-core-1.5.18.jar;C:\Users\Om\.m2\repository\org\apache\logging\log4j\log4j-to-slf4j\2.24.3\log4j-to-slf4j-2.24.3.jar;C:\Users\Om\.m2\repository\org\apache\logging\log4j\log4j-api\2.24.3\log4j-api-2.24.3.jar;C:\Users\Om\.m2\repository\org\slf4j\jul-to-slf4j\2.0.17\jul-to-slf4j-2.0.17.jar;C:\Users\Om\.m2\repository\jakarta\annotation\jakarta.annotation-api\2.1.1\jakarta.annotation-api-2.1.1.jar;C:\Users\Om\.m2\repository\org\yaml\snakeyaml\2.4\snakeyaml-2.4.jar;C:\Users\Om\.m2\repository\com\zaxxer\HikariCP\6.3.0\HikariCP-6.3.0.jar;C:\Users\Om\.m2\repository\org\springframework\spring-jdbc\6.2.7\spring-jdbc-6.2.7.jar;C:\Users\Om\.m2\repository\org\hibernate\orm\hibernate-core\6.6.15.Final\hibernate-core-6.6.15.Final.jar;C:\Users\Om\.m2\repository\jakarta\persistence\jakarta.persistence-api\3.1.0\jakarta.persistence-api-3.1.0.jar;C:\Users\Om\.m2\repository\jakarta\transaction\jakarta.transaction-api\2.0.1\jakarta.transaction-api-2.0.1.jar;C:\Users\Om\.m2\repository\org\jboss\logging\jboss-logging\3.6.1.Final\jboss-logging-3.6.1.Final.jar;C:\Users\Om\.m2\repository\org\hibernate\common\hibernate-commons-annotations\7.0.3.Final\hibernate-commons-annotations-7.0.3.Final.jar;C:\Users\Om\.m2\repository\io\smallrye\jandex\3.2.0\jandex-3.2.0.jar;C:\Users\Om\.m2\repository\com\fasterxml\classmate\1.7.0\classmate-1.7.0.jar;C:\Users\Om\.m2\repository\net\bytebuddy\byte-buddy\1.17.5\byte-buddy-1.17.5.jar;C:\Users\Om\.m2\repository\org\glassfish\jaxb\jaxb-runtime\4.0.5\jaxb-runtime-4.0.5.jar;C:\Users\Om\.m2\reposit
Launcher Type: SUN_STANDARD

[Global flags]
     intx CICompilerCount                          = 3                                         {product} {ergonomic}
     uint ConcGCThreads                            = 1                                         {product} {ergonomic}
     uint G1ConcRefinementThreads                  = 4                                         {product} {ergonomic}
   size_t G1HeapRegionSize                         = 1048576                                   {product} {ergonomic}
    uintx GCDrainStackTargetSize                   = 64                                        {product} {ergonomic}
   size_t InitialHeapSize                          = 65011712                                  {product} {ergonomic}
   size_t MarkStackSize                            = 4194304                                   {product} {ergonomic}
   size_t MaxHeapSize                              = 1040187392                                {product} {ergonomic}
   size_t MaxNewSize                               = 623902720                                 {product} {ergonomic}
   size_t MinHeapDeltaBytes                        = 1048576                                   {product} {ergonomic}
   size_t MinHeapSize                              = 8388608                                   {product} {ergonomic}
    uintx NonProfiledCodeHeapSize                  = 0                                      {pd product} {ergonomic}
     bool ProfileInterpreter                       = false                                  {pd product} {command line}
    uintx ProfiledCodeHeapSize                     = 0                                      {pd product} {ergonomic}
   size_t SoftMaxHeapSize                          = 1040187392                             {manageable} {ergonomic}
     intx TieredStopAtLevel                        = 1                                         {product} {command line}
     bool UseCompressedClassPointers               = true                           {product lp64_product} {ergonomic}
     bool UseCompressedOops                        = true                           {product lp64_product} {ergonomic}
     bool UseG1GC                                  = true                                      {product} {ergonomic}
     bool UseLargePagesIndividualAllocation        = false                                  {pd product} {ergonomic}

Logging:
Log output configuration:
 #0: stdout all=warning uptime,level,tags
 #1: stderr all=off uptime,level,tags

Environment Variables:
JAVA_HOME=C:\Program Files\Java\jdk-17.0.18
PATH=C:\Program Files\Common Files\Oracle\Java\javapath;C:\Program Files\Eclipse Adoptium\jdk-21.0.10.7-hotspot\bin;E:\apache-maven-3.9.11\bin;C:\Program Files (x86)\Common Files\Oracle\Java\java8path;C:\Program Files (x86)\Common Files\Oracle\Java\javapath;C:\Python313\Scripts\;C:\Python313\;C:\WINDOWS\system32;C:\WINDOWS;C:\WINDOWS\System32\Wbem;C:\WINDOWS\System32\WindowsPowerShell\v1.0\;C:\WINDOWS\System32\OpenSSH\;F:\MongoDB\mongosh-2.3.3-win32-x64\mongosh-2.3.3-win32-x64\bin;C:\Program Files\Microsoft SQL Server\150\Tools\Binn\;C:\Program Files\MySQL\MySQL Server 8.0\bin;C:\Program Files\Git\cmd;C:\Program Files\nodejs\;C:\ProgramData\chocolatey\bin;C:\Program Files\nodejs;C:\Users\Om\AppData\Roaming\npm;D:\TypeScript\codes;C:\Program Files (x86)\Windows Kits\10\Windows Performance Toolkit\;C:\Program Files\Java\jdk-17\bin;C:\Program Files\Eclipse Adoptium\jre-11.0.28.6-hotspot\bin;C:\Program Files\Eclipse Adoptium\jdk-11.0.28.6-hotspot\bin;C:\Program Files\Amazon\AWSCLI\bin\;C:\Program Files\PuTTY\;C:\Program Files\Java\jdk-17\bin;C:\Program Files\Java\jdk1.8.0_111\bin;C:\Python313\Scripts\;C:\Python313\;C:\ProgramData\Oracle\Java\javapath;C:\app\Om\product\21c\dbhomeXE\bin;C:\WINDOWS\system32;C:\WINDOWS;C:\WINDOWS\System32\Wbem;C:\WINDOWS\System32\WindowsPowerShell\v1.0\;C:\WINDOWS\System32\OpenSSH\;F:\MongoDB\mongosh-2.3.3-win32-x64\mongosh-2.3.3-win32-x64\bin;C:\Program Files\Microsoft SQL Server\150\Tools\Binn\;C:\Program Files\MySQL\MySQL Server 8.0\bin;C:\Program Files\Git\cmd;C:\Program Files\nodejs\;C:\ProgramData\chocolatey\bin;C:\Program Files\nodejs;C:\Users\Om\AppData\Roaming\npm;D:\TypeScript\codes;C:\Program Files (x86)\Windows Kits\10\Windows Performance Toolkit\;E:\apache-maven-3.9.11\bin;C:\Program Files\MySQL\MySQL Shell 8.0\bin\;C:\Users\Om\AppData\Local\Microsoft\WindowsApps;C:\Users\Om\AppData\Local\Programs\Microsoft VS Code\bin;C:\Users\Om\AppData\Roaming\npm;C:\Users\Om\AppData\Local\Programs\Windsurf\bin;C:\Program Files\Java\jdk1.8.0_11
USERNAME=Om
LANG=en_US.UTF-8
OS=Windows_NT
PROCESSOR_IDENTIFIER=Intel64 Family 6 Model 142 Stepping 9, GenuineIntel



---------------  S Y S T E M  ---------------

OS:
 Windows 10 , 64 bit Build 19041 (10.0.19041.5915)
OS uptime: 0 days 6:05 hours
Hyper-V role detected

CPU: total 4 (initial active 4) (2 cores per cpu, 2 threads per core) family 6 model 142 stepping 9 microcode 0xb4, cx8, cmov, fxsr, ht, mmx, 3dnowpref, sse, sse2, sse3, ssse3, sse4.1, sse4.2, popcnt, lzcnt, tsc, tscinvbit, avx, avx2, aes, erms, clmul, bmi1, bmi2, adx, fma, vzeroupper, clflush, clflushopt, hv

Memory: 4k page, system-wide physical 3962M (164M free)
TotalPageFile size 16250M (AvailPageFile size 225M)
current process WorkingSet (physical memory assigned to process): 197M, peak: 369M
current process commit charge ("private bytes"): 483M, peak: 703M

vm_info: Java HotSpot(TM) 64-Bit Server VM (17.0.18+8-LTS-264) for windows-amd64 JRE (17.0.18+8-LTS-264), built on Dec 18 2025 09:51:58 by "mach5run" with MS VC++ 17.13 (VS2022)

END.
