#
# There is insufficient memory for the Java Runtime Environment to continue.
# Native memory allocation (mmap) failed to map 167772160 bytes for G1 virtual space
# Possible reasons:
#   The system is out of physical RAM or swap space
#   The process is running with CompressedOops enabled, and the Java Heap may be blocking the growth of the native heap
# Possible solutions:
#   Reduce memory load on the system
#   Increase physical memory or swap space
#   Check if swap backing store is full
#   Decrease Java heap size (-Xmx/-Xms)
#   Decrease number of Java threads
#   Decrease Java thread stack sizes (-Xss)
#   Set larger code cache with -XX:ReservedCodeCacheSize=
#   JVM is running with Unscaled Compressed Oops mode in which the Java heap is
#     placed in the first 4GB address space. The Java Heap base address is the
#     maximum limit for the native heap growth. Please use -XX:HeapBaseMinAddress
#     to set the Java Heap base and to place the Java Heap above 4GB virtual address.
# This output file may be truncated or incomplete.
#
#  Out of Memory Error (os_windows.cpp:3552), pid=3732, tid=6736
#
# JRE version: Java(TM) SE Runtime Environment (17.0.18+8) (build 17.0.18+8-LTS-264)
# Java VM: Java HotSpot(TM) 64-Bit Server VM (17.0.18+8-LTS-264, mixed mode, emulated-client, sharing, tiered, compressed oops, compressed class ptrs, g1 gc, windows-amd64)
# No core dump will be written. Minidumps are not enabled by default on client versions of Windows
#

---------------  S U M M A R Y ------------

Command Line: -XX:TieredStopAtLevel=1 com.ajalkarbill.website.WebsiteApplication

Host: Intel(R) Core(TM) i3-7020U CPU @ 2.30GHz, 4 cores, 3G,  Windows 10 , 64 bit Build 19041 (10.0.19041.5915)
Time: Thu Sep  3 22:13:11 2026 India Standard Time elapsed time: 40.079305 seconds (0d 0h 0m 40s)

---------------  T H R E A D  ---------------

Current thread (0x0000021739f6db00):  VMThread "VM Thread" [stack: 0x000000fece300000,0x000000fece400000] [id=6736]

Stack: [0x000000fece300000,0x000000fece400000]
Native frames: (J=compiled Java code, j=interpreted, Vv=VM code, C=native code)
V  [jvm.dll+0x67ea1a]
V  [jvm.dll+0x7de97b]
V  [jvm.dll+0x7e02be]
V  [jvm.dll+0x7e0943]
V  [jvm.dll+0x247a9f]
V  [jvm.dll+0x67ba19]
V  [jvm.dll+0x670782]
V  [jvm.dll+0x306b70]
V  [jvm.dll+0x306a12]
V  [jvm.dll+0x30e1a6]
V  [jvm.dll+0x35dcce]
V  [jvm.dll+0x35defd]
V  [jvm.dll+0x2ddc48]
V  [jvm.dll+0x2dc089]
V  [jvm.dll+0x2db85c]
V  [jvm.dll+0x31e32b]
V  [jvm.dll+0x7e514b]
V  [jvm.dll+0x7e5e74]
V  [jvm.dll+0x7e639e]
V  [jvm.dll+0x7e6795]
V  [jvm.dll+0x7e686e]
V  [jvm.dll+0x78fb5a]
V  [jvm.dll+0x67d8f5]
C  [ucrtbase.dll+0x21bb2]
C  [KERNEL32.DLL+0x17374]
C  [ntdll.dll+0x4cc91]

VM_Operation (0x000000fecddf7ad0): G1CollectForAllocation, mode: safepoint, requested by thread 0x0000021739ebb180


---------------  P R O C E S S  ---------------

Threads class SMR info:
_java_thread_list=0x0000021790956f40, length=16, elements={
0x0000021739ebb180, 0x0000021739f71ee0, 0x0000021739f74d60, 0x000002178a128e50,
0x000002178a129ac0, 0x000002178a12b480, 0x000002178a12ce40, 0x000002178a12d7f0,
0x000002178a131d90, 0x000002178a243a50, 0x000002178a24cb30, 0x000002178f039780,
0x000002178fac3980, 0x00000217909196f0, 0x00000217909bad40, 0x00000217908e8f20
}

Java Threads: ( => current thread )
  0x0000021739ebb180 JavaThread "main" [_thread_blocked, id=8800, stack(0x000000fecdd00000,0x000000fecde00000)]
  0x0000021739f71ee0 JavaThread "Reference Handler" daemon [_thread_blocked, id=5656, stack(0x000000fece400000,0x000000fece500000)]
  0x0000021739f74d60 JavaThread "Finalizer" daemon [_thread_blocked, id=16792, stack(0x000000fece500000,0x000000fece600000)]
  0x000002178a128e50 JavaThread "Signal Dispatcher" daemon [_thread_blocked, id=8420, stack(0x000000fece600000,0x000000fece700000)]
  0x000002178a129ac0 JavaThread "Attach Listener" daemon [_thread_blocked, id=14596, stack(0x000000fece700000,0x000000fece800000)]
  0x000002178a12b480 JavaThread "Service Thread" daemon [_thread_blocked, id=13532, stack(0x000000fece800000,0x000000fece900000)]
  0x000002178a12ce40 JavaThread "Monitor Deflation Thread" daemon [_thread_blocked, id=13708, stack(0x000000fece900000,0x000000fecea00000)]
  0x000002178a12d7f0 JavaThread "C1 CompilerThread0" daemon [_thread_blocked, id=4848, stack(0x000000fecea00000,0x000000feceb00000)]
  0x000002178a131d90 JavaThread "Sweeper thread" daemon [_thread_blocked, id=17188, stack(0x000000feceb00000,0x000000fecec00000)]
  0x000002178a243a50 JavaThread "Notification Thread" daemon [_thread_blocked, id=13336, stack(0x000000fecec00000,0x000000feced00000)]
  0x000002178a24cb30 JavaThread "Common-Cleaner" daemon [_thread_blocked, id=1432, stack(0x000000fecee00000,0x000000fecef00000)]
  0x000002178f039780 JavaThread "mysql-cj-abandoned-connection-cleanup" daemon [_thread_blocked, id=16264, stack(0x000000fecf200000,0x000000fecf300000)]
  0x000002178fac3980 JavaThread "HikariPool-1:housekeeper" daemon [_thread_blocked, id=12016, stack(0x000000fecf400000,0x000000fecf500000)]
  0x00000217909196f0 JavaThread "Catalina-utility-1" [_thread_blocked, id=14084, stack(0x000000fecf500000,0x000000fecf600000)]
  0x00000217909bad40 JavaThread "Catalina-utility-2" [_thread_blocked, id=13752, stack(0x000000fecf600000,0x000000fecf700000)]
  0x00000217908e8f20 JavaThread "container-0" [_thread_blocked, id=13880, stack(0x000000fecf700000,0x000000fecf800000)]

Other Threads:
=>0x0000021739f6db00 VMThread "VM Thread" [stack: 0x000000fece300000,0x000000fece400000] [id=6736]
  0x000002178a243f20 WatcherThread [stack: 0x000000feced00000,0x000000fecee00000] [id=3348]
  0x0000021739efe510 GCTaskThread "GC Thread#0" [stack: 0x000000fecde00000,0x000000fecdf00000] [id=12968]
  0x000002178a943970 GCTaskThread "GC Thread#1" [stack: 0x000000fecef00000,0x000000fecf000000] [id=13964]
  0x000002178a9631f0 GCTaskThread "GC Thread#2" [stack: 0x000000fecf000000,0x000000fecf100000] [id=5196]
  0x000002178a9634b0 GCTaskThread "GC Thread#3" [stack: 0x000000fecf100000,0x000000fecf200000] [id=12860]
  0x0000021739f07060 ConcurrentGCThread "G1 Main Marker" [stack: 0x000000fecdf00000,0x000000fece000000] [id=14620]
  0x0000021739f07a70 ConcurrentGCThread "G1 Conc#0" [stack: 0x000000fece000000,0x000000fece100000] [id=16692]
  0x0000021739f45b80 ConcurrentGCThread "G1 Refine#0" [stack: 0x000000fece100000,0x000000fece200000] [id=932]
  0x0000021739f465b0 ConcurrentGCThread "G1 Service" [stack: 0x000000fece200000,0x000000fece300000] [id=15384]

Threads with active compile tasks:

VM state: at safepoint (normal execution)

VM Mutex/Monitor currently owned by a thread:  ([mutex/lock_event])
[0x0000021739eb77c0] Threads_lock - owner thread: 0x0000021739f6db00
[0x0000021739eb6ec0] Heap_lock - owner thread: 0x0000021739ebb180

Heap address: 0x00000000c2000000, size: 992 MB, Compressed Oops mode: 32-bit

CDS archive(s) mapped at: [0x0000021749000000-0x0000021749bd0000-0x0000021749bd0000), size 12386304, SharedBaseAddress: 0x0000021749000000, ArchiveRelocationMode: 1.
Compressed class space mapped at: 0x000002174a000000-0x000002178a000000, reserved size: 1073741824
Narrow klass base: 0x0000021749000000, Narrow klass shift: 0, Narrow klass range: 0x100000000

GC Precious Log:
 CPUs: 4 total, 4 available
 Memory: 3962M
 Large Page Support: Disabled
 NUMA Support: Disabled
 Compressed Oops: Enabled (32-bit)
 Heap Region Size: 1M
 Heap Min Capacity: 8M
 Heap Initial Capacity: 62M
 Heap Max Capacity: 992M
 Pre-touch: Disabled
 Parallel Workers: 4
 Concurrent Workers: 1
 Concurrent Refinement Workers: 4
 Periodic GC: Disabled

Heap:
 garbage-first heap   total 81920K, used 52685K [0x00000000c2000000, 0x0000000100000000)
  region size 1024K, 1 young (1024K), 1 survivors (1024K)
 Metaspace       used 67334K, committed 67904K, reserved 1114112K
  class space    used 9918K, committed 10176K, reserved 1048576K

Heap Regions: E=young(eden), S=young(survivor), O=old, HS=humongous(starts), HC=humongous(continues), CS=collection set, F=free, OA=open archive, CA=closed archive, TAMS=top-at-mark-start (previous, next)
|   0|0x00000000c2000000, 0x00000000c2100000, 0x00000000c2100000|100%|HS|  |TAMS 0x00000000c2100000, 0x00000000c2000000| Complete 
|   1|0x00000000c2100000, 0x00000000c2200000, 0x00000000c2200000|100%|HS|  |TAMS 0x00000000c2200000, 0x00000000c2100000| Complete 
|   2|0x00000000c2200000, 0x00000000c2300000, 0x00000000c2300000|100%| O|  |TAMS 0x00000000c2300000, 0x00000000c2200000| Untracked 
|   3|0x00000000c2300000, 0x00000000c2400000, 0x00000000c2400000|100%| O|  |TAMS 0x00000000c2400000, 0x00000000c2300000| Untracked 
|   4|0x00000000c2400000, 0x00000000c2500000, 0x00000000c2500000|100%| O|  |TAMS 0x00000000c2500000, 0x00000000c2400000| Untracked 
|   5|0x00000000c2500000, 0x00000000c2600000, 0x00000000c2600000|100%| O|  |TAMS 0x00000000c2600000, 0x00000000c2500000| Untracked 
|   6|0x00000000c2600000, 0x00000000c2700000, 0x00000000c2700000|100%| O|  |TAMS 0x00000000c2700000, 0x00000000c2600000| Untracked 
|   7|0x00000000c2700000, 0x00000000c2800000, 0x00000000c2800000|100%| O|  |TAMS 0x00000000c2800000, 0x00000000c2700000| Untracked 
|   8|0x00000000c2800000, 0x00000000c2900000, 0x00000000c2900000|100%| O|  |TAMS 0x00000000c2900000, 0x00000000c2800000| Untracked 
|   9|0x00000000c2900000, 0x00000000c2a00000, 0x00000000c2a00000|100%| O|  |TAMS 0x00000000c2a00000, 0x00000000c2900000| Untracked 
|  10|0x00000000c2a00000, 0x00000000c2b00000, 0x00000000c2b00000|100%| O|  |TAMS 0x00000000c2b00000, 0x00000000c2a00000| Untracked 
|  11|0x00000000c2b00000, 0x00000000c2c00000, 0x00000000c2c00000|100%| O|  |TAMS 0x00000000c2c00000, 0x00000000c2b00000| Untracked 
|  12|0x00000000c2c00000, 0x00000000c2d00000, 0x00000000c2d00000|100%| O|  |TAMS 0x00000000c2d00000, 0x00000000c2c00000| Untracked 
|  13|0x00000000c2d00000, 0x00000000c2e00000, 0x00000000c2e00000|100%| O|  |TAMS 0x00000000c2e00000, 0x00000000c2d00000| Untracked 
|  14|0x00000000c2e00000, 0x00000000c2f00000, 0x00000000c2f00000|100%| O|  |TAMS 0x00000000c2e00000, 0x00000000c2e00000| Untracked 
|  15|0x00000000c2f00000, 0x00000000c3000000, 0x00000000c3000000|100%| O|  |TAMS 0x00000000c3000000, 0x00000000c2f00000| Untracked 
|  16|0x00000000c3000000, 0x00000000c3000000, 0x00000000c3100000|  0%| F|  |TAMS 0x00000000c3000000, 0x00000000c3000000| Untracked 
|  17|0x00000000c3100000, 0x00000000c3200000, 0x00000000c3200000|100%| O|  |TAMS 0x00000000c3200000, 0x00000000c3100000| Untracked 
|  18|0x00000000c3200000, 0x00000000c3300000, 0x00000000c3300000|100%| O|  |TAMS 0x00000000c3300000, 0x00000000c3200000| Untracked 
|  19|0x00000000c3300000, 0x00000000c3400000, 0x00000000c3400000|100%| O|  |TAMS 0x00000000c3400000, 0x00000000c3300000| Untracked 
|  20|0x00000000c3400000, 0x00000000c3500000, 0x00000000c3500000|100%| O|  |TAMS 0x00000000c3500000, 0x00000000c3400000| Untracked 
|  21|0x00000000c3500000, 0x00000000c3600000, 0x00000000c3600000|100%| O|  |TAMS 0x00000000c3600000, 0x00000000c3500000| Untracked 
|  22|0x00000000c3600000, 0x00000000c3700000, 0x00000000c3700000|100%| O|  |TAMS 0x00000000c3700000, 0x00000000c3600000| Untracked 
|  23|0x00000000c3700000, 0x00000000c3800000, 0x00000000c3800000|100%| O|  |TAMS 0x00000000c3800000, 0x00000000c3700000| Untracked 
|  24|0x00000000c3800000, 0x00000000c3900000, 0x00000000c3900000|100%| O|  |TAMS 0x00000000c3900000, 0x00000000c3800000| Untracked 
|  25|0x00000000c3900000, 0x00000000c3a00000, 0x00000000c3a00000|100%| O|  |TAMS 0x00000000c3a00000, 0x00000000c3900000| Untracked 
|  26|0x00000000c3a00000, 0x00000000c3b00000, 0x00000000c3b00000|100%| O|  |TAMS 0x00000000c3b00000, 0x00000000c3a00000| Untracked 
|  27|0x00000000c3b00000, 0x00000000c3c00000, 0x00000000c3c00000|100%| O|  |TAMS 0x00000000c3c00000, 0x00000000c3b00000| Untracked 
|  28|0x00000000c3c00000, 0x00000000c3d00000, 0x00000000c3d00000|100%| O|  |TAMS 0x00000000c3d00000, 0x00000000c3c00000| Untracked 
|  29|0x00000000c3d00000, 0x00000000c3e00000, 0x00000000c3e00000|100%| O|  |TAMS 0x00000000c3e00000, 0x00000000c3d00000| Untracked 
|  30|0x00000000c3e00000, 0x00000000c3f00000, 0x00000000c3f00000|100%| O|  |TAMS 0x00000000c3f00000, 0x00000000c3e00000| Untracked 
|  31|0x00000000c3f00000, 0x00000000c4000000, 0x00000000c4000000|100%| O|  |TAMS 0x00000000c4000000, 0x00000000c3f00000| Untracked 
|  32|0x00000000c4000000, 0x00000000c4100000, 0x00000000c4100000|100%| O|  |TAMS 0x00000000c4100000, 0x00000000c4000000| Untracked 
|  33|0x00000000c4100000, 0x00000000c4200000, 0x00000000c4200000|100%| O|  |TAMS 0x00000000c4200000, 0x00000000c4100000| Untracked 
|  34|0x00000000c4200000, 0x00000000c4300000, 0x00000000c4300000|100%| O|  |TAMS 0x00000000c4278800, 0x00000000c4200000| Untracked 
|  35|0x00000000c4300000, 0x00000000c4400000, 0x00000000c4400000|100%| O|  |TAMS 0x00000000c4300000, 0x00000000c4300000| Untracked 
|  36|0x00000000c4400000, 0x00000000c4500000, 0x00000000c4500000|100%| O|  |TAMS 0x00000000c4400000, 0x00000000c4400000| Untracked 
|  37|0x00000000c4500000, 0x00000000c4600000, 0x00000000c4600000|100%| O|  |TAMS 0x00000000c4500000, 0x00000000c4500000| Untracked 
|  38|0x00000000c4600000, 0x00000000c4700000, 0x00000000c4700000|100%| O|  |TAMS 0x00000000c4600000, 0x00000000c4600000| Untracked 
|  39|0x00000000c4700000, 0x00000000c4800000, 0x00000000c4800000|100%| O|  |TAMS 0x00000000c4700000, 0x00000000c4700000| Untracked 
|  40|0x00000000c4800000, 0x00000000c4900000, 0x00000000c4900000|100%| O|  |TAMS 0x00000000c4800000, 0x00000000c4800000| Untracked 
|  41|0x00000000c4900000, 0x00000000c4a00000, 0x00000000c4a00000|100%| O|  |TAMS 0x00000000c4900000, 0x00000000c4900000| Untracked 
|  42|0x00000000c4a00000, 0x00000000c4b00000, 0x00000000c4b00000|100%| O|  |TAMS 0x00000000c4a00000, 0x00000000c4a00000| Untracked 
|  43|0x00000000c4b00000, 0x00000000c4c00000, 0x00000000c4c00000|100%| O|  |TAMS 0x00000000c4b00000, 0x00000000c4b00000| Untracked 
|  44|0x00000000c4c00000, 0x00000000c4d00000, 0x00000000c4d00000|100%| O|  |TAMS 0x00000000c4c00000, 0x00000000c4c00000| Untracked 
|  45|0x00000000c4d00000, 0x00000000c4e00000, 0x00000000c4e00000|100%| O|  |TAMS 0x00000000c4d00000, 0x00000000c4d00000| Untracked 
|  46|0x00000000c4e00000, 0x00000000c4f00000, 0x00000000c4f00000|100%| O|  |TAMS 0x00000000c4e00000, 0x00000000c4e00000| Untracked 
|  47|0x00000000c4f00000, 0x00000000c5000000, 0x00000000c5000000|100%| O|  |TAMS 0x00000000c4f00000, 0x00000000c4f00000| Untracked 
|  48|0x00000000c5000000, 0x00000000c5100000, 0x00000000c5100000|100%| O|  |TAMS 0x00000000c5000000, 0x00000000c5000000| Untracked 
|  49|0x00000000c5100000, 0x00000000c5200000, 0x00000000c5200000|100%| O|  |TAMS 0x00000000c5100000, 0x00000000c5100000| Untracked 
|  50|0x00000000c5200000, 0x00000000c5300000, 0x00000000c5300000|100%| O|  |TAMS 0x00000000c5200000, 0x00000000c5200000| Untracked 
|  51|0x00000000c5300000, 0x00000000c5400000, 0x00000000c5400000|100%| O|  |TAMS 0x00000000c5300000, 0x00000000c5300000| Untracked 
|  52|0x00000000c5400000, 0x00000000c5400000, 0x00000000c5500000|  0%| F|  |TAMS 0x00000000c5400000, 0x00000000c5400000| Untracked 
|  53|0x00000000c5500000, 0x00000000c5500000, 0x00000000c5600000|  0%| F|  |TAMS 0x00000000c5500000, 0x00000000c5500000| Untracked 
|  54|0x00000000c5600000, 0x00000000c5600000, 0x00000000c5700000|  0%| F|  |TAMS 0x00000000c5600000, 0x00000000c5600000| Untracked 
|  55|0x00000000c5700000, 0x00000000c5700000, 0x00000000c5800000|  0%| F|  |TAMS 0x00000000c5700000, 0x00000000c5700000| Untracked 
|  56|0x00000000c5800000, 0x00000000c5800000, 0x00000000c5900000|  0%| F|  |TAMS 0x00000000c5800000, 0x00000000c5800000| Untracked 
|  57|0x00000000c5900000, 0x00000000c5900000, 0x00000000c5a00000|  0%| F|  |TAMS 0x00000000c5900000, 0x00000000c5900000| Untracked 
|  58|0x00000000c5a00000, 0x00000000c5a00000, 0x00000000c5b00000|  0%| F|  |TAMS 0x00000000c5a00000, 0x00000000c5a00000| Untracked 
|  59|0x00000000c5b00000, 0x00000000c5b00000, 0x00000000c5c00000|  0%| F|  |TAMS 0x00000000c5b00000, 0x00000000c5b00000| Untracked 
|  60|0x00000000c5c00000, 0x00000000c5c00000, 0x00000000c5d00000|  0%| F|  |TAMS 0x00000000c5c00000, 0x00000000c5c00000| Untracked 
|  61|0x00000000c5d00000, 0x00000000c5d00000, 0x00000000c5e00000|  0%| F|  |TAMS 0x00000000c5d00000, 0x00000000c5d00000| Untracked 
|  62|0x00000000c5e00000, 0x00000000c5e00000, 0x00000000c5f00000|  0%| F|  |TAMS 0x00000000c5e00000, 0x00000000c5e00000| Untracked 
|  63|0x00000000c5f00000, 0x00000000c5f00000, 0x00000000c6000000|  0%| F|  |TAMS 0x00000000c5f00000, 0x00000000c5f00000| Untracked 
|  64|0x00000000c6000000, 0x00000000c6000000, 0x00000000c6100000|  0%| F|  |TAMS 0x00000000c6000000, 0x00000000c6000000| Untracked 
|  65|0x00000000c6100000, 0x00000000c6100000, 0x00000000c6200000|  0%| F|  |TAMS 0x00000000c6100000, 0x00000000c6100000| Untracked 
|  66|0x00000000c6200000, 0x00000000c6200000, 0x00000000c6300000|  0%| F|  |TAMS 0x00000000c6200000, 0x00000000c6200000| Untracked 
|  67|0x00000000c6300000, 0x00000000c6300000, 0x00000000c6400000|  0%| F|  |TAMS 0x00000000c6300000, 0x00000000c6300000| Untracked 
|  68|0x00000000c6400000, 0x00000000c6400000, 0x00000000c6500000|  0%| F|  |TAMS 0x00000000c6400000, 0x00000000c6400000| Untracked 
|  69|0x00000000c6500000, 0x00000000c6500000, 0x00000000c6600000|  0%| F|  |TAMS 0x00000000c6500000, 0x00000000c6500000| Untracked 
|  70|0x00000000c6600000, 0x00000000c6600000, 0x00000000c6700000|  0%| F|  |TAMS 0x00000000c6600000, 0x00000000c6600000| Untracked 
|  71|0x00000000c6700000, 0x00000000c6700000, 0x00000000c6800000|  0%| F|  |TAMS 0x00000000c6700000, 0x00000000c6700000| Untracked 
|  72|0x00000000c6800000, 0x00000000c6800000, 0x00000000c6900000|  0%| F|  |TAMS 0x00000000c6800000, 0x00000000c6800000| Untracked 
|  73|0x00000000c6900000, 0x00000000c6900000, 0x00000000c6a00000|  0%| F|  |TAMS 0x00000000c6900000, 0x00000000c6900000| Untracked 
|  74|0x00000000c6a00000, 0x00000000c6a00000, 0x00000000c6b00000|  0%| F|  |TAMS 0x00000000c6a00000, 0x00000000c6a00000| Untracked 
|  75|0x00000000c6b00000, 0x00000000c6b00000, 0x00000000c6c00000|  0%| F|  |TAMS 0x00000000c6b00000, 0x00000000c6b00000| Untracked 
|  76|0x00000000c6c00000, 0x00000000c6c00000, 0x00000000c6d00000|  0%| F|  |TAMS 0x00000000c6c00000, 0x00000000c6c00000| Untracked 
|  77|0x00000000c6d00000, 0x00000000c6d73680, 0x00000000c6e00000| 45%| S|CS|TAMS 0x00000000c6d00000, 0x00000000c6d00000| Complete 
|  78|0x00000000c6e00000, 0x00000000c6e00000, 0x00000000c6f00000|  0%| F|  |TAMS 0x00000000c6e00000, 0x00000000c6e00000| Untracked 
|  79|0x00000000c6f00000, 0x00000000c6f00000, 0x00000000c7000000|  0%| F|  |TAMS 0x00000000c6f00000, 0x00000000c6f00000| Untracked 

Card table byte_map: [0x00000217447d0000,0x00000217449c0000] _byte_map_base: 0x00000217441c0000

Marking Bits (Prev, Next): (CMBitMap*) 0x0000021739efeb70, (CMBitMap*) 0x0000021739efeb30
 Prev Bits: [0x0000021745b30000, 0x0000021746ab0000)
 Next Bits: [0x0000021744bb0000, 0x0000021745b30000)

Polling page: 0x0000021737ec0000

Metaspace:

Usage:
  Non-class:     56.07 MB used.
      Class:      9.69 MB used.
       Both:     65.76 MB used.

Virtual space:
  Non-class space:       64.00 MB reserved,      56.38 MB ( 88%) committed,  1 nodes.
      Class space:        1.00 GB reserved,       9.94 MB ( <1%) committed,  1 nodes.
             Both:        1.06 GB reserved,      66.31 MB (  6%) committed. 

Chunk freelists:
   Non-Class:  7.55 MB
       Class:  6.03 MB
        Both:  13.58 MB

MaxMetaspaceSize: unlimited
CompressedClassSpaceSize: 1.00 GB
Initial GC threshold: 21.00 MB
Current GC threshold: 110.56 MB
CDS: on
MetaspaceReclaimPolicy: balanced
 - commit_granule_bytes: 65536.
 - commit_granule_words: 8192.
 - virtual_space_node_default_size: 8388608.
 - enlarge_chunks_in_place: 1.
 - new_chunks_are_fully_committed: 0.
 - uncommit_free_chunks: 1.
 - use_allocation_guard: 0.
 - handle_deallocations: 1.


Internal statistics:

num_allocs_failed_limit: 9.
num_arena_births: 848.
num_arena_deaths: 36.
num_vsnodes_births: 2.
num_vsnodes_deaths: 0.
num_space_committed: 1061.
num_space_uncommitted: 0.
num_chunks_returned_to_freelist: 48.
num_chunks_taken_from_freelist: 3367.
num_chunk_merges: 14.
num_chunk_splits: 2408.
num_chunks_enlarged: 1873.
num_inconsistent_stats: 0.

CodeCache: size=49152Kb used=11548Kb max_used=11548Kb free=37603Kb
 bounds [0x00000217417d0000, 0x0000021742320000, 0x00000217447d0000]
 total_blobs=7436 nmethods=6745 adapters=617
 compilation: enabled
              stopped_count=0, restarted_count=0
 full_count=0

Compilation events (20 events):
Event: 39.716 Thread 0x000002178a12d7f0 6736       1       org.antlr.v4.runtime.atn.ActionTransition::getSerializationType (3 bytes)
Event: 39.716 Thread 0x000002178a12d7f0 nmethod 6736 0x0000021742313f90 code [0x0000021742314120, 0x00000217423141f8]
Event: 39.745 Thread 0x000002178a12d7f0 6737       1       org.antlr.v4.runtime.atn.ATNConfigSet::iterator (8 bytes)
Event: 39.745 Thread 0x000002178a12d7f0 nmethod 6737 0x0000021742314290 code [0x0000021742314420, 0x00000217423145b8]
Event: 39.751 Thread 0x000002178a12d7f0 6738       1       org.antlr.v4.runtime.atn.ArrayPredictionContext::getReturnState (7 bytes)
Event: 39.751 Thread 0x000002178a12d7f0 nmethod 6738 0x0000021742314690 code [0x0000021742314820, 0x0000021742314918]
Event: 39.772 Thread 0x000002178a12d7f0 6739       1       org.antlr.v4.runtime.atn.ParserATNSimulator::actionTransition (60 bytes)
Event: 39.773 Thread 0x000002178a12d7f0 nmethod 6739 0x0000021742314a10 code [0x0000021742314c20, 0x0000021742314f38]
Event: 39.804 Thread 0x000002178a12d7f0 6740       1       org.antlr.v4.runtime.misc.FlexibleHashMap::expand (151 bytes)
Event: 39.805 Thread 0x000002178a12d7f0 nmethod 6740 0x0000021742315190 code [0x00000217423153a0, 0x00000217423158b8]
Event: 39.809 Thread 0x000002178a12d7f0 6741       1       org.antlr.v4.runtime.atn.ATNConfigSet::<init> (44 bytes)
Event: 39.809 Thread 0x000002178a12d7f0 nmethod 6741 0x0000021742315c10 code [0x0000021742315dc0, 0x00000217423160b8]
Event: 39.809 Thread 0x000002178a12d7f0 6742       1       org.antlr.v4.runtime.atn.ATNConfigSet$ConfigHashSet::<init> (8 bytes)
Event: 39.810 Thread 0x000002178a12d7f0 nmethod 6742 0x0000021742316210 code [0x00000217423163a0, 0x0000021742316488]
Event: 39.810 Thread 0x000002178a12d7f0 6743       1       org.antlr.v4.runtime.atn.ParserATNSimulator::closure (44 bytes)
Event: 39.810 Thread 0x000002178a12d7f0 nmethod 6743 0x0000021742316590 code [0x0000021742316720, 0x0000021742316828]
Event: 39.817 Thread 0x000002178a12d7f0 6744       1       org.antlr.v4.runtime.misc.FlexibleHashMap::size (5 bytes)
Event: 39.817 Thread 0x000002178a12d7f0 nmethod 6744 0x0000021742316910 code [0x0000021742316aa0, 0x0000021742316b78]
Event: 39.987 Thread 0x000002178a12d7f0 6745       1       org.antlr.v4.runtime.CodePointCharStream$CodePoint8BitCharStream::LA (98 bytes)
Event: 39.987 Thread 0x000002178a12d7f0 nmethod 6745 0x0000021742316c10 code [0x0000021742316de0, 0x00000217423170a8]

GC Heap History (20 events):
Event: 29.476 GC heap after
{Heap after GC invocations=16 (full 0):
 garbage-first heap   total 63488K, used 29210K [0x00000000c2000000, 0x0000000100000000)
  region size 1024K, 3 young (3072K), 3 survivors (3072K)
 Metaspace       used 53229K, committed 53696K, reserved 1114112K
  class space    used 7622K, committed 7872K, reserved 1048576K
}
Event: 31.366 GC heap before
{Heap before GC invocations=16 (full 0):
 garbage-first heap   total 63488K, used 49690K [0x00000000c2000000, 0x0000000100000000)
  region size 1024K, 24 young (24576K), 3 survivors (3072K)
 Metaspace       used 57175K, committed 57664K, reserved 1114112K
  class space    used 8231K, committed 8448K, reserved 1048576K
}
Event: 31.377 GC heap after
{Heap after GC invocations=17 (full 0):
 garbage-first heap   total 63488K, used 30014K [0x00000000c2000000, 0x0000000100000000)
  region size 1024K, 2 young (2048K), 2 survivors (2048K)
 Metaspace       used 57175K, committed 57664K, reserved 1114112K
  class space    used 8231K, committed 8448K, reserved 1048576K
}
Event: 33.080 GC heap before
{Heap before GC invocations=17 (full 0):
 garbage-first heap   total 63488K, used 47422K [0x00000000c2000000, 0x0000000100000000)
  region size 1024K, 20 young (20480K), 2 survivors (2048K)
 Metaspace       used 59748K, committed 60288K, reserved 1114112K
  class space    used 8608K, committed 8832K, reserved 1048576K
}
Event: 33.089 GC heap after
{Heap after GC invocations=18 (full 0):
 garbage-first heap   total 63488K, used 30521K [0x00000000c2000000, 0x0000000100000000)
  region size 1024K, 2 young (2048K), 2 survivors (2048K)
 Metaspace       used 59748K, committed 60288K, reserved 1114112K
  class space    used 8608K, committed 8832K, reserved 1048576K
}
Event: 36.420 GC heap before
{Heap before GC invocations=19 (full 0):
 garbage-first heap   total 63488K, used 51001K [0x00000000c2000000, 0x0000000100000000)
  region size 1024K, 22 young (22528K), 2 survivors (2048K)
 Metaspace       used 62942K, committed 63552K, reserved 1114112K
  class space    used 9081K, committed 9344K, reserved 1048576K
}
Event: 36.431 GC heap after
{Heap after GC invocations=20 (full 0):
 garbage-first heap   total 63488K, used 31854K [0x00000000c2000000, 0x0000000100000000)
  region size 1024K, 3 young (3072K), 3 survivors (3072K)
 Metaspace       used 62942K, committed 63552K, reserved 1114112K
  class space    used 9081K, committed 9344K, reserved 1048576K
}
Event: 38.104 GC heap before
{Heap before GC invocations=20 (full 0):
 garbage-first heap   total 63488K, used 51310K [0x00000000c2000000, 0x0000000100000000)
  region size 1024K, 22 young (22528K), 3 survivors (3072K)
 Metaspace       used 65089K, committed 65664K, reserved 1114112K
  class space    used 9425K, committed 9664K, reserved 1048576K
}
Event: 38.173 GC heap after
{Heap after GC invocations=21 (full 0):
 garbage-first heap   total 63488K, used 33403K [0x00000000c2000000, 0x0000000100000000)
  region size 1024K, 3 young (3072K), 3 survivors (3072K)
 Metaspace       used 65089K, committed 65664K, reserved 1114112K
  class space    used 9425K, committed 9664K, reserved 1048576K
}
Event: 39.577 GC heap before
{Heap before GC invocations=22 (full 0):
 garbage-first heap   total 63488K, used 51835K [0x00000000c2000000, 0x0000000100000000)
  region size 1024K, 21 young (21504K), 3 survivors (3072K)
 Metaspace       used 67299K, committed 67840K, reserved 1114112K
  class space    used 9912K, committed 10176K, reserved 1048576K
}
Event: 39.597 GC heap after
{Heap after GC invocations=23 (full 0):
 garbage-first heap   total 76800K, used 34809K [0x00000000c2000000, 0x0000000100000000)
  region size 1024K, 3 young (3072K), 3 survivors (3072K)
 Metaspace       used 67299K, committed 67840K, reserved 1114112K
  class space    used 9912K, committed 10176K, reserved 1048576K
}
Event: 39.602 GC heap before
{Heap before GC invocations=23 (full 0):
 garbage-first heap   total 76800K, used 35833K [0x00000000c2000000, 0x0000000100000000)
  region size 1024K, 4 young (4096K), 3 survivors (3072K)
 Metaspace       used 67299K, committed 67840K, reserved 1114112K
  class space    used 9912K, committed 10176K, reserved 1048576K
}
Event: 39.623 GC heap after
{Heap after GC invocations=24 (full 0):
 garbage-first heap   total 76800K, used 34828K [0x00000000c2000000, 0x0000000100000000)
  region size 1024K, 1 young (1024K), 1 survivors (1024K)
 Metaspace       used 67299K, committed 67840K, reserved 1114112K
  class space    used 9912K, committed 10176K, reserved 1048576K
}
Event: 39.787 GC heap before
{Heap before GC invocations=24 (full 0):
 garbage-first heap   total 76800K, used 61452K [0x00000000c2000000, 0x0000000100000000)
  region size 1024K, 27 young (27648K), 1 survivors (1024K)
 Metaspace       used 67334K, committed 67904K, reserved 1114112K
  class space    used 9918K, committed 10176K, reserved 1048576K
}
Event: 39.796 GC heap after
{Heap after GC invocations=25 (full 0):
 garbage-first heap   total 76800K, used 40960K [0x00000000c2000000, 0x0000000100000000)
  region size 1024K, 4 young (4096K), 4 survivors (4096K)
 Metaspace       used 67334K, committed 67904K, reserved 1114112K
  class space    used 9918K, committed 10176K, reserved 1048576K
}
Event: 39.899 GC heap before
{Heap before GC invocations=25 (full 0):
 garbage-first heap   total 76800K, used 59392K [0x00000000c2000000, 0x0000000100000000)
  region size 1024K, 22 young (22528K), 4 survivors (4096K)
 Metaspace       used 67334K, committed 67904K, reserved 1114112K
  class space    used 9918K, committed 10176K, reserved 1048576K
}
Event: 39.915 GC heap after
{Heap after GC invocations=26 (full 0):
 garbage-first heap   total 76800K, used 47596K [0x00000000c2000000, 0x0000000100000000)
  region size 1024K, 3 young (3072K), 3 survivors (3072K)
 Metaspace       used 67334K, committed 67904K, reserved 1114112K
  class space    used 9918K, committed 10176K, reserved 1048576K
}
Event: 39.973 GC heap before
{Heap before GC invocations=27 (full 0):
 garbage-first heap   total 81920K, used 58860K [0x00000000c2000000, 0x0000000100000000)
  region size 1024K, 14 young (14336K), 3 survivors (3072K)
 Metaspace       used 67334K, committed 67904K, reserved 1114112K
  class space    used 9918K, committed 10176K, reserved 1048576K
}
Event: 39.985 GC heap after
{Heap after GC invocations=28 (full 0):
 garbage-first heap   total 81920K, used 52224K [0x00000000c2000000, 0x0000000100000000)
  region size 1024K, 2 young (2048K), 2 survivors (2048K)
 Metaspace       used 67334K, committed 67904K, reserved 1114112K
  class space    used 9918K, committed 10176K, reserved 1048576K
}
Event: 40.002 GC heap before
{Heap before GC invocations=28 (full 0):
 garbage-first heap   total 81920K, used 54272K [0x00000000c2000000, 0x0000000100000000)
  region size 1024K, 4 young (4096K), 2 survivors (2048K)
 Metaspace       used 67334K, committed 67904K, reserved 1114112K
  class space    used 9918K, committed 10176K, reserved 1048576K
}

Deoptimization events (4 events):
Event: 25.610 Thread 0x0000021739ebb180 DEOPT PACKING pc=0x0000021741b68681 sp=0x000000fecddfa020
Event: 25.610 Thread 0x0000021739ebb180 DEOPT UNPACKING pc=0x0000021741822b43 sp=0x000000fecddf94b0 mode 3
Event: 25.610 Thread 0x000002178fac3980 DEOPT PACKING pc=0x0000021741b55d17 sp=0x000000fecf4feff0
Event: 25.610 Thread 0x000002178fac3980 DEOPT UNPACKING pc=0x0000021741822b43 sp=0x000000fecf4fe448 mode 3

Classes unloaded (18 events):
Event: 33.176 Thread 0x0000021739f6db00 Unloading class 0x000002174a016c00 'java/lang/invoke/LambdaForm$MH+0x000002174a016c00'
Event: 33.176 Thread 0x0000021739f6db00 Unloading class 0x000002174a016400 'java/lang/invoke/LambdaForm$MH+0x000002174a016400'
Event: 33.176 Thread 0x0000021739f6db00 Unloading class 0x000002174a016000 'java/lang/invoke/LambdaForm$MH+0x000002174a016000'
Event: 33.176 Thread 0x0000021739f6db00 Unloading class 0x000002174a015c00 'java/lang/invoke/LambdaForm$MH+0x000002174a015c00'
Event: 33.176 Thread 0x0000021739f6db00 Unloading class 0x000002174a015800 'java/lang/invoke/LambdaForm$MH+0x000002174a015800'
Event: 33.176 Thread 0x0000021739f6db00 Unloading class 0x000002174a015400 'java/lang/invoke/LambdaForm$MH+0x000002174a015400'
Event: 33.176 Thread 0x0000021739f6db00 Unloading class 0x000002174a014c00 'java/lang/invoke/LambdaForm$MH+0x000002174a014c00'
Event: 33.176 Thread 0x0000021739f6db00 Unloading class 0x000002174a014400 'java/lang/invoke/LambdaForm$MH+0x000002174a014400'
Event: 38.270 Thread 0x0000021739f6db00 Unloading class 0x000002174a2f5800 'jdk/internal/reflect/GeneratedConstructorAccessor11'
Event: 38.270 Thread 0x0000021739f6db00 Unloading class 0x000002174a2b8400 'java/lang/invoke/LambdaForm$DMH+0x000002174a2b8400'
Event: 38.270 Thread 0x0000021739f6db00 Unloading class 0x000002174a125000 'java/lang/invoke/LambdaForm$MH+0x000002174a125000'
Event: 38.271 Thread 0x0000021739f6db00 Unloading class 0x000002174a119800 'java/lang/invoke/LambdaForm$MH+0x000002174a119800'
Event: 38.271 Thread 0x0000021739f6db00 Unloading class 0x000002174a119400 'java/lang/invoke/LambdaForm$MH+0x000002174a119400'
Event: 38.271 Thread 0x0000021739f6db00 Unloading class 0x000002174a0dd400 'java/lang/invoke/LambdaForm$DMH+0x000002174a0dd400'
Event: 38.271 Thread 0x0000021739f6db00 Unloading class 0x000002174a0dcc00 'java/lang/invoke/LambdaForm$DMH+0x000002174a0dcc00'
Event: 38.271 Thread 0x0000021739f6db00 Unloading class 0x000002174a0dc400 'java/lang/invoke/LambdaForm$DMH+0x000002174a0dc400'
Event: 38.271 Thread 0x0000021739f6db00 Unloading class 0x000002174a0d1c00 'java/lang/invoke/LambdaForm$DMH+0x000002174a0d1c00'
Event: 38.271 Thread 0x0000021739f6db00 Unloading class 0x000002174a0ac000 'java/lang/invoke/LambdaForm$DMH+0x000002174a0ac000'

Classes redefined (0 events):
No events

Internal exceptions (20 events):
Event: 33.155 Thread 0x0000021739ebb180 Exception <a 'java/lang/NoSuchMethodError'{0x00000000c5d62280}: 'java.lang.Object java.lang.invoke.DirectMethodHandle$Holder.newInvokeSpecial(java.lang.Object, java.lang.Object, int, java.lang.Object, int, java.lang.Object, java.lang.Object)'> (0x00000000c5d62280) 
thrown [s\open\src\hotspot\share\interpreter\linkResolver.cpp, line 759]
Event: 35.269 Thread 0x0000021739ebb180 Exception <a 'java/lang/NoSuchMethodError'{0x00000000c57999e0}: 'java.lang.Object java.lang.invoke.DirectMethodHandle$Holder.invokeSpecial(java.lang.Object, java.lang.Object, int, java.lang.Object, int)'> (0x00000000c57999e0) 
thrown [s\open\src\hotspot\share\interpreter\linkResolver.cpp, line 759]
Event: 35.643 Thread 0x0000021739ebb180 Exception <a 'java/lang/IncompatibleClassChangeError'{0x00000000c52c3a20}: Found class java.lang.Object, but interface was expected> (0x00000000c52c3a20) 
thrown [s\open\src\hotspot\share\interpreter\linkResolver.cpp, line 826]
Event: 35.859 Thread 0x0000021739ebb180 Exception <a 'java/lang/IncompatibleClassChangeError'{0x00000000c50f8808}: Found class java.lang.Object, but interface was expected> (0x00000000c50f8808) 
thrown [s\open\src\hotspot\share\interpreter\linkResolver.cpp, line 826]
Event: 36.485 Thread 0x0000021739ebb180 Exception <a 'java/lang/IncompatibleClassChangeError'{0x00000000c5da3928}: Found class java.lang.Object, but interface was expected> (0x00000000c5da3928) 
thrown [s\open\src\hotspot\share\interpreter\linkResolver.cpp, line 826]
Event: 36.697 Thread 0x0000021739ebb180 Exception <a 'java/lang/reflect/InvocationTargetException'{0x00000000c5a009a0}> (0x00000000c5a009a0) 
thrown [s\open\src\hotspot\share\runtime\reflection.cpp, line 1121]
Event: 36.738 Thread 0x0000021739ebb180 Exception <a 'java/lang/NoSuchMethodError'{0x00000000c5a66f90}: 'int java.lang.invoke.DirectMethodHandle$Holder.invokeStatic(java.lang.Object, java.lang.Object, int)'> (0x00000000c5a66f90) 
thrown [s\open\src\hotspot\share\interpreter\linkResolver.cpp, line 759]
Event: 36.755 Thread 0x0000021739ebb180 Exception <a 'java/lang/IncompatibleClassChangeError'{0x00000000c5aa9968}: Found class java.lang.Object, but interface was expected> (0x00000000c5aa9968) 
thrown [s\open\src\hotspot\share\interpreter\linkResolver.cpp, line 826]
Event: 36.756 Thread 0x0000021739ebb180 Exception <a 'java/lang/IncompatibleClassChangeError'{0x00000000c5ab04a8}: Found class java.lang.Object, but interface was expected> (0x00000000c5ab04a8) 
thrown [s\open\src\hotspot\share\interpreter\linkResolver.cpp, line 826]
Event: 36.982 Thread 0x0000021739ebb180 Exception <a 'java/lang/NoSuchMethodError'{0x00000000c588b608}: 'java.lang.Object java.lang.invoke.DirectMethodHandle$Holder.invokeStatic(java.lang.Object, int, java.lang.Object)'> (0x00000000c588b608) 
thrown [s\open\src\hotspot\share\interpreter\linkResolver.cpp, line 759]
Event: 37.019 Thread 0x0000021739ebb180 Exception <a 'java/lang/reflect/InvocationTargetException'{0x00000000c58e08f8}> (0x00000000c58e08f8) 
thrown [s\open\src\hotspot\share\runtime\reflection.cpp, line 1121]
Event: 37.322 Thread 0x0000021739ebb180 Exception <a 'java/lang/NoSuchMethodError'{0x00000000c53f2028}: 'long java.lang.invoke.DirectMethodHandle$Holder.invokeVirtual(java.lang.Object, java.lang.Object)'> (0x00000000c53f2028) 
thrown [s\open\src\hotspot\share\interpreter\linkResolver.cpp, line 759]
Event: 37.486 Thread 0x0000021739ebb180 Exception <a 'java/lang/NoSuchMethodError'{0x00000000c519c158}: 'void java.lang.invoke.DirectMethodHandle$Holder.invokeVirtual(java.lang.Object, java.lang.Object, long)'> (0x00000000c519c158) 
thrown [s\open\src\hotspot\share\interpreter\linkResolver.cpp, line 759]
Event: 37.800 Thread 0x0000021739ebb180 Exception <a 'java/lang/reflect/InvocationTargetException'{0x00000000c4dc9310}> (0x00000000c4dc9310) 
thrown [s\open\src\hotspot\share\runtime\reflection.cpp, line 1121]
Event: 38.095 Thread 0x0000021739ebb180 Exception <a 'java/lang/NoSuchMethodError'{0x00000000c4bda938}: 'int java.lang.invoke.DirectMethodHandle$Holder.invokeStaticInit(java.lang.Object, int, java.lang.Object, java.lang.Object, java.lang.Object, java.lang.Object)'> (0x00000000c4bda938) 
thrown [s\open\src\hotspot\share\interpreter\linkResolver.cpp, line 759]
Event: 38.611 Thread 0x0000021739ebb180 Exception <a 'java/lang/reflect/InvocationTargetException'{0x00000000c5850bd8}> (0x00000000c5850bd8) 
thrown [s\open\src\hotspot\share\runtime\reflection.cpp, line 1121]
Event: 38.616 Thread 0x0000021739ebb180 Exception <a 'java/lang/reflect/InvocationTargetException'{0x00000000c58614d0}> (0x00000000c58614d0) 
thrown [s\open\src\hotspot\share\runtime\reflection.cpp, line 1121]
Event: 38.624 Thread 0x0000021739ebb180 Exception <a 'java/lang/reflect/InvocationTargetException'{0x00000000c58727a0}> (0x00000000c58727a0) 
thrown [s\open\src\hotspot\share\runtime\reflection.cpp, line 1121]
Event: 38.627 Thread 0x0000021739ebb180 Exception <a 'java/lang/reflect/InvocationTargetException'{0x00000000c587dff8}> (0x00000000c587dff8) 
thrown [s\open\src\hotspot\share\runtime\reflection.cpp, line 1121]
Event: 38.648 Thread 0x0000021739ebb180 Exception <a 'java/lang/reflect/InvocationTargetException'{0x00000000c58b8ce0}> (0x00000000c58b8ce0) 
thrown [s\open\src\hotspot\share\runtime\reflection.cpp, line 1121]

VM Operations (20 events):
Event: 39.457 Executing VM operation: HandshakeAllThreads done
Event: 39.461 Executing VM operation: HandshakeAllThreads
Event: 39.461 Executing VM operation: HandshakeAllThreads done
Event: 39.577 Executing VM operation: G1CollectForAllocation
Event: 39.597 Executing VM operation: G1CollectForAllocation done
Event: 39.602 Executing VM operation: G1CollectForAllocation
Event: 39.623 Executing VM operation: G1CollectForAllocation done
Event: 39.656 Executing VM operation: HandshakeAllThreads
Event: 39.656 Executing VM operation: HandshakeAllThreads done
Event: 39.786 Executing VM operation: G1CollectForAllocation
Event: 39.796 Executing VM operation: G1CollectForAllocation done
Event: 39.899 Executing VM operation: G1CollectForAllocation
Event: 39.915 Executing VM operation: G1CollectForAllocation done
Event: 39.916 Executing VM operation: G1Concurrent
Event: 39.920 Executing VM operation: G1Concurrent done
Event: 39.972 Executing VM operation: G1Concurrent
Event: 39.973 Executing VM operation: G1Concurrent done
Event: 39.973 Executing VM operation: G1CollectForAllocation
Event: 39.985 Executing VM operation: G1CollectForAllocation done
Event: 40.002 Executing VM operation: G1CollectForAllocation

Events (20 events):
Event: 37.321 loading class java/nio/channels/CompletionHandler done
Event: 37.390 Thread 0x00000217909196f0 Thread added: 0x00000217909196f0
Event: 37.401 Thread 0x00000217909bad40 Thread added: 0x00000217909bad40
Event: 37.417 Thread 0x00000217908e8f20 Thread added: 0x00000217908e8f20
Event: 38.177 loading class java/lang/invoke/MethodHandleImpl$CountingWrapper$1
Event: 38.181 loading class java/lang/invoke/MethodHandleImpl$CountingWrapper$1 done
Event: 38.236 loading class sun/reflect/ReflectionFactory
Event: 38.242 loading class sun/reflect/ReflectionFactory done
Event: 38.242 loading class sun/reflect/ReflectionFactory$1
Event: 38.242 loading class sun/reflect/ReflectionFactory$1 done
Event: 38.242 loading class java/io/OptionalDataException
Event: 38.248 loading class java/io/OptionalDataException done
Event: 38.249 loading class jdk/internal/reflect/SerializationConstructorAccessorImpl
Event: 38.255 loading class jdk/internal/reflect/SerializationConstructorAccessorImpl done
Event: 38.767 loading class java/util/EmptyStackException
Event: 38.771 loading class java/util/EmptyStackException done
Event: 39.414 loading class java/io/InvalidClassException
Event: 39.416 loading class java/io/InvalidClassException done
Event: 39.453 loading class java/util/ArrayList$ListItr
Event: 39.455 loading class java/util/ArrayList$ListItr done


Dynamic libraries:
0x00007ff6e6a10000 - 0x00007ff6e6a20000 	C:\Program Files\Java\jdk-17.0.18\bin\java.exe
0x00007ffb0f710000 - 0x00007ffb0f908000 	C:\WINDOWS\SYSTEM32\ntdll.dll
0x00007ffb0f520000 - 0x00007ffb0f5e2000 	C:\WINDOWS\System32\KERNEL32.DLL
0x00007ffb0ce50000 - 0x00007ffb0d146000 	C:\WINDOWS\System32\KERNELBASE.dll
0x00007ffb0d150000 - 0x00007ffb0d250000 	C:\WINDOWS\System32\ucrtbase.dll
0x00007ffb027d0000 - 0x00007ffb027e9000 	C:\Program Files\Java\jdk-17.0.18\bin\jli.dll
0x00007ffb0eab0000 - 0x00007ffb0eb61000 	C:\WINDOWS\System32\ADVAPI32.dll
0x00007ffb0de20000 - 0x00007ffb0debe000 	C:\WINDOWS\System32\msvcrt.dll
0x00007ffb0d7c0000 - 0x00007ffb0d85f000 	C:\WINDOWS\System32\sechost.dll
0x00007ffb0df50000 - 0x00007ffb0e070000 	C:\WINDOWS\System32\RPCRT4.dll
0x00007ffb02720000 - 0x00007ffb0273e000 	C:\Program Files\Java\jdk-17.0.18\bin\VCRUNTIME140.dll
0x00007ffb0d250000 - 0x00007ffb0d277000 	C:\WINDOWS\System32\bcrypt.dll
0x00007ffb0e530000 - 0x00007ffb0e6d1000 	C:\WINDOWS\System32\USER32.dll
0x00007ffb0d2d0000 - 0x00007ffb0d2f2000 	C:\WINDOWS\System32\win32u.dll
0x00007ffb0df20000 - 0x00007ffb0df4b000 	C:\WINDOWS\System32\GDI32.dll
0x00007ffb0d300000 - 0x00007ffb0d419000 	C:\WINDOWS\System32\gdi32full.dll
0x00007ffb0d610000 - 0x00007ffb0d6ad000 	C:\WINDOWS\System32\msvcp_win.dll
0x00007ffaffaa0000 - 0x00007ffaffd3b000 	C:\WINDOWS\WinSxS\amd64_microsoft.windows.common-controls_6595b64144ccf1df_6.0.19041.6456_none_60b8a6cb71f64256\COMCTL32.dll
0x00007ffb07a00000 - 0x00007ffb07a0a000 	C:\WINDOWS\SYSTEM32\VERSION.dll
0x00007ffb0f6a0000 - 0x00007ffb0f6cf000 	C:\WINDOWS\System32\IMM32.DLL
0x00007ffb08200000 - 0x00007ffb0820c000 	C:\Program Files\Java\jdk-17.0.18\bin\vcruntime140_1.dll
0x00007ffae7900000 - 0x00007ffae798d000 	C:\Program Files\Java\jdk-17.0.18\bin\msvcp140.dll
0x00007ffacc040000 - 0x00007ffaccc24000 	C:\Program Files\Java\jdk-17.0.18\bin\server\jvm.dll
0x00007ffb0d980000 - 0x00007ffb0d988000 	C:\WINDOWS\System32\PSAPI.DLL
0x00007ffafdbe0000 - 0x00007ffafdc07000 	C:\WINDOWS\SYSTEM32\WINMM.dll
0x00007ffafebe0000 - 0x00007ffafebe9000 	C:\WINDOWS\SYSTEM32\WSOCK32.dll
0x00007ffb0e6e0000 - 0x00007ffb0e74b000 	C:\WINDOWS\System32\WS2_32.dll
0x00007ffb0b5c0000 - 0x00007ffb0b5d2000 	C:\WINDOWS\SYSTEM32\kernel.appcore.dll
0x00007ffb03990000 - 0x00007ffb0399a000 	C:\Program Files\Java\jdk-17.0.18\bin\jimage.dll
0x00007ffb0a930000 - 0x00007ffb0ab31000 	C:\WINDOWS\SYSTEM32\DBGHELP.DLL
0x00007ffaf4fb0000 - 0x00007ffaf4fe4000 	C:\WINDOWS\SYSTEM32\dbgcore.DLL
0x00007ffb0d580000 - 0x00007ffb0d602000 	C:\WINDOWS\System32\bcryptPrimitives.dll
0x00007ffafc400000 - 0x00007ffafc426000 	C:\Program Files\Java\jdk-17.0.18\bin\java.dll
0x00007ffad9960000 - 0x00007ffad9a37000 	C:\Program Files\Java\jdk-17.0.18\bin\jsvml.dll
0x00007ffb0edb0000 - 0x00007ffb0f520000 	C:\WINDOWS\System32\SHELL32.dll
0x00007ffb0adb0000 - 0x00007ffb0b555000 	C:\WINDOWS\SYSTEM32\windows.storage.dll
0x00007ffb0e750000 - 0x00007ffb0eaa4000 	C:\WINDOWS\System32\combase.dll
0x00007ffb0c610000 - 0x00007ffb0c63b000 	C:\WINDOWS\SYSTEM32\Wldp.dll
0x00007ffb0ece0000 - 0x00007ffb0edad000 	C:\WINDOWS\System32\OLEAUT32.dll
0x00007ffb0f5f0000 - 0x00007ffb0f69d000 	C:\WINDOWS\System32\SHCORE.dll
0x00007ffb0e070000 - 0x00007ffb0e0cb000 	C:\WINDOWS\System32\shlwapi.dll
0x00007ffb0ccd0000 - 0x00007ffb0ccf4000 	C:\WINDOWS\SYSTEM32\profapi.dll
0x00007ffafc2f0000 - 0x00007ffafc30b000 	C:\Program Files\Java\jdk-17.0.18\bin\net.dll
0x00007ffb05dc0000 - 0x00007ffb05eca000 	C:\WINDOWS\SYSTEM32\WINHTTP.dll
0x00007ffb0c3f0000 - 0x00007ffb0c45a000 	C:\WINDOWS\system32\mswsock.dll
0x00007ffafc160000 - 0x00007ffafc176000 	C:\Program Files\Java\jdk-17.0.18\bin\nio.dll
0x00007ffaf3e00000 - 0x00007ffaf3e18000 	C:\Program Files\Java\jdk-17.0.18\bin\zip.dll
0x00007ffb035c0000 - 0x00007ffb035ce000 	C:\Program Files\Java\jdk-17.0.18\bin\sunmscapi.dll
0x00007ffb0d420000 - 0x00007ffb0d57d000 	C:\WINDOWS\System32\CRYPT32.dll
0x00007ffb0c760000 - 0x00007ffb0c787000 	C:\WINDOWS\SYSTEM32\ncrypt.dll
0x00007ffb0c720000 - 0x00007ffb0c75b000 	C:\WINDOWS\SYSTEM32\NTASN1.dll
0x00007ffb0c650000 - 0x00007ffb0c668000 	C:\WINDOWS\SYSTEM32\CRYPTSP.dll
0x00007ffb0bd30000 - 0x00007ffb0bd68000 	C:\WINDOWS\system32\rsaenh.dll
0x00007ffb0cc90000 - 0x00007ffb0ccbe000 	C:\WINDOWS\SYSTEM32\USERENV.dll
0x00007ffb0c580000 - 0x00007ffb0c58c000 	C:\WINDOWS\SYSTEM32\CRYPTBASE.dll
0x00007ffb0c0f0000 - 0x00007ffb0c12b000 	C:\WINDOWS\SYSTEM32\IPHLPAPI.DLL
0x00007ffb0d7b0000 - 0x00007ffb0d7b8000 	C:\WINDOWS\System32\NSI.dll
0x00007ffb047e0000 - 0x00007ffb047f7000 	C:\WINDOWS\SYSTEM32\dhcpcsvc6.DLL
0x00007ffb050c0000 - 0x00007ffb050dd000 	C:\WINDOWS\SYSTEM32\dhcpcsvc.DLL
0x00007ffb0c130000 - 0x00007ffb0c1fa000 	C:\WINDOWS\SYSTEM32\DNSAPI.dll
0x00007ffb03550000 - 0x00007ffb0355a000 	C:\Program Files\Java\jdk-17.0.18\bin\management.dll
0x00007ffb034a0000 - 0x00007ffb034ac000 	C:\Program Files\Java\jdk-17.0.18\bin\management_ext.dll
0x00007ffb03910000 - 0x00007ffb03920000 	C:\Program Files\Java\jdk-17.0.18\bin\verify.dll
0x0000000072980000 - 0x00000000729a6000 	C:\Program Files\Bonjour\mdnsNSP.dll
0x00007ffb00ec0000 - 0x00007ffb00eca000 	C:\Windows\System32\rasadhlp.dll
0x00007ffb02b20000 - 0x00007ffb02ba0000 	C:\WINDOWS\System32\fwpuclnt.dll

dbghelp: loaded successfully - version: 4.0.5 - missing functions: none
symbol engine: initialized successfully - sym options: 0x614 - pdb path: .;C:\Program Files\Java\jdk-17.0.18\bin;C:\WINDOWS\SYSTEM32;C:\WINDOWS\WinSxS\amd64_microsoft.windows.common-controls_6595b64144ccf1df_6.0.19041.6456_none_60b8a6cb71f64256;C:\Program Files\Java\jdk-17.0.18\bin\server;C:\Program Files\Bonjour

VM Arguments:
jvm_args: -XX:TieredStopAtLevel=1 
java_command: com.ajalkarbill.website.WebsiteApplication
java_class_path (initial): H:\Billing System Project\Ajalkar-Billing-Website\backend\target\classes;C:\Users\Om\.m2\repository\org\springframework\boot\spring-boot\3.5.0\spring-boot-3.5.0.jar;C:\Users\Om\.m2\repository\org\springframework\boot\spring-boot-autoconfigure\3.5.0\spring-boot-autoconfigure-3.5.0.jar;C:\Users\Om\.m2\repository\ch\qos\logback\logback-classic\1.5.18\logback-classic-1.5.18.jar;C:\Users\Om\.m2\repository\ch\qos\logback\logback-core\1.5.18\logback-core-1.5.18.jar;C:\Users\Om\.m2\repository\org\apache\logging\log4j\log4j-to-slf4j\2.24.3\log4j-to-slf4j-2.24.3.jar;C:\Users\Om\.m2\repository\org\apache\logging\log4j\log4j-api\2.24.3\log4j-api-2.24.3.jar;C:\Users\Om\.m2\repository\org\slf4j\jul-to-slf4j\2.0.17\jul-to-slf4j-2.0.17.jar;C:\Users\Om\.m2\repository\jakarta\annotation\jakarta.annotation-api\2.1.1\jakarta.annotation-api-2.1.1.jar;C:\Users\Om\.m2\repository\org\yaml\snakeyaml\2.4\snakeyaml-2.4.jar;C:\Users\Om\.m2\repository\com\zaxxer\HikariCP\6.3.0\HikariCP-6.3.0.jar;C:\Users\Om\.m2\repository\org\springframework\spring-jdbc\6.2.7\spring-jdbc-6.2.7.jar;C:\Users\Om\.m2\repository\org\hibernate\orm\hibernate-core\6.6.15.Final\hibernate-core-6.6.15.Final.jar;C:\Users\Om\.m2\repository\jakarta\persistence\jakarta.persistence-api\3.1.0\jakarta.persistence-api-3.1.0.jar;C:\Users\Om\.m2\repository\jakarta\transaction\jakarta.transaction-api\2.0.1\jakarta.transaction-api-2.0.1.jar;C:\Users\Om\.m2\repository\org\jboss\logging\jboss-logging\3.6.1.Final\jboss-logging-3.6.1.Final.jar;C:\Users\Om\.m2\repository\org\hibernate\common\hibernate-commons-annotations\7.0.3.Final\hibernate-commons-annotations-7.0.3.Final.jar;C:\Users\Om\.m2\repository\io\smallrye\jandex\3.2.0\jandex-3.2.0.jar;C:\Users\Om\.m2\repository\com\fasterxml\classmate\1.7.0\classmate-1.7.0.jar;C:\Users\Om\.m2\repository\net\bytebuddy\byte-buddy\1.17.5\byte-buddy-1.17.5.jar;C:\Users\Om\.m2\repository\org\glassfish\jaxb\jaxb-runtime\4.0.5\jaxb-runtime-4.0.5.jar;C:\Users\Om\.m2\reposit
Launcher Type: SUN_STANDARD

[Global flags]
     intx CICompilerCount                          = 3                                         {product} {ergonomic}
     uint ConcGCThreads                            = 1                                         {product} {ergonomic}
     uint G1ConcRefinementThreads                  = 4                                         {product} {ergonomic}
   size_t G1HeapRegionSize                         = 1048576                                   {product} {ergonomic}
    uintx GCDrainStackTargetSize                   = 64                                        {product} {ergonomic}
   size_t InitialHeapSize                          = 65011712                                  {product} {ergonomic}
   size_t MarkStackSize                            = 4194304                                   {product} {ergonomic}
   size_t MaxHeapSize                              = 1040187392                                {product} {ergonomic}
   size_t MaxNewSize                               = 623902720                                 {product} {ergonomic}
   size_t MinHeapDeltaBytes                        = 1048576                                   {product} {ergonomic}
   size_t MinHeapSize                              = 8388608                                   {product} {ergonomic}
    uintx NonProfiledCodeHeapSize                  = 0                                      {pd product} {ergonomic}
     bool ProfileInterpreter                       = false                                  {pd product} {command line}
    uintx ProfiledCodeHeapSize                     = 0                                      {pd product} {ergonomic}
   size_t SoftMaxHeapSize                          = 1040187392                             {manageable} {ergonomic}
     intx TieredStopAtLevel                        = 1                                         {product} {command line}
     bool UseCompressedClassPointers               = true                           {product lp64_product} {ergonomic}
     bool UseCompressedOops                        = true                           {product lp64_product} {ergonomic}
     bool UseG1GC                                  = true                                      {product} {ergonomic}
     bool UseLargePagesIndividualAllocation        = false                                  {pd product} {ergonomic}

Logging:
Log output configuration:
 #0: stdout all=warning uptime,level,tags
 #1: stderr all=off uptime,level,tags

Environment Variables:
JAVA_HOME=C:\Program Files\Java\jdk-17.0.18
PATH=C:\Program Files\Common Files\Oracle\Java\javapath;C:\Program Files\Eclipse Adoptium\jdk-21.0.10.7-hotspot\bin;E:\apache-maven-3.9.11\bin;C:\Program Files (x86)\Common Files\Oracle\Java\java8path;C:\Program Files (x86)\Common Files\Oracle\Java\javapath;C:\Python313\Scripts\;C:\Python313\;C:\WINDOWS\system32;C:\WINDOWS;C:\WINDOWS\System32\Wbem;C:\WINDOWS\System32\WindowsPowerShell\v1.0\;C:\WINDOWS\System32\OpenSSH\;F:\MongoDB\mongosh-2.3.3-win32-x64\mongosh-2.3.3-win32-x64\bin;C:\Program Files\Microsoft SQL Server\150\Tools\Binn\;C:\Program Files\MySQL\MySQL Server 8.0\bin;C:\Program Files\Git\cmd;C:\Program Files\nodejs\;C:\ProgramData\chocolatey\bin;C:\Program Files\nodejs;C:\Users\Om\AppData\Roaming\npm;D:\TypeScript\codes;C:\Program Files (x86)\Windows Kits\10\Windows Performance Toolkit\;C:\Program Files\Java\jdk-17\bin;C:\Program Files\Eclipse Adoptium\jre-11.0.28.6-hotspot\bin;C:\Program Files\Eclipse Adoptium\jdk-11.0.28.6-hotspot\bin;C:\Program Files\Amazon\AWSCLI\bin\;C:\Program Files\PuTTY\;C:\Program Files\Java\jdk-17\bin;C:\Program Files\Java\jdk1.8.0_111\bin;C:\Python313\Scripts\;C:\Python313\;C:\ProgramData\Oracle\Java\javapath;C:\app\Om\product\21c\dbhomeXE\bin;C:\WINDOWS\system32;C:\WINDOWS;C:\WINDOWS\System32\Wbem;C:\WINDOWS\System32\WindowsPowerShell\v1.0\;C:\WINDOWS\System32\OpenSSH\;F:\MongoDB\mongosh-2.3.3-win32-x64\mongosh-2.3.3-win32-x64\bin;C:\Program Files\Microsoft SQL Server\150\Tools\Binn\;C:\Program Files\MySQL\MySQL Server 8.0\bin;C:\Program Files\Git\cmd;C:\Program Files\nodejs\;C:\ProgramData\chocolatey\bin;C:\Program Files\nodejs;C:\Users\Om\AppData\Roaming\npm;D:\TypeScript\codes;C:\Program Files (x86)\Windows Kits\10\Windows Performance Toolkit\;E:\apache-maven-3.9.11\bin;C:\Program Files\MySQL\MySQL Shell 8.0\bin\;C:\Users\Om\AppData\Local\Microsoft\WindowsApps;C:\Users\Om\AppData\Local\Programs\Microsoft VS Code\bin;C:\Users\Om\AppData\Roaming\npm;C:\Users\Om\AppData\Local\Programs\Windsurf\bin;C:\Program Files\Java\jdk1.8.0_11
USERNAME=Om
LANG=en_US.UTF-8
OS=Windows_NT
PROCESSOR_IDENTIFIER=Intel64 Family 6 Model 142 Stepping 9, GenuineIntel



---------------  S Y S T E M  ---------------

OS:
 Windows 10 , 64 bit Build 19041 (10.0.19041.5915)
OS uptime: 0 days 6:11 hours
Hyper-V role detected

CPU: total 4 (initial active 4) (2 cores per cpu, 2 threads per core) family 6 model 142 stepping 9 microcode 0xb4, cx8, cmov, fxsr, ht, mmx, 3dnowpref, sse, sse2, sse3, ssse3, sse4.1, sse4.2, popcnt, lzcnt, tsc, tscinvbit, avx, avx2, aes, erms, clmul, bmi1, bmi2, adx, fma, vzeroupper, clflush, clflushopt, hv

Memory: 4k page, system-wide physical 3962M (112M free)
TotalPageFile size 16250M (AvailPageFile size 123M)
current process WorkingSet (physical memory assigned to process): 213M, peak: 215M
current process commit charge ("private bytes"): 258M, peak: 418M

vm_info: Java HotSpot(TM) 64-Bit Server VM (17.0.18+8-LTS-264) for windows-amd64 JRE (17.0.18+8-LTS-264), built on Dec 18 2025 09:51:58 by "mach5run" with MS VC++ 17.13 (VS2022)

END.
