#
# There is insufficient memory for the Java Runtime Environment to continue.
# Native memory allocation (mmap) failed to map 65011712 bytes for G1 virtual space
# Possible reasons:
#   The system is out of physical RAM or swap space
#   The process is running with CompressedOops enabled, and the Java Heap may be blocking the growth of the native heap
# Possible solutions:
#   Reduce memory load on the system
#   Increase physical memory or swap space
#   Check if swap backing store is full
#   Decrease Java heap size (-Xmx/-Xms)
#   Decrease number of Java threads
#   Decrease Java thread stack sizes (-Xss)
#   Set larger code cache with -XX:ReservedCodeCacheSize=
#   JVM is running with Unscaled Compressed Oops mode in which the Java heap is
#     placed in the first 4GB address space. The Java Heap base address is the
#     maximum limit for the native heap growth. Please use -XX:HeapBaseMinAddress
#     to set the Java Heap base and to place the Java Heap above 4GB virtual address.
# This output file may be truncated or incomplete.
#
#  Out of Memory Error (os_windows.cpp:3552), pid=16108, tid=14064
#
# JRE version:  (17.0.18+8) (build )
# Java VM: Java HotSpot(TM) 64-Bit Server VM (17.0.18+8-LTS-264, mixed mode, sharing, tiered, compressed oops, compressed class ptrs, g1 gc, windows-amd64)
# No core dump will be written. Minidumps are not enabled by default on client versions of Windows
#

---------------  S U M M A R Y ------------

Command Line: --enable-native-access=ALL-UNNAMED 

Host: Intel(R) Core(TM) i3-7020U CPU @ 2.30GHz, 4 cores, 3G,  Windows 10 , 64 bit Build 19041 (10.0.19041.5915)
Time: Thu Sep  3 22:19:09 2026 India Standard Time elapsed time: 0.205997 seconds (0d 0h 0m 0s)

---------------  T H R E A D  ---------------

Current thread (0x000001901ff87240):  JavaThread "Unknown thread" [_thread_in_vm, id=14064, stack(0x000000323ce00000,0x000000323cf00000)]

Stack: [0x000000323ce00000,0x000000323cf00000]
Native frames: (J=compiled Java code, j=interpreted, Vv=VM code, C=native code)
V  [jvm.dll+0x67ea1a]
V  [jvm.dll+0x7de97b]
V  [jvm.dll+0x7e02be]
V  [jvm.dll+0x7e0943]
V  [jvm.dll+0x247a9f]
V  [jvm.dll+0x67ba19]
V  [jvm.dll+0x670782]
V  [jvm.dll+0x306b70]
V  [jvm.dll+0x306a12]
V  [jvm.dll+0x30e1a6]
V  [jvm.dll+0x35dcce]
V  [jvm.dll+0x35defd]
V  [jvm.dll+0x2ddc48]
V  [jvm.dll+0x2deba8]
V  [jvm.dll+0x7b19dd]
V  [jvm.dll+0x36b901]
V  [jvm.dll+0x790921]
V  [jvm.dll+0x3f0ffb]
V  [jvm.dll+0x3f2ad1]
C  [jli.dll+0x5304]
C  [ucrtbase.dll+0x21bb2]
C  [KERNEL32.DLL+0x17374]
C  [ntdll.dll+0x4cc91]


---------------  P R O C E S S  ---------------

Threads class SMR info:
_java_thread_list=0x00007ffaccafba58, length=0, elements={
}

Java Threads: ( => current thread )

Other Threads:
  0x000001901ffc2a30 GCTaskThread "GC Thread#0" [stack: 0x000000323cf00000,0x000000323d000000] [id=9236]
  0x000001901ffcb580 ConcurrentGCThread "G1 Main Marker" [stack: 0x000000323d000000,0x000000323d100000] [id=1252]
  0x000001901ffcc730 ConcurrentGCThread "G1 Conc#0" [stack: 0x000000323d100000,0x000000323d200000] [id=6552]

[error occurred during error reporting (printing all threads), id 0xc0000005, EXCEPTION_ACCESS_VIOLATION (0xc0000005) at pc=0x00007ffacc32ea07]

VM state: not at safepoint (not fully initialized)

VM Mutex/Monitor currently owned by a thread:  ([mutex/lock_event])
[0x000001901ff82e60] Heap_lock - owner thread: 0x000001901ff87240

Heap address: 0x00000000c2000000, size: 992 MB, Compressed Oops mode: 32-bit

CDS archive(s) mapped at: [0x0000000000000000-0x0000000000000000-0x0000000000000000), size 0, SharedBaseAddress: 0x0000000800000000, ArchiveRelocationMode: 1.
Narrow klass base: 0x0000000000000000, Narrow klass shift: 0, Narrow klass range: 0x0

GC Precious Log:
<Empty>

Heap:
 garbage-first heap   total 0K, used 0K [0x00000000c2000000, 0x0000000100000000)
  region size 1024K, 0 young (0K), 0 survivors (0K)

[error occurred during error reporting (printing heap information), id 0xc0000005, EXCEPTION_ACCESS_VIOLATION (0xc0000005) at pc=0x00007ffacc717549]

GC Heap History (0 events):
No events

Deoptimization events (0 events):
No events

Classes unloaded (0 events):
No events

Classes redefined (0 events):
No events

Internal exceptions (0 events):
No events

VM Operations (0 events):
No events

Events (1 events):
Event: 0.057 Loaded shared library C:\Program Files\Java\jdk-17.0.18\bin\java.dll


Dynamic libraries:
0x00007ff6e6a10000 - 0x00007ff6e6a20000 	C:\Program Files\Java\jdk-17.0.18\bin\java.exe
0x00007ffb0f710000 - 0x00007ffb0f908000 	C:\WINDOWS\SYSTEM32\ntdll.dll
0x00007ffb0f520000 - 0x00007ffb0f5e2000 	C:\WINDOWS\System32\KERNEL32.DLL
0x00007ffb0ce50000 - 0x00007ffb0d146000 	C:\WINDOWS\System32\KERNELBASE.dll
0x00007ffb0d150000 - 0x00007ffb0d250000 	C:\WINDOWS\System32\ucrtbase.dll
0x00007ffb02720000 - 0x00007ffb0273e000 	C:\Program Files\Java\jdk-17.0.18\bin\VCRUNTIME140.dll
0x00007ffb027d0000 - 0x00007ffb027e9000 	C:\Program Files\Java\jdk-17.0.18\bin\jli.dll
0x00007ffb0eab0000 - 0x00007ffb0eb61000 	C:\WINDOWS\System32\ADVAPI32.dll
0x00007ffb0de20000 - 0x00007ffb0debe000 	C:\WINDOWS\System32\msvcrt.dll
0x00007ffb0d7c0000 - 0x00007ffb0d85f000 	C:\WINDOWS\System32\sechost.dll
0x00007ffb0df50000 - 0x00007ffb0e070000 	C:\WINDOWS\System32\RPCRT4.dll
0x00007ffb0d250000 - 0x00007ffb0d277000 	C:\WINDOWS\System32\bcrypt.dll
0x00007ffb0e530000 - 0x00007ffb0e6d1000 	C:\WINDOWS\System32\USER32.dll
0x00007ffaffaa0000 - 0x00007ffaffd3b000 	C:\WINDOWS\WinSxS\amd64_microsoft.windows.common-controls_6595b64144ccf1df_6.0.19041.6456_none_60b8a6cb71f64256\COMCTL32.dll
0x00007ffb0d2d0000 - 0x00007ffb0d2f2000 	C:\WINDOWS\System32\win32u.dll
0x00007ffb0df20000 - 0x00007ffb0df4b000 	C:\WINDOWS\System32\GDI32.dll
0x00007ffb0d300000 - 0x00007ffb0d419000 	C:\WINDOWS\System32\gdi32full.dll
0x00007ffb0d610000 - 0x00007ffb0d6ad000 	C:\WINDOWS\System32\msvcp_win.dll
0x00007ffb07a00000 - 0x00007ffb07a0a000 	C:\WINDOWS\SYSTEM32\VERSION.dll
0x00007ffb0f6a0000 - 0x00007ffb0f6cf000 	C:\WINDOWS\System32\IMM32.DLL
0x00007ffb08200000 - 0x00007ffb0820c000 	C:\Program Files\Java\jdk-17.0.18\bin\vcruntime140_1.dll
0x00007ffae7900000 - 0x00007ffae798d000 	C:\Program Files\Java\jdk-17.0.18\bin\msvcp140.dll
0x00007ffacc040000 - 0x00007ffaccc24000 	C:\Program Files\Java\jdk-17.0.18\bin\server\jvm.dll
0x00007ffb0d980000 - 0x00007ffb0d988000 	C:\WINDOWS\System32\PSAPI.DLL
0x00007ffafebe0000 - 0x00007ffafebe9000 	C:\WINDOWS\SYSTEM32\WSOCK32.dll
0x00007ffafdbe0000 - 0x00007ffafdc07000 	C:\WINDOWS\SYSTEM32\WINMM.dll
0x00007ffb0e6e0000 - 0x00007ffb0e74b000 	C:\WINDOWS\System32\WS2_32.dll
0x00007ffb0b5c0000 - 0x00007ffb0b5d2000 	C:\WINDOWS\SYSTEM32\kernel.appcore.dll
0x00007ffb03990000 - 0x00007ffb0399a000 	C:\Program Files\Java\jdk-17.0.18\bin\jimage.dll
0x00007ffb0a930000 - 0x00007ffb0ab31000 	C:\WINDOWS\SYSTEM32\DBGHELP.DLL
0x00007ffaf4fb0000 - 0x00007ffaf4fe4000 	C:\WINDOWS\SYSTEM32\dbgcore.DLL
0x00007ffb0d580000 - 0x00007ffb0d602000 	C:\WINDOWS\System32\bcryptPrimitives.dll
0x00007ffafc400000 - 0x00007ffafc426000 	C:\Program Files\Java\jdk-17.0.18\bin\java.dll

dbghelp: loaded successfully - version: 4.0.5 - missing functions: none
symbol engine: initialized successfully - sym options: 0x614 - pdb path: .;C:\Program Files\Java\jdk-17.0.18\bin;C:\WINDOWS\SYSTEM32;C:\WINDOWS\WinSxS\amd64_microsoft.windows.common-controls_6595b64144ccf1df_6.0.19041.6456_none_60b8a6cb71f64256;C:\Program Files\Java\jdk-17.0.18\bin\server

VM Arguments:
jvm_args: --enable-native-access=ALL-UNNAMED 
java_command: <unknown>
java_class_path (initial): <not set>
Launcher Type: SUN_STANDARD

[Global flags]
     intx CICompilerCount                          = 3                                         {product} {ergonomic}
     uint ConcGCThreads                            = 1                                         {product} {ergonomic}
     uint G1ConcRefinementThreads                  = 4                                         {product} {ergonomic}
   size_t G1HeapRegionSize                         = 1048576                                   {product} {ergonomic}
    uintx GCDrainStackTargetSize                   = 64                                        {product} {ergonomic}
   size_t InitialHeapSize                          = 65011712                                  {product} {ergonomic}
   size_t MarkStackSize                            = 4194304                                   {product} {ergonomic}
   size_t MaxHeapSize                              = 1040187392                                {product} {ergonomic}
   size_t MinHeapDeltaBytes                        = 1048576                                   {product} {ergonomic}
   size_t MinHeapSize                              = 8388608                                   {product} {ergonomic}
    uintx NonNMethodCodeHeapSize                   = 5832780                                {pd product} {ergonomic}
    uintx NonProfiledCodeHeapSize                  = 122912730                              {pd product} {ergonomic}
    uintx ProfiledCodeHeapSize                     = 122912730                              {pd product} {ergonomic}
    uintx ReservedCodeCacheSize                    = 251658240                              {pd product} {ergonomic}
     bool SegmentedCodeCache                       = true                                      {product} {ergonomic}
   size_t SoftMaxHeapSize                          = 1040187392                             {manageable} {ergonomic}
     bool UseCompressedClassPointers               = true                           {product lp64_product} {ergonomic}
     bool UseCompressedOops                        = true                           {product lp64_product} {ergonomic}
     bool UseG1GC                                  = true                                      {product} {ergonomic}
     bool UseLargePagesIndividualAllocation        = false                                  {pd product} {ergonomic}

Logging:
Log output configuration:
 #0: stdout all=warning uptime,level,tags
 #1: stderr all=off uptime,level,tags

Environment Variables:
JAVA_HOME=C:\Program Files\Java\jdk-17.0.18
PATH=C:\Program Files\Common Files\Oracle\Java\javapath;C:\Program Files\Eclipse Adoptium\jdk-21.0.10.7-hotspot\bin;E:\apache-maven-3.9.11\bin;C:\Program Files (x86)\Common Files\Oracle\Java\java8path;C:\Program Files (x86)\Common Files\Oracle\Java\javapath;C:\Python313\Scripts\;C:\Python313\;C:\WINDOWS\system32;C:\WINDOWS;C:\WINDOWS\System32\Wbem;C:\WINDOWS\System32\WindowsPowerShell\v1.0\;C:\WINDOWS\System32\OpenSSH\;F:\MongoDB\mongosh-2.3.3-win32-x64\mongosh-2.3.3-win32-x64\bin;C:\Program Files\Microsoft SQL Server\150\Tools\Binn\;C:\Program Files\MySQL\MySQL Server 8.0\bin;C:\Program Files\Git\cmd;C:\Program Files\nodejs\;C:\ProgramData\chocolatey\bin;C:\Program Files\nodejs;C:\Users\Om\AppData\Roaming\npm;D:\TypeScript\codes;C:\Program Files (x86)\Windows Kits\10\Windows Performance Toolkit\;C:\Program Files\Java\jdk-17\bin;C:\Program Files\Eclipse Adoptium\jre-11.0.28.6-hotspot\bin;C:\Program Files\Eclipse Adoptium\jdk-11.0.28.6-hotspot\bin;C:\Program Files\Amazon\AWSCLI\bin\;C:\Program Files\PuTTY\;C:\Program Files\Java\jdk-17\bin;C:\Program Files\Java\jdk1.8.0_111\bin;C:\Python313\Scripts\;C:\Python313\;C:\ProgramData\Oracle\Java\javapath;C:\app\Om\product\21c\dbhomeXE\bin;C:\WINDOWS\system32;C:\WINDOWS;C:\WINDOWS\System32\Wbem;C:\WINDOWS\System32\WindowsPowerShell\v1.0\;C:\WINDOWS\System32\OpenSSH\;F:\MongoDB\mongosh-2.3.3-win32-x64\mongosh-2.3.3-win32-x64\bin;C:\Program Files\Microsoft SQL Server\150\Tools\Binn\;C:\Program Files\MySQL\MySQL Server 8.0\bin;C:\Program Files\Git\cmd;C:\Program Files\nodejs\;C:\ProgramData\chocolatey\bin;C:\Program Files\nodejs;C:\Users\Om\AppData\Roaming\npm;D:\TypeScript\codes;C:\Program Files (x86)\Windows Kits\10\Windows Performance Toolkit\;E:\apache-maven-3.9.11\bin;C:\Program Files\MySQL\MySQL Shell 8.0\bin\;C:\Users\Om\AppData\Local\Microsoft\WindowsApps;C:\Users\Om\AppData\Local\Programs\Microsoft VS Code\bin;C:\Users\Om\AppData\Roaming\npm;C:\Users\Om\AppData\Local\Programs\Windsurf\bin;C:\Program Files\Java\jdk1.8.0_11
USERNAME=Om
LANG=en_US.UTF-8
OS=Windows_NT
PROCESSOR_IDENTIFIER=Intel64 Family 6 Model 142 Stepping 9, GenuineIntel



---------------  S Y S T E M  ---------------

OS:
 Windows 10 , 64 bit Build 19041 (10.0.19041.5915)
OS uptime: 0 days 6:17 hours
Hyper-V role detected

CPU: total 4 (initial active 4) (2 cores per cpu, 2 threads per core) family 6 model 142 stepping 9 microcode 0xb4, cx8, cmov, fxsr, ht, mmx, 3dnowpref, sse, sse2, sse3, ssse3, sse4.1, sse4.2, popcnt, lzcnt, tsc, tscinvbit, avx, avx2, aes, erms, clmul, bmi1, bmi2, adx, fma, vzeroupper, clflush, clflushopt, hv

Memory: 4k page, system-wide physical 3962M (131M free)
TotalPageFile size 16250M (AvailPageFile size 42M)
current process WorkingSet (physical memory assigned to process): 9M, peak: 9M
current process commit charge ("private bytes"): 51M, peak: 113M

vm_info: Java HotSpot(TM) 64-Bit Server VM (17.0.18+8-LTS-264) for windows-amd64 JRE (17.0.18+8-LTS-264), built on Dec 18 2025 09:51:58 by "mach5run" with MS VC++ 17.13 (VS2022)

END.
