#
# There is insufficient memory for the Java Runtime Environment to continue.
# Native memory allocation (mmap) failed to map 65536 bytes for Failed to commit metaspace.
# Possible reasons:
#   The system is out of physical RAM or swap space
#   The process is running with CompressedOops enabled, and the Java Heap may be blocking the growth of the native heap
# Possible solutions:
#   Reduce memory load on the system
#   Increase physical memory or swap space
#   Check if swap backing store is full
#   Decrease Java heap size (-Xmx/-Xms)
#   Decrease number of Java threads
#   Decrease Java thread stack sizes (-Xss)
#   Set larger code cache with -XX:ReservedCodeCacheSize=
#   JVM is running with Unscaled Compressed Oops mode in which the Java heap is
#     placed in the first 4GB address space. The Java Heap base address is the
#     maximum limit for the native heap growth. Please use -XX:HeapBaseMinAddress
#     to set the Java Heap base and to place the Java Heap above 4GB virtual address.
# This output file may be truncated or incomplete.
#
#  Out of Memory Error (virtualSpaceNode.cpp:110), pid=6156, tid=1976
#
# JRE version: Java(TM) SE Runtime Environment (17.0.18+8) (build 17.0.18+8-LTS-264)
# Java VM: Java HotSpot(TM) 64-Bit Server VM (17.0.18+8-LTS-264, mixed mode, sharing, tiered, compressed oops, compressed class ptrs, g1 gc, windows-amd64)
# No core dump will be written. Minidumps are not enabled by default on client versions of Windows
#

---------------  S U M M A R Y ------------

Command Line: --enable-native-access=ALL-UNNAMED -Dclassworlds.conf=C:\Users\Om\.m2\wrapper\dists\apache-maven-3.9.16\0daed3be3ebd1c706f0e69e8b07c6b73f5cc4ea3dfce72a8d0ec2e849ca2ddb0\bin\m2.conf -Dmaven.home=C:\Users\Om\.m2\wrapper\dists\apache-maven-3.9.16\0daed3be3ebd1c706f0e69e8b07c6b73f5cc4ea3dfce72a8d0ec2e849ca2ddb0 -Dlibrary.jansi.path=C:\Users\Om\.m2\wrapper\dists\apache-maven-3.9.16\0daed3be3ebd1c706f0e69e8b07c6b73f5cc4ea3dfce72a8d0ec2e849ca2ddb0\lib\jansi-native -Dmaven.multiModuleProjectDirectory=H:\Billing System Project\Ajalkar-Billing-Website\backend org.codehaus.plexus.classworlds.launcher.Launcher clean compile

Host: Intel(R) Core(TM) i3-7020U CPU @ 2.30GHz, 4 cores, 3G,  Windows 10 , 64 bit Build 19041 (10.0.19041.5915)
Time: Sat Sep  5 13:34:43 2026 India Standard Time elapsed time: 33.500895 seconds (0d 0h 0m 33s)

---------------  T H R E A D  ---------------

Current thread (0x000001e7ad8aa950):  JavaThread "main" [_thread_in_vm, id=1976, stack(0x000000ce72500000,0x000000ce72600000)]

Stack: [0x000000ce72500000,0x000000ce72600000]
Native frames: (J=compiled Java code, j=interpreted, Vv=VM code, C=native code)
V  [jvm.dll+0x67ea1a]
V  [jvm.dll+0x7de97b]
V  [jvm.dll+0x7e02be]
V  [jvm.dll+0x7e0943]
V  [jvm.dll+0x247a9f]
V  [jvm.dll+0x7da6bb]
V  [jvm.dll+0x62520c]
V  [jvm.dll+0x1c0464]
V  [jvm.dll+0x627b4a]
V  [jvm.dll+0x625bc6]
V  [jvm.dll+0x2453fd]
V  [jvm.dll+0x6d471d]
V  [jvm.dll+0x6d50ff]
V  [jvm.dll+0x3726e2]
V  [jvm.dll+0x371774]
V  [jvm.dll+0x371718]
V  [jvm.dll+0x38160d]
C  0x000001e7bc71b6f0

Java frames: (J=compiled Java code, j=interpreted, Vv=VM code)
j  jdk.nio.zipfs.ZipFileSystem.getEntry([B)Ljdk/nio/zipfs/ZipFileSystem$Entry;+52 jdk.zipfs@17.0.18
j  jdk.nio.zipfs.ZipFileSystem.newInputStream([B)Ljava/io/InputStream;+10 jdk.zipfs@17.0.18
j  jdk.nio.zipfs.ZipPath.newInputStream([Ljava/nio/file/OpenOption;)Ljava/io/InputStream;+65 jdk.zipfs@17.0.18
j  jdk.nio.zipfs.ZipFileSystemProvider.newInputStream(Ljava/nio/file/Path;[Ljava/nio/file/OpenOption;)Ljava/io/InputStream;+5 jdk.zipfs@17.0.18
j  java.nio.file.Files.newInputStream(Ljava/nio/file/Path;[Ljava/nio/file/OpenOption;)Ljava/io/InputStream;+6 java.base@17.0.18
j  java.nio.file.Files.newBufferedReader(Ljava/nio/file/Path;Ljava/nio/charset/Charset;)Ljava/io/BufferedReader;+14 java.base@17.0.18
j  java.nio.file.Files.lines(Ljava/nio/file/Path;Ljava/nio/charset/Charset;)Ljava/util/stream/Stream;+60 java.base@17.0.18
j  com.sun.tools.javac.platform.JDKPlatformProvider$PlatformDescriptionImpl.getFileManager()Ljavax/tools/JavaFileManager;+487 jdk.compiler@17.0.18
j  com.sun.tools.javac.main.Arguments.handleReleaseOptions(Ljava/util/function/Predicate;)Z+196 jdk.compiler@17.0.18
j  com.sun.tools.javac.main.Arguments.processArgs(Ljava/lang/Iterable;Ljava/util/Set;Lcom/sun/tools/javac/main/OptionHelper;ZZ)Z+29 jdk.compiler@17.0.18
j  com.sun.tools.javac.main.Arguments.init(Ljava/lang/String;Ljava/lang/Iterable;Ljava/lang/Iterable;Ljava/lang/Iterable;)V+55 jdk.compiler@17.0.18
j  com.sun.tools.javac.api.JavacTool.getTask(Ljava/io/Writer;Ljavax/tools/JavaFileManager;Ljavax/tools/DiagnosticListener;Ljava/lang/Iterable;Ljava/lang/Iterable;Ljava/lang/Iterable;Lcom/sun/tools/javac/util/Context;)Lcom/sun/source/util/JavacTask;+465 jdk.compiler@17.0.18
j  com.sun.tools.javac.api.JavacTool.getTask(Ljava/io/Writer;Ljavax/tools/JavaFileManager;Ljavax/tools/DiagnosticListener;Ljava/lang/Iterable;Ljava/lang/Iterable;Ljava/lang/Iterable;)Lcom/sun/source/util/JavacTask;+21 jdk.compiler@17.0.18
j  com.sun.tools.javac.api.JavacTool.getTask(Ljava/io/Writer;Ljavax/tools/JavaFileManager;Ljavax/tools/DiagnosticListener;Ljava/lang/Iterable;Ljava/lang/Iterable;Ljava/lang/Iterable;)Ljavax/tools/JavaCompiler$CompilationTask;+10 jdk.compiler@17.0.18
j  org.codehaus.plexus.compiler.javac.JavaxToolsCompiler.compileInProcess([Ljava/lang/String;Lorg/codehaus/plexus/compiler/CompilerConfiguration;[Ljava/lang/String;)Lorg/codehaus/plexus/compiler/CompilerResult;+127
j  org.codehaus.plexus.compiler.javac.JavacCompiler.performCompile(Lorg/codehaus/plexus/compiler/CompilerConfiguration;)Lorg/codehaus/plexus/compiler/CompilerResult;+137
j  org.apache.maven.plugin.compiler.AbstractCompilerMojo.execute()V+3680
j  org.apache.maven.plugin.compiler.CompilerMojo.execute()V+44
j  org.apache.maven.plugin.DefaultBuildPluginManager.executeMojo(Lorg/apache/maven/execution/MavenSession;Lorg/apache/maven/plugin/MojoExecution;)V+152
j  org.apache.maven.lifecycle.internal.MojoExecutor.doExecute2(Lorg/apache/maven/execution/MavenSession;Lorg/apache/maven/plugin/MojoExecution;)V+20
j  org.apache.maven.lifecycle.internal.MojoExecutor.doExecute(Lorg/apache/maven/execution/MavenSession;Lorg/apache/maven/plugin/MojoExecution;Lorg/apache/maven/lifecycle/internal/ProjectIndex;Lorg/apache/maven/lifecycle/internal/DependencyContext;)V+40
j  org.apache.maven.lifecycle.internal.MojoExecutor.execute(Lorg/apache/maven/execution/MavenSession;Lorg/apache/maven/plugin/MojoExecution;Lorg/apache/maven/lifecycle/internal/ProjectIndex;Lorg/apache/maven/lifecycle/internal/DependencyContext;)V+183
j  org.apache.maven.lifecycle.internal.MojoExecutor.execute(Lorg/apache/maven/execution/MavenSession;Lorg/apache/maven/plugin/MojoExecution;Lorg/apache/maven/lifecycle/internal/ProjectIndex;Lorg/apache/maven/lifecycle/internal/DependencyContext;Lorg/apache/maven/lifecycle/internal/PhaseRecorder;)V+6
j  org.apache.maven.lifecycle.internal.MojoExecutor.access$000(Lorg/apache/maven/lifecycle/internal/MojoExecutor;Lorg/apache/maven/execution/MavenSession;Lorg/apache/maven/plugin/MojoExecution;Lorg/apache/maven/lifecycle/internal/ProjectIndex;Lorg/apache/maven/lifecycle/internal/DependencyContext;Lorg/apache/maven/lifecycle/internal/PhaseRecorder;)V+8
j  org.apache.maven.lifecycle.internal.MojoExecutor$1.run(Lorg/apache/maven/plugin/MojoExecution;)V+21
j  org.apache.maven.plugin.DefaultMojosExecutionStrategy.execute(Ljava/util/List;Lorg/apache/maven/execution/MavenSession;Lorg/apache/maven/plugin/MojoExecutionRunner;)V+33
j  org.apache.maven.lifecycle.internal.MojoExecutor.execute(Lorg/apache/maven/execution/MavenSession;Ljava/util/List;Lorg/apache/maven/lifecycle/internal/ProjectIndex;)V+72
j  org.apache.maven.lifecycle.internal.LifecycleModuleBuilder.buildProject(Lorg/apache/maven/execution/MavenSession;Lorg/apache/maven/execution/MavenSession;Lorg/apache/maven/lifecycle/internal/ReactorContext;Lorg/apache/maven/project/MavenProject;Lorg/apache/maven/lifecycle/internal/TaskSegment;)V+151
j  org.apache.maven.lifecycle.internal.LifecycleModuleBuilder.buildProject(Lorg/apache/maven/execution/MavenSession;Lorg/apache/maven/lifecycle/internal/ReactorContext;Lorg/apache/maven/project/MavenProject;Lorg/apache/maven/lifecycle/internal/TaskSegment;)V+7
j  org.apache.maven.lifecycle.internal.builder.singlethreaded.SingleThreadedBuilder.build(Lorg/apache/maven/execution/MavenSession;Lorg/apache/maven/lifecycle/internal/ReactorContext;Lorg/apache/maven/lifecycle/internal/ProjectBuildList;Ljava/util/List;Lorg/apache/maven/lifecycle/internal/ReactorBuildStatus;)V+77
j  org.apache.maven.lifecycle.internal.LifecycleStarter.execute(Lorg/apache/maven/execution/MavenSession;)V+343
j  org.apache.maven.DefaultMaven.doExecute(Lorg/apache/maven/execution/MavenExecutionRequest;Lorg/apache/maven/execution/MavenSession;Lorg/apache/maven/execution/MavenExecutionResult;Lorg/eclipse/aether/DefaultRepositorySystemSession;)Lorg/apache/maven/execution/MavenExecutionResult;+418
j  org.apache.maven.DefaultMaven.doExecute(Lorg/apache/maven/execution/MavenExecutionRequest;)Lorg/apache/maven/execution/MavenExecutionResult;+98
j  org.apache.maven.DefaultMaven.execute(Lorg/apache/maven/execution/MavenExecutionRequest;)Lorg/apache/maven/execution/MavenExecutionResult;+2
j  org.apache.maven.cli.MavenCli.execute(Lorg/apache/maven/cli/CliRequest;)I+41
j  org.apache.maven.cli.MavenCli.doMain(Lorg/apache/maven/cli/CliRequest;)I+70
j  org.apache.maven.cli.MavenCli.main([Ljava/lang/String;Lorg/codehaus/plexus/classworlds/ClassWorld;)I+24
v  ~StubRoutines::call_stub
j  jdk.internal.reflect.NativeMethodAccessorImpl.invoke0(Ljava/lang/reflect/Method;Ljava/lang/Object;[Ljava/lang/Object;)Ljava/lang/Object;+0 java.base@17.0.18
j  jdk.internal.reflect.NativeMethodAccessorImpl.invoke(Ljava/lang/Object;[Ljava/lang/Object;)Ljava/lang/Object;+133 java.base@17.0.18
j  jdk.internal.reflect.DelegatingMethodAccessorImpl.invoke(Ljava/lang/Object;[Ljava/lang/Object;)Ljava/lang/Object;+6 java.base@17.0.18
j  java.lang.reflect.Method.invoke(Ljava/lang/Object;[Ljava/lang/Object;)Ljava/lang/Object;+59 java.base@17.0.18
j  org.codehaus.plexus.classworlds.launcher.Launcher.launchEnhanced([Ljava/lang/String;)V+45
j  org.codehaus.plexus.classworlds.launcher.Launcher.launch([Ljava/lang/String;)V+2
j  org.codehaus.plexus.classworlds.launcher.Launcher.mainWithExitCode([Ljava/lang/String;)I+108
j  org.codehaus.plexus.classworlds.launcher.Launcher.main([Ljava/lang/String;)V+1
v  ~StubRoutines::call_stub

---------------  P R O C E S S  ---------------

Threads class SMR info:
_java_thread_list=0x000001e80e8fc740, length=13, elements={
0x000001e7ad8aa950, 0x000001e7ad969b20, 0x000001e7ad96a790, 0x000001e7c8af0fb0,
0x000001e7c8af1870, 0x000001e7c8af2220, 0x000001e7c8afabe0, 0x000001e7c8aff480,
0x000001e7c8b00330, 0x000001e7c8b7d870, 0x000001e80e061800, 0x000001e80e066960,
0x000001e80eafac70
}

Java Threads: ( => current thread )
=>0x000001e7ad8aa950 JavaThread "main" [_thread_in_vm, id=1976, stack(0x000000ce72500000,0x000000ce72600000)]
  0x000001e7ad969b20 JavaThread "Reference Handler" daemon [_thread_blocked, id=16640, stack(0x000000ce72c00000,0x000000ce72d00000)]
  0x000001e7ad96a790 JavaThread "Finalizer" daemon [_thread_blocked, id=11880, stack(0x000000ce72d00000,0x000000ce72e00000)]
  0x000001e7c8af0fb0 JavaThread "Signal Dispatcher" daemon [_thread_blocked, id=14184, stack(0x000000ce72e00000,0x000000ce72f00000)]
  0x000001e7c8af1870 JavaThread "Attach Listener" daemon [_thread_blocked, id=7788, stack(0x000000ce72f00000,0x000000ce73000000)]
  0x000001e7c8af2220 JavaThread "Service Thread" daemon [_thread_blocked, id=800, stack(0x000000ce73000000,0x000000ce73100000)]
  0x000001e7c8afabe0 JavaThread "Monitor Deflation Thread" daemon [_thread_blocked, id=16264, stack(0x000000ce73100000,0x000000ce73200000)]
  0x000001e7c8aff480 JavaThread "C2 CompilerThread0" daemon [_thread_blocked, id=10028, stack(0x000000ce73200000,0x000000ce73300000)]
  0x000001e7c8b00330 JavaThread "C1 CompilerThread0" daemon [_thread_blocked, id=9100, stack(0x000000ce73300000,0x000000ce73400000)]
  0x000001e7c8b7d870 JavaThread "Sweeper thread" daemon [_thread_blocked, id=3480, stack(0x000000ce73400000,0x000000ce73500000)]
  0x000001e80e061800 JavaThread "Notification Thread" daemon [_thread_blocked, id=14604, stack(0x000000ce73500000,0x000000ce73600000)]
  0x000001e80e066960 JavaThread "Common-Cleaner" daemon [_thread_blocked, id=11856, stack(0x000000ce73700000,0x000000ce73800000)]
  0x000001e80eafac70 JavaThread "Thread-1" daemon [_thread_blocked, id=6880, stack(0x000000ce73b00000,0x000000ce73c00000)]

Other Threads:
  0x000001e7ad966020 VMThread "VM Thread" [stack: 0x000000ce72b00000,0x000000ce72c00000] [id=16948] _threads_hazard_ptr=0x000001e80e8fc740
  0x000001e80e063500 WatcherThread [stack: 0x000000ce73600000,0x000000ce73700000] [id=7308]
  0x000001e7ad8e51b0 GCTaskThread "GC Thread#0" [stack: 0x000000ce72600000,0x000000ce72700000] [id=9492]
  0x000001e80e962af0 GCTaskThread "GC Thread#1" [stack: 0x000000ce73800000,0x000000ce73900000] [id=8304]
  0x000001e80e830150 GCTaskThread "GC Thread#2" [stack: 0x000000ce73900000,0x000000ce73a00000] [id=3328]
  0x000001e80e830410 GCTaskThread "GC Thread#3" [stack: 0x000000ce73a00000,0x000000ce73b00000] [id=17140]
  0x000001e7ad8edd00 ConcurrentGCThread "G1 Main Marker" [stack: 0x000000ce72700000,0x000000ce72800000] [id=10852]
  0x000001e7ad8eeeb0 ConcurrentGCThread "G1 Conc#0" [stack: 0x000000ce72800000,0x000000ce72900000] [id=16800]
  0x000001e7ad932260 ConcurrentGCThread "G1 Refine#0" [stack: 0x000000ce72900000,0x000000ce72a00000] [id=8292]
  0x000001e80f399780 ConcurrentGCThread "G1 Refine#1" [stack: 0x000000ce73c00000,0x000000ce73d00000] [id=11056]
  0x000001e7ad933fa0 ConcurrentGCThread "G1 Service" [stack: 0x000000ce72a00000,0x000000ce72b00000] [id=2872]

Threads with active compile tasks:

VM state: synchronizing (normal execution)

VM Mutex/Monitor currently owned by a thread:  ([mutex/lock_event])
[0x000001e7ad892470] Metaspace_lock - owner thread: 0x000001e7ad8aa950
[0x000001e7ad8a4740] Threads_lock - owner thread: 0x000001e7ad966020

Heap address: 0x00000000c2000000, size: 992 MB, Compressed Oops mode: 32-bit

CDS archive(s) mapped at: [0x000001e7c9000000-0x000001e7c9bd0000-0x000001e7c9bd0000), size 12386304, SharedBaseAddress: 0x000001e7c9000000, ArchiveRelocationMode: 1.
Compressed class space mapped at: 0x000001e7ca000000-0x000001e80a000000, reserved size: 1073741824
Narrow klass base: 0x000001e7c9000000, Narrow klass shift: 0, Narrow klass range: 0x100000000

GC Precious Log:
 CPUs: 4 total, 4 available
 Memory: 3962M
 Large Page Support: Disabled
 NUMA Support: Disabled
 Compressed Oops: Enabled (32-bit)
 Heap Region Size: 1M
 Heap Min Capacity: 8M
 Heap Initial Capacity: 62M
 Heap Max Capacity: 992M
 Pre-touch: Disabled
 Parallel Workers: 4
 Concurrent Workers: 1
 Concurrent Refinement Workers: 4
 Periodic GC: Disabled

Heap:
 garbage-first heap   total 63488K, used 47811K [0x00000000c2000000, 0x0000000100000000)
  region size 1024K, 31 young (31744K), 4 survivors (4096K)
 Metaspace       used 20252K, committed 20544K, reserved 1114112K
  class space    used 2329K, committed 2496K, reserved 1048576K

Heap Regions: E=young(eden), S=young(survivor), O=old, HS=humongous(starts), HC=humongous(continues), CS=collection set, F=free, OA=open archive, CA=closed archive, TAMS=top-at-mark-start (previous, next)
|   0|0x00000000c2000000, 0x00000000c2100000, 0x00000000c2100000|100%| O|  |TAMS 0x00000000c2000000, 0x00000000c2000000| Untracked 
|   1|0x00000000c2100000, 0x00000000c2200000, 0x00000000c2200000|100%| O|  |TAMS 0x00000000c2100000, 0x00000000c2100000| Untracked 
|   2|0x00000000c2200000, 0x00000000c2300000, 0x00000000c2300000|100%| O|  |TAMS 0x00000000c2200000, 0x00000000c2200000| Untracked 
|   3|0x00000000c2300000, 0x00000000c2400000, 0x00000000c2400000|100%| O|  |TAMS 0x00000000c2300000, 0x00000000c2300000| Untracked 
|   4|0x00000000c2400000, 0x00000000c2500000, 0x00000000c2500000|100%| O|  |TAMS 0x00000000c2400000, 0x00000000c2400000| Untracked 
|   5|0x00000000c2500000, 0x00000000c2600000, 0x00000000c2600000|100%| O|  |TAMS 0x00000000c2500000, 0x00000000c2500000| Untracked 
|   6|0x00000000c2600000, 0x00000000c2700000, 0x00000000c2700000|100%| O|  |TAMS 0x00000000c2600000, 0x00000000c2600000| Untracked 
|   7|0x00000000c2700000, 0x00000000c2800000, 0x00000000c2800000|100%| O|  |TAMS 0x00000000c2700000, 0x00000000c2700000| Untracked 
|   8|0x00000000c2800000, 0x00000000c2900000, 0x00000000c2900000|100%| O|  |TAMS 0x00000000c2800000, 0x00000000c2800000| Untracked 
|   9|0x00000000c2900000, 0x00000000c2a00000, 0x00000000c2a00000|100%| O|  |TAMS 0x00000000c2900000, 0x00000000c2900000| Untracked 
|  10|0x00000000c2a00000, 0x00000000c2b00000, 0x00000000c2b00000|100%| O|  |TAMS 0x00000000c2a00000, 0x00000000c2a00000| Untracked 
|  11|0x00000000c2b00000, 0x00000000c2c00000, 0x00000000c2c00000|100%| O|  |TAMS 0x00000000c2b00000, 0x00000000c2b00000| Untracked 
|  12|0x00000000c2c00000, 0x00000000c2cce200, 0x00000000c2d00000| 80%| O|  |TAMS 0x00000000c2c00000, 0x00000000c2c00000| Untracked 
|  13|0x00000000c2d00000, 0x00000000c2e00000, 0x00000000c2e00000|100%|HS|  |TAMS 0x00000000c2d00000, 0x00000000c2d00000| Complete 
|  14|0x00000000c2e00000, 0x00000000c2f00000, 0x00000000c2f00000|100%|HC|  |TAMS 0x00000000c2e00000, 0x00000000c2e00000| Complete 
|  15|0x00000000c2f00000, 0x00000000c3000000, 0x00000000c3000000|100%|HS|  |TAMS 0x00000000c2f00000, 0x00000000c2f00000| Complete 
|  16|0x00000000c3000000, 0x00000000c3100000, 0x00000000c3100000|100%|HC|  |TAMS 0x00000000c3000000, 0x00000000c3000000| Complete 
|  17|0x00000000c3100000, 0x00000000c3100000, 0x00000000c3200000|  0%| F|  |TAMS 0x00000000c3100000, 0x00000000c3100000| Untracked 
|  18|0x00000000c3200000, 0x00000000c3200000, 0x00000000c3300000|  0%| F|  |TAMS 0x00000000c3200000, 0x00000000c3200000| Untracked 
|  19|0x00000000c3300000, 0x00000000c3300000, 0x00000000c3400000|  0%| F|  |TAMS 0x00000000c3300000, 0x00000000c3300000| Untracked 
|  20|0x00000000c3400000, 0x00000000c3400000, 0x00000000c3500000|  0%| F|  |TAMS 0x00000000c3400000, 0x00000000c3400000| Untracked 
|  21|0x00000000c3500000, 0x00000000c3500000, 0x00000000c3600000|  0%| F|  |TAMS 0x00000000c3500000, 0x00000000c3500000| Untracked 
|  22|0x00000000c3600000, 0x00000000c3600000, 0x00000000c3700000|  0%| F|  |TAMS 0x00000000c3600000, 0x00000000c3600000| Untracked 
|  23|0x00000000c3700000, 0x00000000c3700000, 0x00000000c3800000|  0%| F|  |TAMS 0x00000000c3700000, 0x00000000c3700000| Untracked 
|  24|0x00000000c3800000, 0x00000000c38e2c40, 0x00000000c3900000| 88%| S|CS|TAMS 0x00000000c3800000, 0x00000000c3800000| Complete 
|  25|0x00000000c3900000, 0x00000000c3a00000, 0x00000000c3a00000|100%| S|CS|TAMS 0x00000000c3900000, 0x00000000c3900000| Complete 
|  26|0x00000000c3a00000, 0x00000000c3b00000, 0x00000000c3b00000|100%| S|CS|TAMS 0x00000000c3a00000, 0x00000000c3a00000| Complete 
|  27|0x00000000c3b00000, 0x00000000c3b00000, 0x00000000c3c00000|  0%| F|  |TAMS 0x00000000c3b00000, 0x00000000c3b00000| Untracked 
|  28|0x00000000c3c00000, 0x00000000c3c00000, 0x00000000c3d00000|  0%| F|  |TAMS 0x00000000c3c00000, 0x00000000c3c00000| Untracked 
|  29|0x00000000c3d00000, 0x00000000c3e00000, 0x00000000c3e00000|100%| S|CS|TAMS 0x00000000c3d00000, 0x00000000c3d00000| Complete 
|  30|0x00000000c3e00000, 0x00000000c3e00000, 0x00000000c3f00000|  0%| F|  |TAMS 0x00000000c3e00000, 0x00000000c3e00000| Untracked 
|  31|0x00000000c3f00000, 0x00000000c3f00000, 0x00000000c4000000|  0%| F|  |TAMS 0x00000000c3f00000, 0x00000000c3f00000| Untracked 
|  32|0x00000000c4000000, 0x00000000c4000000, 0x00000000c4100000|  0%| F|  |TAMS 0x00000000c4000000, 0x00000000c4000000| Untracked 
|  33|0x00000000c4100000, 0x00000000c4100000, 0x00000000c4200000|  0%| F|  |TAMS 0x00000000c4100000, 0x00000000c4100000| Untracked 
|  34|0x00000000c4200000, 0x00000000c4200000, 0x00000000c4300000|  0%| F|  |TAMS 0x00000000c4200000, 0x00000000c4200000| Untracked 
|  35|0x00000000c4300000, 0x00000000c4400000, 0x00000000c4400000|100%| E|  |TAMS 0x00000000c4300000, 0x00000000c4300000| Complete 
|  36|0x00000000c4400000, 0x00000000c4500000, 0x00000000c4500000|100%| E|CS|TAMS 0x00000000c4400000, 0x00000000c4400000| Complete 
|  37|0x00000000c4500000, 0x00000000c4600000, 0x00000000c4600000|100%| E|CS|TAMS 0x00000000c4500000, 0x00000000c4500000| Complete 
|  38|0x00000000c4600000, 0x00000000c4700000, 0x00000000c4700000|100%| E|CS|TAMS 0x00000000c4600000, 0x00000000c4600000| Complete 
|  39|0x00000000c4700000, 0x00000000c4800000, 0x00000000c4800000|100%| E|CS|TAMS 0x00000000c4700000, 0x00000000c4700000| Complete 
|  40|0x00000000c4800000, 0x00000000c4900000, 0x00000000c4900000|100%| E|CS|TAMS 0x00000000c4800000, 0x00000000c4800000| Complete 
|  41|0x00000000c4900000, 0x00000000c4a00000, 0x00000000c4a00000|100%| E|CS|TAMS 0x00000000c4900000, 0x00000000c4900000| Complete 
|  42|0x00000000c4a00000, 0x00000000c4b00000, 0x00000000c4b00000|100%| E|CS|TAMS 0x00000000c4a00000, 0x00000000c4a00000| Complete 
|  43|0x00000000c4b00000, 0x00000000c4c00000, 0x00000000c4c00000|100%| E|CS|TAMS 0x00000000c4b00000, 0x00000000c4b00000| Complete 
|  44|0x00000000c4c00000, 0x00000000c4d00000, 0x00000000c4d00000|100%| E|CS|TAMS 0x00000000c4c00000, 0x00000000c4c00000| Complete 
|  45|0x00000000c4d00000, 0x00000000c4e00000, 0x00000000c4e00000|100%| E|CS|TAMS 0x00000000c4d00000, 0x00000000c4d00000| Complete 
|  46|0x00000000c4e00000, 0x00000000c4f00000, 0x00000000c4f00000|100%| E|CS|TAMS 0x00000000c4e00000, 0x00000000c4e00000| Complete 
|  47|0x00000000c4f00000, 0x00000000c5000000, 0x00000000c5000000|100%| E|CS|TAMS 0x00000000c4f00000, 0x00000000c4f00000| Complete 
|  48|0x00000000c5000000, 0x00000000c5100000, 0x00000000c5100000|100%| E|CS|TAMS 0x00000000c5000000, 0x00000000c5000000| Complete 
|  49|0x00000000c5100000, 0x00000000c5200000, 0x00000000c5200000|100%| E|CS|TAMS 0x00000000c5100000, 0x00000000c5100000| Complete 
|  50|0x00000000c5200000, 0x00000000c5300000, 0x00000000c5300000|100%| E|CS|TAMS 0x00000000c5200000, 0x00000000c5200000| Complete 
|  51|0x00000000c5300000, 0x00000000c5400000, 0x00000000c5400000|100%| E|CS|TAMS 0x00000000c5300000, 0x00000000c5300000| Complete 
|  52|0x00000000c5400000, 0x00000000c5500000, 0x00000000c5500000|100%| E|CS|TAMS 0x00000000c5400000, 0x00000000c5400000| Complete 
|  53|0x00000000c5500000, 0x00000000c5600000, 0x00000000c5600000|100%| E|CS|TAMS 0x00000000c5500000, 0x00000000c5500000| Complete 
|  54|0x00000000c5600000, 0x00000000c5700000, 0x00000000c5700000|100%| E|CS|TAMS 0x00000000c5600000, 0x00000000c5600000| Complete 
|  55|0x00000000c5700000, 0x00000000c5800000, 0x00000000c5800000|100%| E|CS|TAMS 0x00000000c5700000, 0x00000000c5700000| Complete 
|  56|0x00000000c5800000, 0x00000000c5900000, 0x00000000c5900000|100%| E|CS|TAMS 0x00000000c5800000, 0x00000000c5800000| Complete 
|  57|0x00000000c5900000, 0x00000000c5a00000, 0x00000000c5a00000|100%| E|CS|TAMS 0x00000000c5900000, 0x00000000c5900000| Complete 
|  58|0x00000000c5a00000, 0x00000000c5b00000, 0x00000000c5b00000|100%| E|CS|TAMS 0x00000000c5a00000, 0x00000000c5a00000| Complete 
|  59|0x00000000c5b00000, 0x00000000c5c00000, 0x00000000c5c00000|100%| E|CS|TAMS 0x00000000c5b00000, 0x00000000c5b00000| Complete 
|  60|0x00000000c5c00000, 0x00000000c5d00000, 0x00000000c5d00000|100%| E|CS|TAMS 0x00000000c5c00000, 0x00000000c5c00000| Complete 
|  61|0x00000000c5d00000, 0x00000000c5e00000, 0x00000000c5e00000|100%| E|CS|TAMS 0x00000000c5d00000, 0x00000000c5d00000| Complete 

Card table byte_map: [0x000001e7c43c0000,0x000001e7c45b0000] _byte_map_base: 0x000001e7c3db0000

Marking Bits (Prev, Next): (CMBitMap*) 0x000001e7ad8e57d0, (CMBitMap*) 0x000001e7ad8e5810
 Prev Bits: [0x000001e7c47a0000, 0x000001e7c5720000)
 Next Bits: [0x000001e7c5720000, 0x000001e7c66a0000)

Polling page: 0x000001e7ab750000

Metaspace:

Usage:
  Non-class:     17.50 MB used.
      Class:      2.27 MB used.
       Both:     19.78 MB used.

Virtual space:
  Non-class space:       64.00 MB reserved,      17.62 MB ( 28%) committed,  1 nodes.
      Class space:        1.00 GB reserved,       2.44 MB ( <1%) committed,  1 nodes.
             Both:        1.06 GB reserved,      20.06 MB (  2%) committed. 

Chunk freelists:
   Non-Class:  14.05 MB
       Class:  13.50 MB
        Both:  27.55 MB

MaxMetaspaceSize: unlimited
CompressedClassSpaceSize: 1.00 GB
Initial GC threshold: 21.00 MB
Current GC threshold: 21.00 MB
CDS: on
MetaspaceReclaimPolicy: balanced
 - commit_granule_bytes: 65536.
 - commit_granule_words: 8192.
 - virtual_space_node_default_size: 8388608.
 - enlarge_chunks_in_place: 1.
 - new_chunks_are_fully_committed: 0.
 - uncommit_free_chunks: 1.
 - use_allocation_guard: 0.
 - handle_deallocations: 1.


Internal statistics:

num_allocs_failed_limit: 0.
num_arena_births: 154.
num_arena_deaths: 0.
num_vsnodes_births: 2.
num_vsnodes_deaths: 0.
num_space_committed: 321.
num_space_uncommitted: 0.
num_chunks_returned_to_freelist: 0.
num_chunks_taken_from_freelist: 916.
num_chunk_merges: 0.
num_chunk_splits: 601.
num_chunks_enlarged: 453.
num_inconsistent_stats: 0.

CodeHeap 'non-profiled nmethods': size=120000Kb used=2852Kb max_used=2852Kb free=117148Kb
 bounds [0x000001e7bcca0000, 0x000001e7bcf70000, 0x000001e7c41d0000]
CodeHeap 'profiled nmethods': size=120000Kb used=11131Kb max_used=11131Kb free=108868Kb
 bounds [0x000001e7b51d0000, 0x000001e7b5cb0000, 0x000001e7bc700000]
CodeHeap 'non-nmethods': size=5760Kb used=1192Kb max_used=1247Kb free=4568Kb
 bounds [0x000001e7bc700000, 0x000001e7bc970000, 0x000001e7bcca0000]
 total_blobs=5559 nmethods=5075 adapters=396
 compilation: enabled
              stopped_count=0, restarted_count=0
 full_count=0

Compilation events (20 events):
Event: 33.326 Thread 0x000001e7c8b00330 5066       3       java.util.Arrays::hashCode (44 bytes)
Event: 33.327 Thread 0x000001e7c8b00330 nmethod 5066 0x000001e7b5cab610 code [0x000001e7b5cab7c0, 0x000001e7b5cab9d8]
Event: 33.328 Thread 0x000001e7c8aff480 5067       4       jdk.nio.zipfs.ZipFileSystem$IndexNode::<init> (113 bytes)
Event: 33.365 Thread 0x000001e7c8aff480 nmethod 5067 0x000001e7bcf67490 code [0x000001e7bcf67640, 0x000001e7bcf68218]
Event: 33.365 Thread 0x000001e7c8aff480 5068       4       java.util.Arrays::hashCode (44 bytes)
Event: 33.370 Thread 0x000001e7c8aff480 nmethod 5068 0x000001e7bcf68690 code [0x000001e7bcf68800, 0x000001e7bcf68998]
Event: 33.400 Thread 0x000001e7c8aff480 5069 %     4       java.util.LinkedHashMap::valuesToArray @ 10 (38 bytes)
Event: 33.407 Thread 0x000001e7c8aff480 nmethod 5069% 0x000001e7bcf68a90 code [0x000001e7bcf68c20, 0x000001e7bcf68f18]
Event: 33.441 Thread 0x000001e7c8b00330 5070       3       jdk.internal.jimage.ImageLocation::getContentOffset (6 bytes)
Event: 33.442 Thread 0x000001e7c8b00330 nmethod 5070 0x000001e7b5cabb10 code [0x000001e7b5cabcc0, 0x000001e7b5cabe08]
Event: 33.442 Thread 0x000001e7c8b00330 5071       3       jdk.internal.jimage.ImageLocation::getCompressedSize (7 bytes)
Event: 33.442 Thread 0x000001e7c8b00330 nmethod 5071 0x000001e7b5cabe90 code [0x000001e7b5cac040, 0x000001e7b5cac188]
Event: 33.442 Thread 0x000001e7c8b00330 5072       3       jdk.internal.jimage.ImageLocation::getUncompressedSize (7 bytes)
Event: 33.442 Thread 0x000001e7c8b00330 nmethod 5072 0x000001e7b5cac210 code [0x000001e7b5cac3c0, 0x000001e7b5cac508]
Event: 33.447 Thread 0x000001e7c8b00330 5073       3       java.lang.ClassLoader::defineClass (108 bytes)
Event: 33.449 Thread 0x000001e7c8b00330 nmethod 5073 0x000001e7b5cac590 code [0x000001e7b5cac880, 0x000001e7b5cad898]
Event: 33.458 Thread 0x000001e7c8b00330 5074       3       jdk.internal.module.SystemModuleFinders$SystemModuleReader::release (10 bytes)
Event: 33.459 Thread 0x000001e7c8b00330 nmethod 5074 0x000001e7b5cade90 code [0x000001e7b5cae080, 0x000001e7b5cae518]
Event: 33.459 Thread 0x000001e7c8b00330 5075       3       jdk.internal.jimage.ImageReader::releaseByteBuffer (5 bytes)
Event: 33.459 Thread 0x000001e7c8b00330 nmethod 5075 0x000001e7b5cae710 code [0x000001e7b5cae8c0, 0x000001e7b5caeb88]

GC Heap History (16 events):
Event: 3.270 GC heap before
{Heap before GC invocations=0 (full 0):
 garbage-first heap   total 63488K, used 13312K [0x00000000c2000000, 0x0000000100000000)
  region size 1024K, 13 young (13312K), 0 survivors (0K)
 Metaspace       used 2753K, committed 2880K, reserved 1114112K
  class space    used 282K, committed 320K, reserved 1048576K
}
Event: 3.277 GC heap after
{Heap after GC invocations=1 (full 0):
 garbage-first heap   total 63488K, used 3068K [0x00000000c2000000, 0x0000000100000000)
  region size 1024K, 2 young (2048K), 2 survivors (2048K)
 Metaspace       used 2753K, committed 2880K, reserved 1114112K
  class space    used 282K, committed 320K, reserved 1048576K
}
Event: 5.057 GC heap before
{Heap before GC invocations=1 (full 0):
 garbage-first heap   total 63488K, used 15356K [0x00000000c2000000, 0x0000000100000000)
  region size 1024K, 14 young (14336K), 2 survivors (2048K)
 Metaspace       used 5328K, committed 5440K, reserved 1114112K
  class space    used 634K, committed 704K, reserved 1048576K
}
Event: 5.065 GC heap after
{Heap after GC invocations=2 (full 0):
 garbage-first heap   total 63488K, used 3687K [0x00000000c2000000, 0x0000000100000000)
  region size 1024K, 1 young (1024K), 1 survivors (1024K)
 Metaspace       used 5328K, committed 5440K, reserved 1114112K
  class space    used 634K, committed 704K, reserved 1048576K
}
Event: 6.908 GC heap before
{Heap before GC invocations=2 (full 0):
 garbage-first heap   total 63488K, used 28263K [0x00000000c2000000, 0x0000000100000000)
  region size 1024K, 25 young (25600K), 1 survivors (1024K)
 Metaspace       used 6943K, committed 7104K, reserved 1114112K
  class space    used 831K, committed 896K, reserved 1048576K
}
Event: 6.913 GC heap after
{Heap after GC invocations=3 (full 0):
 garbage-first heap   total 63488K, used 4252K [0x00000000c2000000, 0x0000000100000000)
  region size 1024K, 2 young (2048K), 2 survivors (2048K)
 Metaspace       used 6943K, committed 7104K, reserved 1114112K
  class space    used 831K, committed 896K, reserved 1048576K
}
Event: 9.766 GC heap before
{Heap before GC invocations=3 (full 0):
 garbage-first heap   total 63488K, used 40092K [0x00000000c2000000, 0x0000000100000000)
  region size 1024K, 37 young (37888K), 2 survivors (2048K)
 Metaspace       used 11630K, committed 11840K, reserved 1114112K
  class space    used 1442K, committed 1536K, reserved 1048576K
}
Event: 9.779 GC heap after
{Heap after GC invocations=4 (full 0):
 garbage-first heap   total 63488K, used 6293K [0x00000000c2000000, 0x0000000100000000)
  region size 1024K, 4 young (4096K), 4 survivors (4096K)
 Metaspace       used 11630K, committed 11840K, reserved 1114112K
  class space    used 1442K, committed 1536K, reserved 1048576K
}
Event: 14.524 GC heap before
{Heap before GC invocations=4 (full 0):
 garbage-first heap   total 63488K, used 40085K [0x00000000c2000000, 0x0000000100000000)
  region size 1024K, 37 young (37888K), 4 survivors (4096K)
 Metaspace       used 14677K, committed 14912K, reserved 1114112K
  class space    used 1773K, committed 1856K, reserved 1048576K
}
Event: 14.548 GC heap after
{Heap after GC invocations=5 (full 0):
 garbage-first heap   total 63488K, used 10147K [0x00000000c2000000, 0x0000000100000000)
  region size 1024K, 5 young (5120K), 5 survivors (5120K)
 Metaspace       used 14677K, committed 14912K, reserved 1114112K
  class space    used 1773K, committed 1856K, reserved 1048576K
}
Event: 18.849 GC heap before
{Heap before GC invocations=5 (full 0):
 garbage-first heap   total 63488K, used 42915K [0x00000000c2000000, 0x0000000100000000)
  region size 1024K, 37 young (37888K), 5 survivors (5120K)
 Metaspace       used 15458K, committed 15616K, reserved 1114112K
  class space    used 1845K, committed 1920K, reserved 1048576K
}
Event: 18.876 GC heap after
{Heap after GC invocations=6 (full 0):
 garbage-first heap   total 63488K, used 13158K [0x00000000c2000000, 0x0000000100000000)
  region size 1024K, 3 young (3072K), 3 survivors (3072K)
 Metaspace       used 15458K, committed 15616K, reserved 1114112K
  class space    used 1845K, committed 1920K, reserved 1048576K
}
Event: 22.154 GC heap before
{Heap before GC invocations=6 (full 0):
 garbage-first heap   total 63488K, used 45926K [0x00000000c2000000, 0x0000000100000000)
  region size 1024K, 35 young (35840K), 3 survivors (3072K)
 Metaspace       used 15792K, committed 16000K, reserved 1114112K
  class space    used 1847K, committed 1920K, reserved 1048576K
}
Event: 22.171 GC heap after
{Heap after GC invocations=7 (full 0):
 garbage-first heap   total 63488K, used 15160K [0x00000000c2000000, 0x0000000100000000)
  region size 1024K, 2 young (2048K), 2 survivors (2048K)
 Metaspace       used 15792K, committed 16000K, reserved 1114112K
  class space    used 1847K, committed 1920K, reserved 1048576K
}
Event: 29.103 GC heap before
{Heap before GC invocations=7 (full 0):
 garbage-first heap   total 63488K, used 47928K [0x00000000c2000000, 0x0000000100000000)
  region size 1024K, 34 young (34816K), 2 survivors (2048K)
 Metaspace       used 17268K, committed 17536K, reserved 1114112K
  class space    used 1999K, committed 2176K, reserved 1048576K
}
Event: 29.116 GC heap after
{Heap after GC invocations=8 (full 0):
 garbage-first heap   total 63488K, used 17091K [0x00000000c2000000, 0x0000000100000000)
  region size 1024K, 4 young (4096K), 4 survivors (4096K)
 Metaspace       used 17268K, committed 17536K, reserved 1114112K
  class space    used 1999K, committed 2176K, reserved 1048576K
}

Deoptimization events (20 events):
Event: 32.475 Thread 0x000001e7ad8aa950 DEOPT PACKING pc=0x000001e7b5c718e8 sp=0x000000ce725fc890
Event: 32.475 Thread 0x000001e7ad8aa950 DEOPT UNPACKING pc=0x000001e7bc752b43 sp=0x000000ce725fbd20 mode 0
Event: 32.483 Thread 0x000001e7ad8aa950 DEOPT PACKING pc=0x000001e7b5c718e8 sp=0x000000ce725fc890
Event: 32.483 Thread 0x000001e7ad8aa950 DEOPT UNPACKING pc=0x000001e7bc752b43 sp=0x000000ce725fbd20 mode 0
Event: 33.088 Thread 0x000001e7ad8aa950 Uncommon trap: trap_request=0xffffff45 fr.pc=0x000001e7bcf09d08 relative=0x0000000000001148
Event: 33.088 Thread 0x000001e7ad8aa950 Uncommon trap: reason=unstable_if action=reinterpret pc=0x000001e7bcf09d08 method=java.lang.String.<init>([BIILjava/nio/charset/Charset;)V @ 325 c2
Event: 33.088 Thread 0x000001e7ad8aa950 DEOPT PACKING pc=0x000001e7bcf09d08 sp=0x000000ce725fc320
Event: 33.089 Thread 0x000001e7ad8aa950 DEOPT UNPACKING pc=0x000001e7bc7523a3 sp=0x000000ce725fc308 mode 2
Event: 33.297 Thread 0x000001e7ad8aa950 Uncommon trap: trap_request=0xffffffde fr.pc=0x000001e7bcecf07c relative=0x000000000000015c
Event: 33.297 Thread 0x000001e7ad8aa950 Uncommon trap: reason=class_check action=maybe_recompile pc=0x000001e7bcecf07c method=java.util.stream.StreamOpFlag.fromCharacteristics(Ljava/util/Spliterator;)I @ 14 c2
Event: 33.297 Thread 0x000001e7ad8aa950 DEOPT PACKING pc=0x000001e7bcecf07c sp=0x000000ce725fcf40
Event: 33.297 Thread 0x000001e7ad8aa950 DEOPT UNPACKING pc=0x000001e7bc7523a3 sp=0x000000ce725fce90 mode 2
Event: 33.318 Thread 0x000001e7ad8aa950 Uncommon trap: trap_request=0xffffff45 fr.pc=0x000001e7bcf5d750 relative=0x0000000000000150
Event: 33.318 Thread 0x000001e7ad8aa950 Uncommon trap: reason=unstable_if action=reinterpret pc=0x000001e7bcf5d750 method=java.util.Arrays.hashCode([B)I @ 1 c2
Event: 33.318 Thread 0x000001e7ad8aa950 DEOPT PACKING pc=0x000001e7bcf5d750 sp=0x000000ce725fd0d0
Event: 33.318 Thread 0x000001e7ad8aa950 DEOPT UNPACKING pc=0x000001e7bc7523a3 sp=0x000000ce725fd040 mode 2
Event: 33.321 Thread 0x000001e7ad8aa950 Uncommon trap: trap_request=0xffffff45 fr.pc=0x000001e7bcf5f180 relative=0x00000000000000e0
Event: 33.321 Thread 0x000001e7ad8aa950 Uncommon trap: reason=unstable_if action=reinterpret pc=0x000001e7bcf5f180 method=jdk.nio.zipfs.ZipConstants.pkSigAt([BIII)Z @ 5 c2
Event: 33.321 Thread 0x000001e7ad8aa950 DEOPT PACKING pc=0x000001e7bcf5f180 sp=0x000000ce725fcf20
Event: 33.321 Thread 0x000001e7ad8aa950 DEOPT UNPACKING pc=0x000001e7bc7523a3 sp=0x000000ce725fcec8 mode 2

Classes unloaded (0 events):
No events

Classes redefined (0 events):
No events

Internal exceptions (20 events):
Event: 24.590 Thread 0x000001e7ad8aa950 Implicit null exception at 0x000001e7bce92533 to 0x000001e7bce92cb8
Event: 24.607 Thread 0x000001e7ad8aa950 Exception <a 'java/lang/NoSuchMethodError'{0x00000000c4ccff40}: 'int java.lang.invoke.DirectMethodHandle$Holder.invokeVirtual(java.lang.Object, java.lang.Object)'> (0x00000000c4ccff40) 
thrown [s\open\src\hotspot\share\interpreter\linkResolver.cpp, line 759]
Event: 24.822 Thread 0x000001e7ad8aa950 Implicit null exception at 0x000001e7bce76960 to 0x000001e7bce769fa
Event: 28.241 Thread 0x000001e7ad8aa950 Exception <a 'sun/nio/fs/WindowsException'{0x00000000c49b06c0}> (0x00000000c49b06c0) 
thrown [s\open\src\hotspot\share\prims\jni.cpp, line 516]
Event: 28.243 Thread 0x000001e7ad8aa950 Exception <a 'sun/nio/fs/WindowsException'{0x00000000c49b0cc8}> (0x00000000c49b0cc8) 
thrown [s\open\src\hotspot\share\prims\jni.cpp, line 516]
Event: 28.243 Thread 0x000001e7ad8aa950 Exception <a 'sun/nio/fs/WindowsException'{0x00000000c49b0fb0}> (0x00000000c49b0fb0) 
thrown [s\open\src\hotspot\share\prims\jni.cpp, line 516]
Event: 28.243 Thread 0x000001e7ad8aa950 Exception <a 'sun/nio/fs/WindowsException'{0x00000000c49b1bb8}> (0x00000000c49b1bb8) 
thrown [s\open\src\hotspot\share\prims\jni.cpp, line 516]
Event: 28.243 Thread 0x000001e7ad8aa950 Exception <a 'sun/nio/fs/WindowsException'{0x00000000c49b21a8}> (0x00000000c49b21a8) 
thrown [s\open\src\hotspot\share\prims\jni.cpp, line 516]
Event: 28.244 Thread 0x000001e7ad8aa950 Exception <a 'sun/nio/fs/WindowsException'{0x00000000c49b24a8}> (0x00000000c49b24a8) 
thrown [s\open\src\hotspot\share\prims\jni.cpp, line 516]
Event: 28.244 Thread 0x000001e7ad8aa950 Exception <a 'sun/nio/fs/WindowsException'{0x00000000c49b30a0}> (0x00000000c49b30a0) 
thrown [s\open\src\hotspot\share\prims\jni.cpp, line 516]
Event: 28.244 Thread 0x000001e7ad8aa950 Exception <a 'sun/nio/fs/WindowsException'{0x00000000c49b3690}> (0x00000000c49b3690) 
thrown [s\open\src\hotspot\share\prims\jni.cpp, line 516]
Event: 28.244 Thread 0x000001e7ad8aa950 Exception <a 'sun/nio/fs/WindowsException'{0x00000000c49b3978}> (0x00000000c49b3978) 
thrown [s\open\src\hotspot\share\prims\jni.cpp, line 516]
Event: 29.001 Thread 0x000001e7ad8aa950 Exception <a 'java/lang/NoSuchMethodError'{0x00000000c3fbe1b8}: 'int java.lang.invoke.DirectMethodHandle$Holder.invokeStatic(java.lang.Object, java.lang.Object, int)'> (0x00000000c3fbe1b8) 
thrown [s\open\src\hotspot\share\interpreter\linkResolver.cpp, line 759]
Event: 30.362 Thread 0x000001e7ad8aa950 Exception <a 'sun/nio/fs/WindowsException'{0x00000000c515e648}> (0x00000000c515e648) 
thrown [s\open\src\hotspot\share\prims\jni.cpp, line 516]
Event: 30.489 Thread 0x000001e7ad8aa950 Exception <a 'java/lang/IncompatibleClassChangeError'{0x00000000c519cb00}: Found class java.lang.Object, but interface was expected> (0x00000000c519cb00) 
thrown [s\open\src\hotspot\share\interpreter\linkResolver.cpp, line 826]
Event: 30.493 Thread 0x000001e7ad8aa950 Exception <a 'java/lang/NoSuchMethodError'{0x00000000c51a2860}: 'void java.lang.invoke.DirectMethodHandle$Holder.invokeInterface(java.lang.Object, java.lang.Object, java.lang.Object)'> (0x00000000c51a2860) 
thrown [s\open\src\hotspot\share\interpreter\linkResolver.cpp, line 759]
Event: 31.473 Thread 0x000001e7ad8aa950 Exception <a 'java/lang/NoSuchMethodError'{0x00000000c4e615a8}: 'int java.lang.invoke.DirectMethodHandle$Holder.invokeInterface(java.lang.Object, java.lang.Object)'> (0x00000000c4e615a8) 
thrown [s\open\src\hotspot\share\interpreter\linkResolver.cpp, line 759]
Event: 32.502 Thread 0x000001e7ad8aa950 Exception <a 'java/lang/NoSuchMethodError'{0x00000000c4a520f8}: 'int java.lang.invoke.DirectMethodHandle$Holder.invokeVirtual(java.lang.Object, java.lang.Object, java.lang.Object)'> (0x00000000c4a520f8) 
thrown [s\open\src\hotspot\share\interpreter\linkResolver.cpp, line 759]
Event: 32.515 Thread 0x000001e7ad8aa950 Exception <a 'java/lang/NoSuchMethodError'{0x00000000c4a60788}: 'int java.lang.invoke.DirectMethodHandle$Holder.invokeStaticInit(java.lang.Object, java.lang.Object, java.lang.Object)'> (0x00000000c4a60788) 
thrown [s\open\src\hotspot\share\interpreter\linkResolver.cpp, line 759]
Event: 33.318 Thread 0x000001e7ad8aa950 Implicit null exception at 0x000001e7bcf5d60c to 0x000001e7bcf5d742

VM Operations (20 events):
Event: 30.122 Executing VM operation: Cleanup
Event: 30.122 Executing VM operation: Cleanup done
Event: 30.606 Executing VM operation: HandshakeAllThreads
Event: 30.606 Executing VM operation: HandshakeAllThreads done
Event: 31.468 Executing VM operation: HandshakeAllThreads
Event: 31.468 Executing VM operation: HandshakeAllThreads done
Event: 31.468 Executing VM operation: Cleanup
Event: 31.468 Executing VM operation: Cleanup done
Event: 31.511 Executing VM operation: HandshakeAllThreads
Event: 31.511 Executing VM operation: HandshakeAllThreads done
Event: 32.514 Executing VM operation: Cleanup
Event: 32.514 Executing VM operation: Cleanup done
Event: 32.606 Executing VM operation: HandshakeAllThreads
Event: 32.606 Executing VM operation: HandshakeAllThreads done
Event: 32.621 Executing VM operation: HandshakeAllThreads
Event: 32.621 Executing VM operation: HandshakeAllThreads done
Event: 32.674 Executing VM operation: HandshakeAllThreads
Event: 32.674 Executing VM operation: HandshakeAllThreads done
Event: 32.676 Executing VM operation: HandshakeAllThreads
Event: 32.676 Executing VM operation: HandshakeAllThreads done

Events (20 events):
Event: 33.297 loading class java/util/TreeMap$TreeMapSpliterator done
Event: 33.297 loading class java/util/TreeMap$KeySpliterator done
Event: 33.460 loading class jdk/internal/jrtfs/JrtFileSystem
Event: 33.462 loading class jdk/internal/jrtfs/JrtFileSystem done
Event: 33.462 loading class jdk/internal/jrtfs/JrtPath
Event: 33.468 loading class jdk/internal/jrtfs/JrtPath done
Event: 33.468 loading class jdk/internal/jrtfs/SystemImage
Event: 33.472 loading class jdk/internal/jrtfs/SystemImage done
Event: 33.473 loading class java/lang/Class$Holder
Event: 33.475 loading class java/lang/Class$Holder done
Event: 33.475 loading class java/security/AllPermissionCollection
Event: 33.479 loading class java/security/AllPermissionCollection done
Event: 33.479 loading class jdk/internal/jrtfs/SystemImage$2
Event: 33.479 loading class jdk/internal/jrtfs/SystemImage$2 done
Event: 33.482 loading class jdk/internal/jimage/ImageReader$Directory
Event: 33.483 loading class jdk/internal/jimage/ImageReader$Node
Event: 33.486 loading class jdk/internal/jimage/ImageReader$Node done
Event: 33.486 loading class jdk/internal/jimage/ImageReader$Directory done
Event: 33.487 loading class jdk/internal/jrtfs/SystemImage$1
Event: 33.487 loading class jdk/internal/jrtfs/SystemImage$1 done


Dynamic libraries:
0x00007ff7c0260000 - 0x00007ff7c0270000 	C:\Program Files\Java\jdk-17.0.18\bin\java.exe
0x00007ffdbadf0000 - 0x00007ffdbafe8000 	C:\WINDOWS\SYSTEM32\ntdll.dll
0x00007ffdba8f0000 - 0x00007ffdba9b2000 	C:\WINDOWS\System32\KERNEL32.DLL
0x00007ffdb8550000 - 0x00007ffdb8846000 	C:\WINDOWS\System32\KERNELBASE.dll
0x00007ffdb8850000 - 0x00007ffdb8950000 	C:\WINDOWS\System32\ucrtbase.dll
0x00007ffd94c10000 - 0x00007ffd94c29000 	C:\Program Files\Java\jdk-17.0.18\bin\jli.dll
0x00007ffdb91c0000 - 0x00007ffdb9271000 	C:\WINDOWS\System32\ADVAPI32.dll
0x00007ffdba9c0000 - 0x00007ffdbaa5e000 	C:\WINDOWS\System32\msvcrt.dll
0x00007ffdba0e0000 - 0x00007ffdba17f000 	C:\WINDOWS\System32\sechost.dll
0x00007ffdb8fc0000 - 0x00007ffdb90e0000 	C:\WINDOWS\System32\RPCRT4.dll
0x00007ffdb8db0000 - 0x00007ffdb8dd7000 	C:\WINDOWS\System32\bcrypt.dll
0x00007ffdb8e10000 - 0x00007ffdb8fb1000 	C:\WINDOWS\System32\USER32.dll
0x00007ffdb8de0000 - 0x00007ffdb8e02000 	C:\WINDOWS\System32\win32u.dll
0x00007ffdba0a0000 - 0x00007ffdba0cb000 	C:\WINDOWS\System32\GDI32.dll
0x00007ffdb8c90000 - 0x00007ffdb8da9000 	C:\WINDOWS\System32\gdi32full.dll
0x00007ffdb8bf0000 - 0x00007ffdb8c8d000 	C:\WINDOWS\System32\msvcp_win.dll
0x00007ffd94550000 - 0x00007ffd9456e000 	C:\Program Files\Java\jdk-17.0.18\bin\VCRUNTIME140.dll
0x00007ffdab150000 - 0x00007ffdab3eb000 	C:\WINDOWS\WinSxS\amd64_microsoft.windows.common-controls_6595b64144ccf1df_6.0.19041.6456_none_60b8a6cb71f64256\COMCTL32.dll
0x00007ffdb3050000 - 0x00007ffdb305a000 	C:\WINDOWS\SYSTEM32\VERSION.dll
0x00007ffdb99d0000 - 0x00007ffdb99ff000 	C:\WINDOWS\System32\IMM32.DLL
0x00007ffda3bf0000 - 0x00007ffda3bfc000 	C:\Program Files\Java\jdk-17.0.18\bin\vcruntime140_1.dll
0x00007ffd92520000 - 0x00007ffd925ad000 	C:\Program Files\Java\jdk-17.0.18\bin\msvcp140.dll
0x00007ffd6abf0000 - 0x00007ffd6b7d4000 	C:\Program Files\Java\jdk-17.0.18\bin\server\jvm.dll
0x00007ffdb9730000 - 0x00007ffdb9738000 	C:\WINDOWS\System32\PSAPI.DLL
0x00007ffda9b60000 - 0x00007ffda9b69000 	C:\WINDOWS\SYSTEM32\WSOCK32.dll
0x00007ffdb9740000 - 0x00007ffdb97ab000 	C:\WINDOWS\System32\WS2_32.dll
0x00007ffda94d0000 - 0x00007ffda94f7000 	C:\WINDOWS\SYSTEM32\WINMM.dll
0x00007ffdb6c80000 - 0x00007ffdb6c92000 	C:\WINDOWS\SYSTEM32\kernel.appcore.dll
0x00007ffd999d0000 - 0x00007ffd999da000 	C:\Program Files\Java\jdk-17.0.18\bin\jimage.dll
0x00007ffdb6930000 - 0x00007ffdb6b31000 	C:\WINDOWS\SYSTEM32\DBGHELP.DLL
0x00007ffda0870000 - 0x00007ffda08a4000 	C:\WINDOWS\SYSTEM32\dbgcore.DLL
0x00007ffdb8b60000 - 0x00007ffdb8be2000 	C:\WINDOWS\System32\bcryptPrimitives.dll
0x00007ffd92b80000 - 0x00007ffd92ba6000 	C:\Program Files\Java\jdk-17.0.18\bin\java.dll
0x00007ffd80dd0000 - 0x00007ffd80ea7000 	C:\Program Files\Java\jdk-17.0.18\bin\jsvml.dll
0x00007ffdba180000 - 0x00007ffdba8f0000 	C:\WINDOWS\System32\SHELL32.dll
0x00007ffdb6180000 - 0x00007ffdb6925000 	C:\WINDOWS\SYSTEM32\windows.storage.dll
0x00007ffdb9280000 - 0x00007ffdb95d4000 	C:\WINDOWS\System32\combase.dll
0x00007ffdb7cf0000 - 0x00007ffdb7d1b000 	C:\WINDOWS\SYSTEM32\Wldp.dll
0x00007ffdbaa90000 - 0x00007ffdbab5d000 	C:\WINDOWS\System32\OLEAUT32.dll
0x00007ffdb9920000 - 0x00007ffdb99cd000 	C:\WINDOWS\System32\SHCORE.dll
0x00007ffdb95e0000 - 0x00007ffdb963b000 	C:\WINDOWS\System32\shlwapi.dll
0x00007ffdb83b0000 - 0x00007ffdb83d4000 	C:\WINDOWS\SYSTEM32\profapi.dll
0x00007ffd94490000 - 0x00007ffd944ab000 	C:\Program Files\Java\jdk-17.0.18\bin\net.dll
0x00007ffdaf990000 - 0x00007ffdafa9a000 	C:\WINDOWS\SYSTEM32\WINHTTP.dll
0x00007ffdb7ad0000 - 0x00007ffdb7b3a000 	C:\WINDOWS\system32\mswsock.dll
0x00007ffd92990000 - 0x00007ffd929a6000 	C:\Program Files\Java\jdk-17.0.18\bin\nio.dll
0x00007ffd92500000 - 0x00007ffd92518000 	C:\Program Files\Java\jdk-17.0.18\bin\zip.dll
0x00007ffd924d0000 - 0x00007ffd924f4000 	C:\Users\Om\.m2\wrapper\dists\apache-maven-3.9.16\0daed3be3ebd1c706f0e69e8b07c6b73f5cc4ea3dfce72a8d0ec2e849ca2ddb0\lib\jansi-native\Windows\x86_64\jansi.dll
0x00007ffd996d0000 - 0x00007ffd996e0000 	C:\Program Files\Java\jdk-17.0.18\bin\verify.dll

dbghelp: loaded successfully - version: 4.0.5 - missing functions: none
symbol engine: initialized successfully - sym options: 0x614 - pdb path: .;C:\Program Files\Java\jdk-17.0.18\bin;C:\WINDOWS\SYSTEM32;C:\WINDOWS\WinSxS\amd64_microsoft.windows.common-controls_6595b64144ccf1df_6.0.19041.6456_none_60b8a6cb71f64256;C:\Program Files\Java\jdk-17.0.18\bin\server;C:\Users\Om\.m2\wrapper\dists\apache-maven-3.9.16\0daed3be3ebd1c706f0e69e8b07c6b73f5cc4ea3dfce72a8d0ec2e849ca2ddb0\lib\jansi-native\Windows\x86_64

VM Arguments:
jvm_args: --enable-native-access=ALL-UNNAMED -Dclassworlds.conf=C:\Users\Om\.m2\wrapper\dists\apache-maven-3.9.16\0daed3be3ebd1c706f0e69e8b07c6b73f5cc4ea3dfce72a8d0ec2e849ca2ddb0\bin\m2.conf -Dmaven.home=C:\Users\Om\.m2\wrapper\dists\apache-maven-3.9.16\0daed3be3ebd1c706f0e69e8b07c6b73f5cc4ea3dfce72a8d0ec2e849ca2ddb0 -Dlibrary.jansi.path=C:\Users\Om\.m2\wrapper\dists\apache-maven-3.9.16\0daed3be3ebd1c706f0e69e8b07c6b73f5cc4ea3dfce72a8d0ec2e849ca2ddb0\lib\jansi-native -Dmaven.multiModuleProjectDirectory=H:\Billing System Project\Ajalkar-Billing-Website\backend 
java_command: org.codehaus.plexus.classworlds.launcher.Launcher clean compile
java_class_path (initial): C:\Users\Om\.m2\wrapper\dists\apache-maven-3.9.16\0daed3be3ebd1c706f0e69e8b07c6b73f5cc4ea3dfce72a8d0ec2e849ca2ddb0\boot\plexus-classworlds-2.11.0.jar
Launcher Type: SUN_STANDARD

[Global flags]
     intx CICompilerCount                          = 3                                         {product} {ergonomic}
     uint ConcGCThreads                            = 1                                         {product} {ergonomic}
     uint G1ConcRefinementThreads                  = 4                                         {product} {ergonomic}
   size_t G1HeapRegionSize                         = 1048576                                   {product} {ergonomic}
    uintx GCDrainStackTargetSize                   = 64                                        {product} {ergonomic}
   size_t InitialHeapSize                          = 65011712                                  {product} {ergonomic}
   size_t MarkStackSize                            = 4194304                                   {product} {ergonomic}
   size_t MaxHeapSize                              = 1040187392                                {product} {ergonomic}
   size_t MaxNewSize                               = 623902720                                 {product} {ergonomic}
   size_t MinHeapDeltaBytes                        = 1048576                                   {product} {ergonomic}
   size_t MinHeapSize                              = 8388608                                   {product} {ergonomic}
    uintx NonNMethodCodeHeapSize                   = 5832780                                {pd product} {ergonomic}
    uintx NonProfiledCodeHeapSize                  = 122912730                              {pd product} {ergonomic}
    uintx ProfiledCodeHeapSize                     = 122912730                              {pd product} {ergonomic}
    uintx ReservedCodeCacheSize                    = 251658240                              {pd product} {ergonomic}
     bool SegmentedCodeCache                       = true                                      {product} {ergonomic}
   size_t SoftMaxHeapSize                          = 1040187392                             {manageable} {ergonomic}
     bool UseCompressedClassPointers               = true                           {product lp64_product} {ergonomic}
     bool UseCompressedOops                        = true                           {product lp64_product} {ergonomic}
     bool UseG1GC                                  = true                                      {product} {ergonomic}
     bool UseLargePagesIndividualAllocation        = false                                  {pd product} {ergonomic}

Logging:
Log output configuration:
 #0: stdout all=warning uptime,level,tags
 #1: stderr all=off uptime,level,tags

Environment Variables:
JAVA_HOME=C:\Program Files\Java\jdk-17.0.18
PATH=C:\Program Files\Common Files\Oracle\Java\javapath;C:\Program Files\Eclipse Adoptium\jdk-21.0.10.7-hotspot\bin;E:\apache-maven-3.9.11\bin;C:\Program Files (x86)\Common Files\Oracle\Java\java8path;C:\Program Files (x86)\Common Files\Oracle\Java\javapath;C:\Python313\Scripts\;C:\Python313\;C:\WINDOWS\system32;C:\WINDOWS;C:\WINDOWS\System32\Wbem;C:\WINDOWS\System32\WindowsPowerShell\v1.0\;C:\WINDOWS\System32\OpenSSH\;F:\MongoDB\mongosh-2.3.3-win32-x64\mongosh-2.3.3-win32-x64\bin;C:\Program Files\Microsoft SQL Server\150\Tools\Binn\;C:\Program Files\MySQL\MySQL Server 8.0\bin;C:\Program Files\Git\cmd;C:\Program Files\nodejs\;C:\ProgramData\chocolatey\bin;C:\Program Files\nodejs;C:\Users\Om\AppData\Roaming\npm;D:\TypeScript\codes;C:\Program Files (x86)\Windows Kits\10\Windows Performance Toolkit\;C:\Program Files\Java\jdk-17\bin;C:\Program Files\Eclipse Adoptium\jre-11.0.28.6-hotspot\bin;C:\Program Files\Eclipse Adoptium\jdk-11.0.28.6-hotspot\bin;C:\Program Files\Amazon\AWSCLI\bin\;C:\Program Files\PuTTY\;C:\Program Files\Java\jdk-17\bin;C:\Program Files\Java\jdk1.8.0_111\bin;C:\Python313\Scripts\;C:\Python313\;C:\ProgramData\Oracle\Java\javapath;C:\app\Om\product\21c\dbhomeXE\bin;C:\WINDOWS\system32;C:\WINDOWS;C:\WINDOWS\System32\Wbem;C:\WINDOWS\System32\WindowsPowerShell\v1.0\;C:\WINDOWS\System32\OpenSSH\;F:\MongoDB\mongosh-2.3.3-win32-x64\mongosh-2.3.3-win32-x64\bin;C:\Program Files\Microsoft SQL Server\150\Tools\Binn\;C:\Program Files\MySQL\MySQL Server 8.0\bin;C:\Program Files\Git\cmd;C:\Program Files\nodejs\;C:\ProgramData\chocolatey\bin;C:\Program Files\nodejs;C:\Users\Om\AppData\Roaming\npm;D:\TypeScript\codes;C:\Program Files (x86)\Windows Kits\10\Windows Performance Toolkit\;E:\apache-maven-3.9.11\bin;C:\Program Files\MySQL\MySQL Shell 8.0\bin\;C:\Users\Om\AppData\Local\Microsoft\WindowsApps;C:\Users\Om\AppData\Local\Programs\Microsoft VS Code\bin;C:\Users\Om\AppData\Roaming\npm;C:\Users\Om\AppData\Local\Programs\Windsurf\bin;C:\Program Files\Java\jdk1.8.0_11
USERNAME=Om
OS=Windows_NT
PROCESSOR_IDENTIFIER=Intel64 Family 6 Model 142 Stepping 9, GenuineIntel



---------------  S Y S T E M  ---------------

OS:
 Windows 10 , 64 bit Build 19041 (10.0.19041.5915)
OS uptime: 0 days 2:41 hours
Hyper-V role detected

CPU: total 4 (initial active 4) (2 cores per cpu, 2 threads per core) family 6 model 142 stepping 9 microcode 0xb4, cx8, cmov, fxsr, ht, mmx, 3dnowpref, sse, sse2, sse3, ssse3, sse4.1, sse4.2, popcnt, lzcnt, tsc, tscinvbit, avx, avx2, aes, erms, clmul, bmi1, bmi2, adx, fma, vzeroupper, clflush, clflushopt, hv

Memory: 4k page, system-wide physical 3962M (192M free)
TotalPageFile size 16250M (AvailPageFile size 8M)
current process WorkingSet (physical memory assigned to process): 148M, peak: 149M
current process commit charge ("private bytes"): 186M, peak: 190M

vm_info: Java HotSpot(TM) 64-Bit Server VM (17.0.18+8-LTS-264) for windows-amd64 JRE (17.0.18+8-LTS-264), built on Dec 18 2025 09:51:58 by "mach5run" with MS VC++ 17.13 (VS2022)

END.
